Archive member included because of file (symbol)

contiki-redbee-econotag.a(rimeaddr.o)
                              obj_redbee-econotag/contiki-mc1322x-main.o (rimeaddr_copy)
contiki-redbee-econotag.a(rime.o)
                              obj_redbee-econotag/contiki-mc1322x-main.o (rime_driver)
contiki-redbee-econotag.a(rimestats.o)
                              contiki-redbee-econotag.a(rime.o) (rimestats)
contiki-redbee-econotag.a(announcement.o)
                              contiki-redbee-econotag.a(rime.o) (announcement_init)
contiki-redbee-econotag.a(broadcast-annou)
                              contiki-redbee-econotag.a(rime.o) (broadcast_announcement_init)
contiki-redbee-econotag.a(broadcast.o)
                              contiki-redbee-econotag.a(broadcast-annou) (broadcast_send)
contiki-redbee-econotag.a(abc.o)
                              contiki-redbee-econotag.a(rime.o) (abc_input)
contiki-redbee-econotag.a(chameleon.o)
                              contiki-redbee-econotag.a(rime.o) (chameleon_parse)
contiki-redbee-econotag.a(channel.o)
                              contiki-redbee-econotag.a(abc.o) (channel_close)
contiki-redbee-econotag.a(chameleon-bitop)
                              contiki-redbee-econotag.a(chameleon.o) (chameleon_bitopt)
contiki-redbee-econotag.a(sicslowmac.o)
                              obj_redbee-econotag/contiki-mc1322x-main.o (sicslowmac_driver)
contiki-redbee-econotag.a(csma.o)
                              obj_redbee-econotag/contiki-mc1322x-main.o (csma_driver)
contiki-redbee-econotag.a(process.o)
                              obj_redbee-econotag/contiki-mc1322x-main.o (process_init)
contiki-redbee-econotag.a(autostart.o)
                              obj_redbee-econotag/contiki-mc1322x-main.o (autostart_start)
contiki-redbee-econotag.a(memb.o)
                              contiki-redbee-econotag.a(csma.o) (memb_alloc)
contiki-redbee-econotag.a(list.o)
                              contiki-redbee-econotag.a(announcement.o) (list_init)
contiki-redbee-econotag.a(etimer.o)
                              blink.co (etimer_set)
contiki-redbee-econotag.a(ctimer.o)
                              contiki-redbee-econotag.a(csma.o) (ctimer_expired)
contiki-redbee-econotag.a(random.o)
                              contiki-redbee-econotag.a(broadcast-annou) (random_rand)
contiki-redbee-econotag.a(packetbuf.o)
                              contiki-redbee-econotag.a(chameleon-bitop) (packetbuf_hdrreduce)
contiki-redbee-econotag.a(queuebuf.o)
                              contiki-redbee-econotag.a(csma.o) (queuebuf_to_packetbuf)
contiki-redbee-econotag.a(clock.o)
                              obj_redbee-econotag/contiki-mc1322x-main.o (clock_init)
contiki-redbee-econotag.a(button-sensor.o)
                              obj_redbee-econotag/contiki-mc1322x-main.o (button_sensor)
contiki-redbee-econotag.a(sensors.o)
                              contiki-redbee-econotag.a(button-sensor.o) (sensors_changed)
contiki-redbee-econotag.a(contiki-crm.o)
                              obj_redbee-econotag/contiki-mc1322x-main.o (cal_ring_osc)
contiki-redbee-econotag.a(contiki-maca.o)
                              contiki-redbee-econotag.a(sicslowmac.o) (contiki_maca_driver)
contiki-redbee-econotag.a(contiki-misc.o)
                              contiki-redbee-econotag.a(random.o) (srand)
contiki-redbee-econotag.a(leds.o)
                              blink.co (leds_off)
contiki-redbee-econotag.a(contiki-uart.o)
                              obj_redbee-econotag/contiki-mc1322x-main.o (uart1_input_handler)
contiki-redbee-econotag.a(dbg-printf.o)
                              blink.co (printf)
contiki-redbee-econotag.a(strformat.o)
                              contiki-redbee-econotag.a(dbg-printf.o) (format_str_v)
contiki-redbee-econotag.a(maca.o)
                              contiki-redbee-econotag.a(contiki-maca.o) (free_packet)
contiki-redbee-econotag.a(nvm.o)
                              obj_redbee-econotag/contiki-mc1322x-main.o (nvm_detect)
contiki-redbee-econotag.a(uart1.o)
                              obj_redbee-econotag/contiki-mc1322x-main.o (uart1_getc)
contiki-redbee-econotag.a(default_lowleve)
                              obj_redbee-econotag/contiki-mc1322x-main.o (default_vreg_init)
contiki-redbee-econotag.a(isr.o)
                              obj_redbee-econotag/start.o (irq)
contiki-redbee-econotag.a(frame802154.o)
                              contiki-redbee-econotag.a(sicslowmac.o) (frame802154_parse)
contiki-redbee-econotag.a(mac.o)
                              contiki-redbee-econotag.a(csma.o) (mac_call_sent_callback)
contiki-redbee-econotag.a(timer.o)
                              contiki-redbee-econotag.a(etimer.o) (timer_reset)
contiki-redbee-econotag.a(debug-uart.o)
                              contiki-redbee-econotag.a(dbg-printf.o) (dbg_send_bytes)
contiki-redbee-econotag.a(leds-arch.o)
[...]
Memory Configuration

Name             Origin             Length             Attributes
ram              0x00400000         0x00018000         xrw
*default*        0x00000000         0xffffffff

Linker script and memory map

LOAD blink.co
LOAD obj_redbee-econotag/contiki-mc1322x-main.o
LOAD obj_redbee-econotag/start.o
LOAD obj_redbee-econotag/symbols.o
LOAD contiki-redbee-econotag.a
LOAD contiki-redbee-econotag.a
START GROUP
LOAD /usr/local/cs97/CodeSourcery/Sourcery_G++_Lite/bin/../lib/gcc/arm-none-eabi/4.3.2/libgcc.a
LOAD /usr/local/cs97/CodeSourcery/Sourcery_G++_Lite/bin/../lib/gcc/arm-none-eabi/4.3.2/../../../../arm-none-eabi/lib/libc.a
END GROUP
                0x00000400                SYS_STACK_SIZE = 0x400
                0x00000100                IRQ_STACK_SIZE = 0x100
                0x00000100                FIQ_STACK_SIZE = 0x100
                0x00000100                SVC_STACK_SIZE = 0x100
                0x00000010                ABT_STACK_SIZE = 0x10
                0x00000010                UND_STACK_SIZE = 0x10
                0x00001000                HEAP_SIZE = 0x1000
                0x00400000                PROVIDE (__executable_start, 0x400000)
                0x00400000                . = 0x400000

.text           0x00400000     0x6e34
 *(.start)
 .start         0x00400000      0x8b4 obj_redbee-econotag/start.o
                0x00400890                _bss_start
                0x00400894                _bss_end
                0x00400000                _start
 *(.irq)
 .irq           0x004008b4      0x1e8 contiki-redbee-econotag.a(isr.o)
                0x004008b4                irq
 *(.text .stub .text.* .gnu.linkonce.t.*)
 .text          0x00400a9c       0x60 blink.co
 .text          0x00400afc      0x398 obj_redbee-econotag/contiki-mc1322x-main.o
                0x00400b60                .real_start_ofuip_log
                0x00400b74                set_rimeaddr
                0x00400cc8                .real_start_ofmain
                0x00400c34                init_lowlevel
                0x00400b34                .real_start_ofoui_to_eui64
                0x00400b2c                oui_to_eui64
                0x00400b04                .real_start_ofiab_to_eui64
                0x00400cc0                main
                0x00400b58                uip_log
                0x00400afc                iab_to_eui64
                0x00400b7c                .real_start_ofset_rimeaddr
                0x00400c3c                .real_start_ofinit_lowlevel
 .text          0x00400e94        0x0 obj_redbee-econotag/start.o
 .text          0x00400e94        0x0 obj_redbee-econotag/symbols.o
 .text          0x00400e94       0x64 contiki-redbee-econotag.a(rimeaddr.o)
                0x00400edc                rimeaddr_set_node_addr
                0x00400eb8                .real_start_ofrimeaddr_cmp
                0x00400ee4                .real_start_ofrimeaddr_set_node_addr
                0x00400e94                rimeaddr_copy
                0x00400e9c                .real_start_ofrimeaddr_copy
                0x00400eb0                rimeaddr_cmp
 .text          0x00400ef8      0x13c contiki-redbee-econotag.a(rime.o)
                0x00400f84                .real_start_ofrime_output
                0x00401000                .real_start_ofrime_sniffer_remove
                0x00401014                rime_sniffer_add
                0x00400ff8                rime_sniffer_remove
                0x0040101c                .real_start_ofrime_sniffer_add
                0x00400f7c                rime_output
 .text          0x00401034        0x0 contiki-redbee-econotag.a(rimestats.o)
 .text          0x00401034      0x1c8 contiki-redbee-econotag.a(announcement.o)
                0x004011a0                .real_start_ofannouncement_register
                0x00401064                announcement_set_value
                0x00401198                announcement_register
                0x00401034                announcement_remove_value
                0x00401134                announcement_heard
                0x0040106c                .real_start_ofannouncement_set_value
                0x00401180                .real_start_ofannouncement_remove
                0x0040103c                .real_start_ofannouncement_remove_value
                0x00401104                announcement_register_observer_callback
                0x004010f0                announcement_register_listen_callback
                0x004010d0                announcement_listen
                0x0040113c                .real_start_ofannouncement_heard
                0x00401120                .real_start_ofannouncement_list
                0x004010a4                .real_start_ofannouncement_bump
                0x004011e4                .real_start_ofannouncement_init
                0x004010f8                .real_start_ofannouncement_register_listen_callback
                0x0040109c                announcement_bump
                0x004010d8                .real_start_ofannouncement_listen
                0x004011dc                announcement_init
                0x00401118                announcement_list
                0x00401178                announcement_remove
                0x0040110c                .real_start_ofannouncement_register_observer_callback
 .text          0x004011fc      0x1d0 contiki-redbee-econotag.a(broadcast-annou)
                0x00401248                .real_start_ofbroadcast_announcement_init
                0x00401208                .real_start_ofbroadcast_announcement_beacon_interval
                0x00401200                broadcast_announcement_beacon_interval
                0x0040121c                .real_start_ofbroadcast_announcement_stop
                0x00401214                broadcast_announcement_stop
                0x00401240                broadcast_announcement_init
 .text          0x004013cc       0xac contiki-redbee-econotag.a(broadcast.o)
                0x00401444                broadcast_open
                0x00401430                broadcast_close
                0x00401438                .real_start_ofbroadcast_close
                0x004013e0                broadcast_send
                0x0040144c                .real_start_ofbroadcast_open
                0x004013e8                .real_start_ofbroadcast_send
 .text          0x00401478       0x88 contiki-redbee-econotag.a(abc.o)
                0x004014ac                abc_send
                0x00401478                abc_input
                0x004014d4                abc_open
                0x00401490                abc_sent
                0x004014c8                .real_start_ofabc_close
                0x004014b4                .real_start_ofabc_send
                0x004014c0                abc_close
                0x004014dc                .real_start_ofabc_open
                0x00401498                .real_start_ofabc_sent
                0x00401480                .real_start_ofabc_input
 .text          0x00401500       0xa0 contiki-redbee-econotag.a(chameleon.o)
                0x0040156c                chameleon_hdrsize
                0x00401574                .real_start_ofchameleon_hdrsize
                0x00401588                chameleon_init
                0x0040153c                chameleon_create
                0x00401544                .real_start_ofchameleon_create
                0x00401510                chameleon_parse
                0x00401518                .real_start_ofchameleon_parse
                0x00401590                .real_start_ofchameleon_init
 .text          0x004015a0       0xac contiki-redbee-econotag.a(channel.o)
                0x004015a0                channel_lookup
                0x004015d4                .real_start_ofchannel_close
                0x00401638                .real_start_ofchannel_init
                0x00401608                channel_set_attributes
                0x00401630                channel_init
                0x00401610                .real_start_ofchannel_set_attributes
                0x004015e8                channel_open
                0x004015a8                .real_start_ofchannel_lookup
                0x004015cc                channel_close
                0x004015f0                .real_start_ofchannel_open
 .text          0x0040164c      0x2ec contiki-redbee-econotag.a(chameleon-bitop)
                0x0040164c                get_bits_in_byte
                0x00401724                .real_start_ofset_bits_in_byte
                0x00401748                set_bits
                0x0040171c                set_bits_in_byte
                0x00401680                .real_start_ofget_bits
                0x00401654                .real_start_ofget_bits_in_byte
                0x00401678                get_bits
                0x00401750                .real_start_ofset_bits
 .text          0x00401938      0x220 contiki-redbee-econotag.a(sicslowmac.o)
 .text          0x00401b58      0x2ac contiki-redbee-econotag.a(csma.o)
 .text          0x00401e04      0x2fc contiki-redbee-econotag.a(process.o)
                0x00401fc0                .real_start_ofprocess_post_synch
                0x00401fe0                .real_start_ofprocess_start
                0x00401e58                process_post
                0x00401e0c                .real_start_ofprocess_alloc_event
                0x00401e40                process_nevents
                0x00401fd8                process_start
                0x00401fb8                process_post_synch
                0x00402050                .real_start_ofprocess_run
                0x004020e8                .real_start_ofprocess_exit
                0x00401ea8                process_poll
                0x00401e04                process_alloc_event
                0x004020e0                process_exit
                0x00401e48                .real_start_ofprocess_nevents
                0x00401ed4                process_is_running
                0x00401eb0                .real_start_ofprocess_poll
                0x00401e1c                process_init
                0x00401e60                .real_start_ofprocess_post
                0x00401edc                .real_start_ofprocess_is_running
                0x00402048                process_run
                0x00401e24                .real_start_ofprocess_init
 .text          0x00402100       0x40 contiki-redbee-econotag.a(autostart.o)
                0x00402128                .real_start_ofautostart_start
                0x00402108                .real_start_ofautostart_exit
                0x00402100                autostart_exit
                0x00402120                autostart_start
 .text          0x00402140       0xd8 contiki-redbee-econotag.a(memb.o)
                0x00402148                .real_start_ofmemb_alloc
                0x004021f4                .real_start_ofmemb_init
                0x004021c0                .real_start_ofmemb_inmemb
                0x00402140                memb_alloc
                0x00402178                memb_free
                0x004021ec                memb_init
                0x004021b8                memb_inmemb
                0x00402180                .real_start_ofmemb_free
 .text          0x00402218      0x174 contiki-redbee-econotag.a(list.o)
                0x0040235c                .real_start_oflist_insert
                0x004022a0                .real_start_oflist_pop
                0x00402234                list_copy
                0x004022ec                list_push
                0x00402298                list_pop
                0x0040230c                list_add
                0x00402338                list_length
                0x00402244                list_tail
                0x00402314                .real_start_oflist_add
                0x00402228                list_head
                0x00402354                list_insert
                0x00402264                list_chop
                0x004022bc                .real_start_oflist_remove
                0x0040223c                .real_start_oflist_copy
                0x00402340                .real_start_oflist_length
                0x00402220                .real_start_oflist_init
                0x0040226c                .real_start_oflist_chop
                0x00402378                list_item_next
                0x0040224c                .real_start_oflist_tail
                0x00402218                list_init
                0x00402230                .real_start_oflist_head
                0x004022f4                .real_start_oflist_push
                0x00402380                .real_start_oflist_item_next
                0x004022b4                list_remove
 .text          0x0040238c      0x268 contiki-redbee-econotag.a(etimer.o)
                0x00402394                .real_start_ofetimer_expired
                0x004023bc                etimer_pending
                0x004025bc                etimer_reset
                0x004023c4                .real_start_ofetimer_pending
                0x00402484                .real_start_ofetimer_adjust
                0x004025d8                etimer_set
                0x0040247c                etimer_adjust
                0x004025c4                .real_start_ofetimer_reset
                0x004025a0                etimer_restart
                0x004024a0                .real_start_ofetimer_request_poll
                0x004023b0                etimer_start_time
                0x004025e0                .real_start_ofetimer_set
                0x004023d4                etimer_next_expiration_time
                0x00402498                etimer_request_poll
                0x004023a4                .real_start_ofetimer_expiration_time
                0x0040239c                etimer_expiration_time
                0x004023b8                .real_start_ofetimer_start_time
                0x00402438                etimer_stop
                0x004025a8                .real_start_ofetimer_restart
                0x0040238c                etimer_expired
                0x00402440                .real_start_ofetimer_stop
                0x004023dc                .real_start_ofetimer_next_expiration_time
 .text          0x004025f4      0x214 contiki-redbee-econotag.a(ctimer.o)
                0x00402738                ctimer_set
                0x004026f0                ctimer_restart
                0x004027e0                .real_start_ofctimer_init
                0x00402790                ctimer_reset
                0x004027d8                ctimer_init
                0x004026f8                .real_start_ofctimer_restart
                0x004026c4                .real_start_ofctimer_stop
                0x00402740                .real_start_ofctimer_set
                0x00402688                .real_start_ofctimer_expired
                0x00402680                ctimer_expired
                0x004026bc                ctimer_stop
                0x00402798                .real_start_ofctimer_reset
 .text          0x00402808       0x2c contiki-redbee-econotag.a(random.o)
                0x00402808                random_rand
                0x00402810                .real_start_ofrandom_rand
                0x00402828                .real_start_ofrandom_init
                0x00402820                random_init
 .text          0x00402834      0x394 contiki-redbee-econotag.a(packetbuf.o)
                0x00402a04                packetbuf_copyto
                0x004028e0                packetbuf_is_reference
                0x004029d4                packetbuf_attr_copyto
                0x00402a90                .real_start_ofpacketbuf_compact
                0x0040283c                .real_start_ofpacketbuf_clear_hdr
                0x00402b90                packetbuf_copyfrom
                0x00402848                packetbuf_hdr_remove
                0x004028ac                .real_start_ofpacketbuf_dataptr
                0x004028e8                .real_start_ofpacketbuf_is_reference
                0x00402890                packetbuf_set_datalen
                0x00402974                .real_start_ofpacketbuf_hdralloc
                0x00402918                packetbuf_datalen
                0x004029a0                packetbuf_attr_copyfrom
                0x00402904                packetbuf_reference_ptr
                0x00402b74                .real_start_ofpacketbuf_reference
                0x004029a8                .real_start_ofpacketbuf_attr_copyfrom
                0x00402834                packetbuf_clear_hdr
                0x00402a58                packetbuf_copyto_hdr
                0x00402920                .real_start_ofpacketbuf_datalen
                0x00402a0c                .real_start_ofpacketbuf_copyto
                0x00402948                packetbuf_totlen
                0x00402950                .real_start_ofpacketbuf_totlen
                0x00402868                .real_start_ofpacketbuf_hdrreduce
                0x00402b6c                packetbuf_reference
                0x0040296c                packetbuf_hdralloc
                0x00402b44                .real_start_ofpacketbuf_clear
                0x0040292c                packetbuf_hdrlen
                0x004028c4                packetbuf_hdrptr
                0x00402850                .real_start_ofpacketbuf_hdr_remove
                0x00402a60                .real_start_ofpacketbuf_copyto_hdr
                0x004028cc                .real_start_ofpacketbuf_hdrptr
                0x00402af0                .real_start_ofpacketbuf_attr_clear
                0x004029dc                .real_start_ofpacketbuf_attr_copyto
                0x00402898                .real_start_ofpacketbuf_set_datalen
                0x0040290c                .real_start_ofpacketbuf_reference_ptr
                0x00402860                packetbuf_hdrreduce
                0x004028a4                packetbuf_dataptr
                0x00402a88                packetbuf_compact
                0x00402b3c                packetbuf_clear
                0x00402b98                .real_start_ofpacketbuf_copyfrom
                0x00402ae8                packetbuf_attr_clear
                0x00402934                .real_start_ofpacketbuf_hdrlen
 .text          0x00402bc8      0x1cc contiki-redbee-econotag.a(queuebuf.o)
                0x00402bd4                queuebuf_addr
                0x00402c08                queuebuf_dataptr
                0x00402bc8                queuebuf_datalen
                0x00402c48                .real_start_ofqueuebuf_to_packetbuf
                0x00402cac                queuebuf_free
                0x00402d70                queuebuf_init
                0x00402bfc                queuebuf_debug_print
                0x00402be8                queuebuf_attr
                0x00402d04                queuebuf_new_from_packetbuf
                0x00402ce8                queuebuf_update_attr_from_packetbuf
                0x00402bd0                .real_start_ofqueuebuf_datalen
                0x00402c04                .real_start_ofqueuebuf_debug_print
                0x00402bf0                .real_start_ofqueuebuf_attr
                0x00402c40                queuebuf_to_packetbuf
                0x00402cb4                .real_start_ofqueuebuf_free
                0x00402d78                .real_start_ofqueuebuf_init
                0x00402c10                .real_start_ofqueuebuf_dataptr
                0x00402bdc                .real_start_ofqueuebuf_addr
                0x00402cf0                .real_start_ofqueuebuf_update_attr_from_packetbuf
                0x00402d0c                .real_start_ofqueuebuf_new_from_packetbuf
 .text          0x00402d94      0x110 contiki-redbee-econotag.a(clock.o)
                0x00402e14                .real_start_ofclock_delay
                0x00402e30                .real_start_oftmr0_isr
                0x00402d94                clock_init
                0x00402d9c                .real_start_ofclock_init
                0x00402df8                clock_seconds
                0x00402dec                .real_start_ofclock_time
                0x00402e0c                clock_delay
                0x00402e28                tmr0_isr
                0x00402de4                clock_time
                0x00402e00                .real_start_ofclock_seconds
 .text          0x00402ea4       0xd0 contiki-redbee-econotag.a(button-sensor.o)
                0x00402f34                kbi4_isr
                0x00402f3c                .real_start_ofkbi4_isr
 .text          0x00402f74      0x19c contiki-redbee-econotag.a(sensors.o)
                0x00403090                sensors_find
                0x00402f9c                sensors_first
                0x00403098                .real_start_ofsensors_find
                0x004030e4                .real_start_ofsensors_changed
                0x00402fa4                .real_start_ofsensors_first
                0x00402fb0                sensors_next
                0x004030dc                sensors_changed
                0x00402fb8                .real_start_ofsensors_next
 .text          0x00403110      0x164 contiki-redbee-econotag.a(contiki-crm.o)
                0x00403150                cal_ring_osc
                0x00403210                .real_start_ofenable_32khz_xtal
                0x00403110                sleep
                0x00403158                .real_start_ofcal_ring_osc
                0x00403208                enable_32khz_xtal
                0x00403118                .real_start_ofsleep
 .text          0x00403274      0x278 contiki-redbee-econotag.a(contiki-maca.o)
                0x00403298                .real_start_ofcontiki_maca_channel_clear
                0x0040340c                .real_start_ofcontiki_maca_read
                0x00403300                .real_start_ofmaca_tx_callback
                0x004032f8                maca_tx_callback
                0x00403404                contiki_maca_read
                0x004032c8                .real_start_ofcontiki_maca_on_request
                0x00403310                maca_rx_callback
                0x0040329c                contiki_maca_receiving_packet
                0x004032c0                contiki_maca_on_request
                0x00403368                contiki_maca_transmit
                0x0040328c                .real_start_ofcontiki_maca_init
                0x00403370                .real_start_ofcontiki_maca_transmit
                0x004033d0                .real_start_ofcontiki_maca_send
                0x004032dc                contiki_maca_off_request
                0x00403334                .real_start_ofcontiki_maca_prepare
                0x00403318                .real_start_ofmaca_rx_callback
                0x00403284                contiki_maca_init
                0x004032b0                .real_start_ofcontiki_maca_pending_packet
                0x00403290                contiki_maca_channel_clear
                0x004033c8                contiki_maca_send
                0x004032a4                .real_start_ofcontiki_maca_receiving_packet
                0x004032a8                contiki_maca_pending_packet
                0x0040332c                contiki_maca_prepare
                0x004032e4                .real_start_ofcontiki_maca_off_request
 .text          0x004034ec       0x74 contiki-redbee-econotag.a(contiki-misc.o)
                0x004034f4                .real_start_ofraise
                0x00403520                _sbrk
                0x0040350c                rand
                0x004034f8                srand
                0x00403500                .real_start_ofsrand
                0x00403528                .real_start_of_sbrk
                0x00403514                .real_start_ofrand
                0x004034ec                raise
 .text          0x00403560      0x100 contiki-redbee-econotag.a(leds.o)
                0x00403598                leds_toggle
                0x00403610                .real_start_ofleds_blink
                0x004035d0                leds_on
                0x004035ac                leds_off
                0x004035f4                leds_get
                0x00403578                leds_invert
                0x00403580                .real_start_ofleds_invert
                0x004035b4                .real_start_ofleds_off
                0x00403608                leds_blink
                0x004035fc                .real_start_ofleds_get
                0x004035a0                .real_start_ofleds_toggle
                0x00403648                .real_start_ofleds_init
                0x004035d8                .real_start_ofleds_on
                0x00403640                leds_init
 .text          0x00403660       0x14 contiki-redbee-econotag.a(contiki-uart.o)
                0x00403668                .real_start_ofuart1_set_input
                0x00403660                uart1_set_input
 .text          0x00403674       0x44 contiki-redbee-econotag.a(dbg-printf.o)
                0x00403674                printf
                0x0040367c                .real_start_ofprintf
 .text          0x004036b8      0x7f8 contiki-redbee-econotag.a(strformat.o)
                0x00403e88                format_str
                0x00403e90                .real_start_offormat_str
                0x00403764                format_str_v
                0x0040376c                .real_start_offormat_str_v
 .text          0x00403eb0      0xfa8 contiki-redbee-econotag.a(maca.o)
                0x00403eb8                .real_start_ofbad_packet_bounds
                0x004044c8                .real_start_ofmaca_off
                0x004041a0                .real_start_oftx_packet
                0x00404360                .real_start_ofinsert_at_rx_head
                0x004045e8                set_channel
                0x00404810                .real_start_ofradio_init
                0x004040d8                post_tx
                0x00404570                set_power
                0x00403eb0                bad_packet_bounds
                0x00404808                radio_init
                0x0040429c                free_tx_head
                0x00404548                set_demodulator_type
                0x004042f8                .real_start_ofadd_to_rx
                0x004042a4                .real_start_offree_tx_head
                0x0040408c                .real_start_ofrx_packet
                0x00404db0                Print_Packets
                0x004044f4                .real_start_ofmaca_on
                0x00404484                flyback_init
                0x004043c8                .real_start_ofinit_phy
                0x00403f24                free_packet
                0x00404550                .real_start_ofset_demodulator_type
                0x00404744                .real_start_ofinit_from_flash
                0x00403ebc                count_packets
                0x004040e0                .real_start_ofpost_tx
                0x0040452c                .real_start_ofget_ctov
                0x0040422c                .real_start_offree_all_packets
                0x00404b40                decode_status
                0x00403f88                get_free_packet
                0x004042f0                add_to_rx
                0x00403fdc                post_receive
                0x004044c0                maca_off
                0x00404b78                check_maca
                0x0040448c                .real_start_offlyback_init
                0x00404358                insert_at_rx_head
                0x00403f2c                .real_start_offree_packet
                0x0040473c                init_from_flash
                0x004046b4                exec_init_entry
                0x004045f0                .real_start_ofset_channel
                0x00404224                free_all_packets
                0x00403ec4                .real_start_ofcount_packets
                0x00404a00                .real_start_ofmaca_init
                0x004046bc                .real_start_ofexec_init_entry
                0x004044ec                maca_on
                0x004043c0                init_phy
                0x004049f8                maca_init
                0x00404a60                ResumeMACASync
                0x00404524                get_ctov
                0x00404428                reset_maca
                0x00404198                tx_packet
                0x00404578                .real_start_ofset_power
                0x00404430                .real_start_ofreset_maca
                0x00404c30                .real_start_ofmaca_isr
                0x00404c28                maca_isr
                0x00403fe4                .real_start_ofpost_receive
                0x00404084                rx_packet
                0x00403edc                bound_check
                0x00403ee4                .real_start_ofbound_check
                0x00404b80                .real_start_ofcheck_maca
                0x00404db8                .real_start_ofPrint_Packets
                0x00404a68                .real_start_ofResumeMACASync
                0x00404b48                .real_start_ofdecode_status
                0x00403f90                .real_start_ofget_free_packet
 .text          0x00404e58        0x0 contiki-redbee-econotag.a(nvm.o)
 .text          0x00404e58      0x1a4 contiki-redbee-econotag.a(uart1.o)
                0x00404f10                .real_start_ofuart1_putc
                0x00404fa4                uart1_getc
                0x00404fac                .real_start_ofuart1_getc
                0x00404e58                uart1_isr
                0x00404e60                .real_start_ofuart1_isr
                0x00404f08                uart1_putc
 .text          0x00404ffc      0x1f8 contiki-redbee-econotag.a(default_lowleve)
                0x00405048                uart1_init
                0x00405004                .real_start_ofdefault_vreg_init
                0x00405050                .real_start_ofuart1_init
                0x00404ffc                default_vreg_init
                0x00405124                uart2_init
                0x0040512c                .real_start_ofuart2_init
 .text          0x004051f4       0x10 contiki-redbee-econotag.a(isr.o)
                0x004051f4                irq_register_timer_handler
 .text          0x00405204      0x2fc contiki-redbee-econotag.a(frame802154.o)
                0x004053bc                frame802154_create
                0x00405224                .real_start_offrame802154_parse
                0x0040521c                frame802154_parse
                0x004054c8                frame802154_hdrlen
                0x004054d0                .real_start_offrame802154_hdrlen
                0x004053c4                .real_start_offrame802154_create
 .text          0x00405500       0x24 contiki-redbee-econotag.a(mac.o)
                0x00405508                .real_start_ofmac_call_sent_callback
                0x00405500                mac_call_sent_callback
 .text          0x00405524       0x8c contiki-redbee-econotag.a(timer.o)
                0x00405584                .real_start_oftimer_restart
                0x00405558                timer_expired
                0x00405538                timer_remaining
                0x00405560                .real_start_oftimer_expired
                0x0040559c                .real_start_oftimer_set
                0x0040552c                .real_start_oftimer_reset
                0x00405594                timer_set
                0x0040557c                timer_restart
                0x00405524                timer_reset
                0x00405540                .real_start_oftimer_remaining
 .text          0x004055b0       0x30 contiki-redbee-econotag.a(debug-uart.o)
                0x004055b0                dbg_send_bytes
                0x004055b8                .real_start_ofdbg_send_bytes
 .text          0x004055e0       0xe4 contiki-redbee-econotag.a(leds-arch.o)
                0x004055e0                leds_arch_init
                0x0040562c                leds_arch_get
                0x00405674                .real_start_ofleds_arch_set
                0x004055e8                .real_start_ofleds_arch_init
                0x00405634                .real_start_ofleds_arch_get
                0x0040566c                leds_arch_set
 .text          0x004056c4      0x1a4 contiki-redbee-econotag.a(uart2.o)
                0x004056c4                uart2_isr
                0x004056cc                .real_start_ofuart2_isr
                0x0040577c                .real_start_ofuart2_putc
                0x00405810                uart2_getc
                0x00405774                uart2_putc
                0x00405818                .real_start_ofuart2_getc
 .text          0x00405868      0x114 /usr/local/cs97/CodeSourcery/Sourcery_G++_Lite/bin/../lib/gcc/arm-none-eabi/4.3.2/libgcc.a(_udivsi3.o)
                0x00405868                __udivsi3
                0x00405868                __aeabi_uidiv
                0x0040595c                __aeabi_uidivmod
 .text          0x0040597c      0x148 /usr/local/cs97/CodeSourcery/Sourcery_G++_Lite/bin/../lib/gcc/arm-none-eabi/4.3.2/libgcc.a(_divsi3.o)
                0x0040597c                __aeabi_idiv
                0x0040597c                __divsi3
                0x00405aa4                __aeabi_idivmod
 .text          0x00405ac4        0x4 /usr/local/cs97/CodeSourcery/Sourcery_G++_Lite/bin/../lib/gcc/arm-none-eabi/4.3.2/libgcc.a(_dvmd_tls.o)
                0x00405ac4                __aeabi_ldiv0
                0x00405ac4                __aeabi_idiv0
 .text          0x00405ac8       0x3c /usr/local/cs97/CodeSourcery/Sourcery_G++_Lite/bin/../lib/gcc/arm-none-eabi/4.3.2/libgcc.a(_aeabi_uldivmod.o)
                0x00405ac8                __aeabi_uldivmod
 .text          0x00405b04       0x80 /usr/local/cs97/CodeSourcery/Sourcery_G++_Lite/bin/../lib/gcc/arm-none-eabi/4.3.2/libgcc.a(bpabi.o)
                0x00405b04                __gnu_uldivmod_helper
                0x00405b44                __gnu_ldivmod_helper
 .text          0x00405b84      0x56c /usr/local/cs97/CodeSourcery/Sourcery_G++_Lite/bin/../lib/gcc/arm-none-eabi/4.3.2/libgcc.a(_divdi3.o)
                0x00405b84                __divdi3
 .text          0x004060f0      0x4fc /usr/local/cs97/CodeSourcery/Sourcery_G++_Lite/bin/../lib/gcc/arm-none-eabi/4.3.2/libgcc.a(_udivdi3.o)
                0x004060f0                __udivdi3
 .text          0x004065ec        0x0 /usr/local/cs97/CodeSourcery/Sourcery_G++_Lite/bin/../lib/gcc/arm-none-eabi/4.3.2/libgcc.a(_clz.o)
 .text          0x004065ec       0xac /usr/local/cs97/CodeSourcery/Sourcery_G++_Lite/bin/../lib/gcc/arm-none-eabi/4.3.2/../../../../arm-none-eabi/lib/libc.a(lib_a-memcmp.o)
                0x004065ec                memcmp
 .text          0x00406698       0xfc /usr/local/cs97/CodeSourcery/Sourcery_G++_Lite/bin/../lib/gcc/arm-none-eabi/4.3.2/../../../../arm-none-eabi/lib/libc.a(lib_a-memcpy.o)
                0x00406698                memcpy
 .text          0x00406794       0xd0 /usr/local/cs97/CodeSourcery/Sourcery_G++_Lite/bin/../lib/gcc/arm-none-eabi/4.3.2/../../../../arm-none-eabi/lib/libc.a(lib_a-memset.o)
                0x00406794                memset
 .text          0x00406864       0x9c /usr/local/cs97/CodeSourcery/Sourcery_G++_Lite/bin/../lib/gcc/arm-none-eabi/4.3.2/../../../../arm-none-eabi/lib/libc.a(lib_a-strlen.o)
                0x00406864                strlen
 .text          0x00406900      0x144 /usr/local/cs97/CodeSourcery/Sourcery_G++_Lite/bin/../lib/gcc/arm-none-eabi/4.3.2/../../../../arm-none-eabi/lib/libc.a(lib_a-strncmp.o)
                0x00406900                strncmp
 *(.gnu.warning)
 *(.glue_7t)
 .glue_7t       0x00406a44        0x0 blink.co
 .glue_7t       0x00406a44        0x0 obj_redbee-econotag/contiki-mc1322x-main.o
 .glue_7t       0x00406a44        0x0 obj_redbee-econotag/start.o
 .glue_7t       0x00406a44        0x0 obj_redbee-econotag/symbols.o
 .glue_7t       0x00406a44        0x0 contiki-redbee-econotag.a(rimeaddr.o)
 .glue_7t       0x00406a44        0x0 contiki-redbee-econotag.a(rime.o)
 .glue_7t       0x00406a44        0x0 contiki-redbee-econotag.a(rimestats.o)
 .glue_7t       0x00406a44        0x0 contiki-redbee-econotag.a(announcement.o)
 .glue_7t       0x00406a44        0x0 contiki-redbee-econotag.a(broadcast-annou)
 .glue_7t       0x00406a44        0x0 contiki-redbee-econotag.a(broadcast.o)
 .glue_7t       0x00406a44        0x0 contiki-redbee-econotag.a(abc.o)
 .glue_7t       0x00406a44        0x0 contiki-redbee-econotag.a(chameleon.o)
 .glue_7t       0x00406a44        0x0 contiki-redbee-econotag.a(channel.o)
 .glue_7t       0x00406a44        0x0 contiki-redbee-econotag.a(chameleon-bitop)
 .glue_7t       0x00406a44        0x0 contiki-redbee-econotag.a(sicslowmac.o)
 .glue_7t       0x00406a44        0x0 contiki-redbee-econotag.a(csma.o)
 .glue_7t       0x00406a44        0x0 contiki-redbee-econotag.a(process.o)
 .glue_7t       0x00406a44        0x0 contiki-redbee-econotag.a(autostart.o)
 .glue_7t       0x00406a44        0x0 contiki-redbee-econotag.a(memb.o)
 .glue_7t       0x00406a44        0x0 contiki-redbee-econotag.a(list.o)
 .glue_7t       0x00406a44        0x0 contiki-redbee-econotag.a(etimer.o)
 .glue_7t       0x00406a44        0x0 contiki-redbee-econotag.a(ctimer.o)
 .glue_7t       0x00406a44        0x0 contiki-redbee-econotag.a(random.o)
 .glue_7t       0x00406a44        0x0 contiki-redbee-econotag.a(packetbuf.o)
 .glue_7t       0x00406a44        0x0 contiki-redbee-econotag.a(queuebuf.o)
 .glue_7t       0x00406a44        0x0 contiki-redbee-econotag.a(clock.o)
 .glue_7t       0x00406a44        0x0 contiki-redbee-econotag.a(button-sensor.o)
 .glue_7t       0x00406a44        0x0 contiki-redbee-econotag.a(sensors.o)
 .glue_7t       0x00406a44        0x0 contiki-redbee-econotag.a(contiki-crm.o)
 .glue_7t       0x00406a44        0x0 contiki-redbee-econotag.a(contiki-maca.o)
 .glue_7t       0x00406a44        0x0 contiki-redbee-econotag.a(contiki-misc.o)
 .glue_7t       0x00406a44        0x0 contiki-redbee-econotag.a(leds.o)
 .glue_7t       0x00406a44        0x0 contiki-redbee-econotag.a(contiki-uart.o)
 .glue_7t       0x00406a44        0x0 contiki-redbee-econotag.a(dbg-printf.o)
 .glue_7t       0x00406a44        0x0 contiki-redbee-econotag.a(strformat.o)
 .glue_7t       0x00406a44        0x0 contiki-redbee-econotag.a(maca.o)
 .glue_7t       0x00406a44        0x0 contiki-redbee-econotag.a(nvm.o)
 .glue_7t       0x00406a44        0x0 contiki-redbee-econotag.a(uart1.o)
 .glue_7t       0x00406a44        0x0 contiki-redbee-econotag.a(default_lowleve)
 .glue_7t       0x00406a44        0x0 contiki-redbee-econotag.a(isr.o)
 .glue_7t       0x00406a44        0x0 contiki-redbee-econotag.a(frame802154.o)
 .glue_7t       0x00406a44        0x0 contiki-redbee-econotag.a(mac.o)
 .glue_7t       0x00406a44        0x0 contiki-redbee-econotag.a(timer.o)
 .glue_7t       0x00406a44        0x0 contiki-redbee-econotag.a(debug-uart.o)
 .glue_7t       0x00406a44        0x0 contiki-redbee-econotag.a(leds-arch.o)
 .glue_7t       0x00406a44        0x0 contiki-redbee-econotag.a(uart2.o)
 .glue_7t       0x00406a44        0x0 /usr/local/cs97/CodeSourcery/Sourcery_G++_Lite/bin/../lib/gcc/arm-none-eabi/4.3.2/libgcc.a(_udivsi3.o)
 .glue_7t       0x00406a44        0x0 /usr/local/cs97/CodeSourcery/Sourcery_G++_Lite/bin/../lib/gcc/arm-none-eabi/4.3.2/libgcc.a(_divsi3.o)
 .glue_7t       0x00406a44        0x0 /usr/local/cs97/CodeSourcery/Sourcery_G++_Lite/bin/../lib/gcc/arm-none-eabi/4.3.2/libgcc.a(_dvmd_tls.o)
 .glue_7t       0x00406a44        0x0 /usr/local/cs97/CodeSourcery/Sourcery_G++_Lite/bin/../lib/gcc/arm-none-eabi/4.3.2/libgcc.a(_aeabi_uldivmod.o)
 .glue_7t       0x00406a44        0x0 /usr/local/cs97/CodeSourcery/Sourcery_G++_Lite/bin/../lib/gcc/arm-none-eabi/4.3.2/libgcc.a(bpabi.o)
 .glue_7t       0x00406a44        0x0 /usr/local/cs97/CodeSourcery/Sourcery_G++_Lite/bin/../lib/gcc/arm-none-eabi/4.3.2/libgcc.a(_divdi3.o)
 .glue_7t       0x00406a44        0x0 /usr/local/cs97/CodeSourcery/Sourcery_G++_Lite/bin/../lib/gcc/arm-none-eabi/4.3.2/libgcc.a(_udivdi3.o)
 .glue_7t       0x00406a44        0x0 /usr/local/cs97/CodeSourcery/Sourcery_G++_Lite/bin/../lib/gcc/arm-none-eabi/4.3.2/libgcc.a(_clz.o)
 .glue_7t       0x00406a44        0x0 /usr/local/cs97/CodeSourcery/Sourcery_G++_Lite/bin/../lib/gcc/arm-none-eabi/4.3.2/../../../../arm-none-eabi/lib/libc.a(lib_a-memcmp.o)
 .glue_7t       0x00406a44        0x0 /usr/local/cs97/CodeSourcery/Sourcery_G++_Lite/bin/../lib/gcc/arm-none-eabi/4.3.2/../../../../arm-none-eabi/lib/libc.a(lib_a-memcpy.o)
 .glue_7t       0x00406a44        0x0 /usr/local/cs97/CodeSourcery/Sourcery_G++_Lite/bin/../lib/gcc/arm-none-eabi/4.3.2/../../../../arm-none-eabi/lib/libc.a(lib_a-memset.o)
 .glue_7t       0x00406a44        0x0 /usr/local/cs97/CodeSourcery/Sourcery_G++_Lite/bin/../lib/gcc/arm-none-eabi/4.3.2/../../../../arm-none-eabi/lib/libc.a(lib_a-strlen.o)
 .glue_7t       0x00406a44      0x3f0 /usr/local/cs97/CodeSourcery/Sourcery_G++_Lite/bin/../lib/gcc/arm-none-eabi/4.3.2/../../../../arm-none-eabi/lib/libc.a(lib_a-strncmp.o)
                0x00406aa8                __set_power_change_to_arm
                0x00406a88                __uart1_init_change_to_arm
                0x00406b38                __chameleon_init_change_to_arm
                0x00406d44                __memb_inmemb_from_thumb
                0x00406acc                __ctimer_init_from_thumb
                0x00406cf8                __process_post_change_to_arm
                0x00406dc4                __get_free_packet_from_thumb
                0x00406d84                __etimer_pending_from_thumb
                0x00406c5c                __rimeaddr_cmp_from_thumb
                0x00406d1c                __etimer_stop_from_thumb
                0x00406af8                __process_run_change_to_arm
                0x00406c34                __memset_from_thumb
                0x00406ac8                __process_start_change_to_arm
                0x00406bf8                __channel_set_attributes_change_to_arm
                0x00406cd0                __memb_init_change_to_arm
                0x00406bf4                __channel_set_attributes_from_thumb
                0x00406c0c                __channel_open_from_thumb
                0x00406a70                __rimeaddr_copy_change_to_arm
                0x00406b60                __list_remove_change_to_arm
                0x00406bb4                __random_rand_from_thumb
                0x00406df0                __leds_arch_get_change_to_arm
                0x00406ce8                __process_poll_change_to_arm
                0x00406e20                __maca_rx_callback_change_to_arm
                0x00406d88                __etimer_pending_change_to_arm
                0x00406dd0                __tx_packet_change_to_arm
                0x00406dc0                ____aeabi_uidiv_change_to_arm
                0x00406dcc                __tx_packet_from_thumb
                0x00406c38                __memset_change_to_arm
                0x00406c00                __rime_output_change_to_arm
                0x00406bc8                __announcement_list_change_to_arm
                0x00406c4c                __packetbuf_datalen_from_thumb
                0x00406cf4                __process_post_from_thumb
                0x00406c6c                __frame802154_create_from_thumb
                0x00406b08                __list_head_change_to_arm
                0x00406b4c                __packetbuf_compact_from_thumb
                0x00406a50                __etimer_set_change_to_arm
                0x00406c50                __packetbuf_datalen_change_to_arm
                0x00406cc4                __mac_call_sent_callback_from_thumb
                0x00406c24                __packetbuf_hdralloc_from_thumb
                0x00406cd4                __process_exit_from_thumb
                0x00406a8c                __default_vreg_init_from_thumb
                0x00406d20                __etimer_stop_change_to_arm
                0x00406da8                __process_alloc_event_change_to_arm
                0x00406d58                __packetbuf_attr_copyfrom_change_to_arm
                0x00406db0                __strlen_change_to_arm
                0x00406d98                __etimer_request_poll_change_to_arm
                0x00406ad4                ____aeabi_idiv_from_thumb
                0x00406bf0                __abc_open_change_to_arm
                0x00406c9c                __ctimer_expired_from_thumb
                0x00406d60                __packetbuf_attr_copyto_change_to_arm
                0x00406d8c                __etimer_next_expiration_time_from_thumb
                0x00406b9c                __memcpy_from_thumb
                0x00406cd8                __process_exit_change_to_arm
                0x00406dbc                ____aeabi_uidiv_from_thumb
                0x00406cf0                __timer_expired_change_to_arm
                0x00406cb4                __queuebuf_free_from_thumb
                0x00406b78                __ctimer_stop_change_to_arm
                0x00406e30                __uart1_putc_change_to_arm
                0x00406e08                __format_str_v_change_to_arm
                0x00406b6c                __list_init_from_thumb
                0x00406d3c                __srand_from_thumb
                0x00406d10                __timer_set_change_to_arm
                0x00406d04                __timer_reset_from_thumb
                0x00406c3c                __packetbuf_hdrreduce_from_thumb
                0x00406d64                __packetbuf_is_reference_from_thumb
                0x00406a7c                __rimeaddr_set_node_addr_from_thumb
                0x00406db8                __strncmp_change_to_arm
                0x00406b18                __abc_input_change_to_arm
                0x00406b34                __chameleon_init_from_thumb
                0x00406a80                __rimeaddr_set_node_addr_change_to_arm
                0x00406c90                __list_push_change_to_arm
                0x00406c44                __channel_lookup_from_thumb
                0x00406b0c                __list_item_next_from_thumb
                0x00406be0                __abc_send_change_to_arm
                0x00406cac                __queuebuf_to_packetbuf_from_thumb
                0x00406bdc                __abc_send_from_thumb
                0x00406bbc                ____aeabi_uidivmod_from_thumb
                0x00406a58                __leds_off_change_to_arm
                0x00406a48                __leds_init_change_to_arm
                0x00406af0                __uart1_getc_change_to_arm
                0x00406d70                __packetbuf_reference_ptr_change_to_arm
                0x00406c48                __channel_lookup_change_to_arm
                0x00406c30                __packetbuf_hdrptr_change_to_arm
                0x00406b20                __queuebuf_init_change_to_arm
                0x00406b88                __broadcast_open_change_to_arm
                0x00406ae0                __autostart_start_change_to_arm
                0x00406ae4                __check_maca_from_thumb
                0x00406c04                __channel_close_from_thumb
                0x00406ac0                __process_init_change_to_arm
                0x00406dd4                __rx_packet_from_thumb
                0x00406ccc                __memb_init_from_thumb
                0x00406bc4                __announcement_list_from_thumb
                0x00406a64                __printf_from_thumb
                0x00406aa4                __set_power_from_thumb
                0x00406b1c                __queuebuf_init_from_thumb
                0x00406c40                __packetbuf_hdrreduce_change_to_arm
                0x00406ce0                __clock_time_change_to_arm
                0x00406d9c                __sensors_changed_from_thumb
                0x00406b98                __packetbuf_dataptr_change_to_arm
                0x00406a44                __leds_init_from_thumb
                0x00406b84                __broadcast_open_from_thumb
                0x00406c88                __queuebuf_new_from_packetbuf_change_to_arm
                0x00406ae8                __check_maca_change_to_arm
                0x00406cb8                __queuebuf_free_change_to_arm
                0x00406a84                __uart1_init_from_thumb
                0x00406d0c                __timer_set_from_thumb
                0x00406b10                __list_item_next_change_to_arm
                0x00406c8c                __list_push_from_thumb
                0x00406dc8                __get_free_packet_change_to_arm
                0x00406bcc                __packetbuf_set_datalen_from_thumb
                0x00406bfc                __rime_output_from_thumb
                0x00406de8                __leds_arch_set_change_to_arm
                0x00406cc8                __mac_call_sent_callback_change_to_arm
                0x00406ab0                __cal_ring_osc_change_to_arm
                0x00406aac                __cal_ring_osc_from_thumb
                0x00406b30                __announcement_init_change_to_arm
                0x00406b24                __packetbuf_clear_from_thumb
                0x00406a94                __maca_init_from_thumb
                0x00406e0c                __dbg_send_bytes_from_thumb
                0x00406b5c                __list_remove_from_thumb
                0x00406b14                __abc_input_from_thumb
                0x00406a4c                __etimer_set_from_thumb
                0x00406adc                __autostart_start_from_thumb
                0x00406b8c                __announcement_register_observer_callback_from_thumb
                0x00406bb8                __random_rand_change_to_arm
                0x00406c58                __frame802154_parse_change_to_arm
                0x00406bd4                __broadcast_send_from_thumb
                0x00406d90                __etimer_next_expiration_time_change_to_arm
                0x00406ad0                __ctimer_init_change_to_arm
                0x00406d94                __etimer_request_poll_from_thumb
                0x00406d6c                __packetbuf_reference_ptr_from_thumb
                0x00406d48                __memb_inmemb_change_to_arm
                0x00406ab4                __clock_init_from_thumb
                0x00406b00                __chameleon_parse_change_to_arm
                0x00406d00                __timer_restart_change_to_arm
                0x00406aa0                __set_channel_change_to_arm
                0x00406d40                __srand_change_to_arm
                0x00406a98                __maca_init_change_to_arm
                0x00406bac                __ctimer_set_from_thumb
                0x00406df4                __clock_delay_from_thumb
                0x00406ddc                __free_packet_from_thumb
                0x00406d08                __timer_reset_change_to_arm
                0x00406c20                __chameleon_hdrsize_change_to_arm
                0x00406cc0                __queuebuf_update_attr_from_packetbuf_change_to_arm
                0x00406c1c                __chameleon_hdrsize_from_thumb
                0x00406aec                __uart1_getc_from_thumb
                0x00406d68                __packetbuf_is_reference_change_to_arm
                0x00406da0                __sensors_changed_change_to_arm
                0x00406a90                __default_vreg_init_change_to_arm
                0x00406c80                __memb_alloc_change_to_arm
                0x00406ac4                __process_start_from_thumb
                0x00406b50                __packetbuf_compact_change_to_arm
                0x00406b44                __chameleon_create_from_thumb
                0x00406e14                ____aeabi_uldivmod_from_thumb
                0x00406a5c                __leds_on_from_thumb
                0x00406a60                __leds_on_change_to_arm
                0x00406e24                __maca_tx_callback_from_thumb
                0x00406d54                __packetbuf_attr_copyfrom_from_thumb
                0x00406b64                __list_add_from_thumb
                0x00406b90                __announcement_register_observer_callback_change_to_arm
                0x00406d18                __etimer_expired_change_to_arm
                0x00406d80                __packetbuf_copyto_change_to_arm
                0x00406bc0                ____aeabi_uidivmod_change_to_arm
                0x00406b7c                __broadcast_close_from_thumb
                0x00406c10                __channel_open_change_to_arm
                0x00406b40                __broadcast_announcement_init_change_to_arm
                0x00406ba4                __announcement_heard_from_thumb
                0x00406c84                __queuebuf_new_from_packetbuf_from_thumb
                0x00406dec                __leds_arch_get_from_thumb
                0x00406cbc                __queuebuf_update_attr_from_packetbuf_from_thumb
                0x00406bd0                __packetbuf_set_datalen_change_to_arm
                0x00406b28                __packetbuf_clear_change_to_arm
                0x00406b54                __abc_sent_from_thumb
                0x00406ca0                __ctimer_expired_change_to_arm
                0x00406e04                __format_str_v_from_thumb
                0x00406ce4                __process_poll_from_thumb
                0x00406ca8                __memb_free_change_to_arm
                0x00406a68                __printf_change_to_arm
                0x00406bd8                __broadcast_send_change_to_arm
                0x00406e00                __leds_arch_init_change_to_arm
                0x00406c94                __list_length_from_thumb
                0x00406c60                __rimeaddr_cmp_change_to_arm
                0x00406b68                __list_add_change_to_arm
                0x00406d74                __packetbuf_copyto_hdr_from_thumb
                0x00406c54                __frame802154_parse_from_thumb
                0x00406b70                __list_init_change_to_arm
                0x00406e1c                __maca_rx_callback_from_thumb
                0x00406a6c                __rimeaddr_copy_from_thumb
                0x00406dd8                __rx_packet_change_to_arm
                0x00406dac                __strlen_from_thumb
                0x00406c7c                __memb_alloc_from_thumb
                0x00406da4                __process_alloc_event_from_thumb
                0x00406c08                __channel_close_change_to_arm
                0x00406cdc                __clock_time_from_thumb
                0x00406d34                __rand_from_thumb
                0x00406be8                __abc_close_change_to_arm
                0x00406c78                __packetbuf_totlen_change_to_arm
                0x00406af4                __process_run_from_thumb
                0x00406b48                __chameleon_create_change_to_arm
                0x00406b04                __list_head_from_thumb
                0x00406a74                __memcmp_from_thumb
                0x00406b80                __broadcast_close_change_to_arm
                0x00406abc                __process_init_from_thumb
                0x00406cfc                __timer_restart_from_thumb
                0x00406c2c                __packetbuf_hdrptr_from_thumb
                0x00406a9c                __set_channel_from_thumb
                0x00406a78                __memcmp_change_to_arm
                0x00406d78                __packetbuf_copyto_hdr_change_to_arm
                0x00406b2c                __announcement_init_from_thumb
                0x00406d4c                __packetbuf_copyfrom_from_thumb
                0x00406c74                __packetbuf_totlen_from_thumb
                0x00406de4                __leds_arch_set_from_thumb
                0x00406d5c                __packetbuf_attr_copyto_from_thumb
                0x00406afc                __chameleon_parse_from_thumb
                0x00406c18                __channel_init_change_to_arm
                0x00406e18                ____aeabi_uldivmod_change_to_arm
                0x00406c64                __frame802154_hdrlen_from_thumb
                0x00406c68                __frame802154_hdrlen_change_to_arm
                0x00406cec                __timer_expired_from_thumb
                0x00406d50                __packetbuf_copyfrom_change_to_arm
                0x00406be4                __abc_close_from_thumb
                0x00406df8                __clock_delay_change_to_arm
                0x00406dfc                __leds_arch_init_from_thumb
                0x00406e2c                __uart1_putc_from_thumb
                0x00406b3c                __broadcast_announcement_init_from_thumb
                0x00406ba0                __memcpy_change_to_arm
                0x00406d7c                __packetbuf_copyto_from_thumb
                0x00406d14                __etimer_expired_from_thumb
                0x00406ca4                __memb_free_from_thumb
                0x00406ba8                __announcement_heard_change_to_arm
                0x00406db4                __strncmp_from_thumb
                0x00406e28                __maca_tx_callback_change_to_arm
                0x00406bb0                __ctimer_set_change_to_arm
                0x00406c28                __packetbuf_hdralloc_change_to_arm
                0x00406bec                __abc_open_from_thumb
                0x00406ad8                ____aeabi_idiv_change_to_arm
                0x00406b74                __ctimer_stop_from_thumb
                0x00406de0                __free_packet_change_to_arm
                0x00406cb0                __queuebuf_to_packetbuf_change_to_arm
                0x00406c14                __channel_init_from_thumb
                0x00406d30                __etimer_reset_change_to_arm
                0x00406e10                __dbg_send_bytes_change_to_arm
                0x00406d2c                __etimer_reset_from_thumb
                0x00406ab8                __clock_init_change_to_arm
                0x00406d28                __etimer_restart_change_to_arm
                0x00406a54                __leds_off_from_thumb
                0x00406c98                __list_length_change_to_arm
                0x00406b94                __packetbuf_dataptr_from_thumb
                0x00406d24                __etimer_restart_from_thumb
                0x00406b58                __abc_sent_change_to_arm
                0x00406d38                __rand_change_to_arm
                0x00406c70                __frame802154_create_change_to_arm
 *(.glue_7)
 .glue_7        0x00406e34        0x0 blink.co
 .glue_7        0x00406e34        0x0 obj_redbee-econotag/contiki-mc1322x-main.o
 .glue_7        0x00406e34        0x0 obj_redbee-econotag/start.o
 .glue_7        0x00406e34        0x0 obj_redbee-econotag/symbols.o
 .glue_7        0x00406e34        0x0 contiki-redbee-econotag.a(rimeaddr.o)
 .glue_7        0x00406e34        0x0 contiki-redbee-econotag.a(rime.o)
 .glue_7        0x00406e34        0x0 contiki-redbee-econotag.a(rimestats.o)
 .glue_7        0x00406e34        0x0 contiki-redbee-econotag.a(announcement.o)
 .glue_7        0x00406e34        0x0 contiki-redbee-econotag.a(broadcast-annou)
 .glue_7        0x00406e34        0x0 contiki-redbee-econotag.a(broadcast.o)
 .glue_7        0x00406e34        0x0 contiki-redbee-econotag.a(abc.o)
 .glue_7        0x00406e34        0x0 contiki-redbee-econotag.a(chameleon.o)
 .glue_7        0x00406e34        0x0 contiki-redbee-econotag.a(channel.o)
 .glue_7        0x00406e34        0x0 contiki-redbee-econotag.a(chameleon-bitop)
 .glue_7        0x00406e34        0x0 contiki-redbee-econotag.a(sicslowmac.o)
 .glue_7        0x00406e34        0x0 contiki-redbee-econotag.a(csma.o)
 .glue_7        0x00406e34        0x0 contiki-redbee-econotag.a(process.o)
 .glue_7        0x00406e34        0x0 contiki-redbee-econotag.a(autostart.o)
 .glue_7        0x00406e34        0x0 contiki-redbee-econotag.a(memb.o)
 .glue_7        0x00406e34        0x0 contiki-redbee-econotag.a(list.o)
 .glue_7        0x00406e34        0x0 contiki-redbee-econotag.a(etimer.o)
 .glue_7        0x00406e34        0x0 contiki-redbee-econotag.a(ctimer.o)
 .glue_7        0x00406e34        0x0 contiki-redbee-econotag.a(random.o)
 .glue_7        0x00406e34        0x0 contiki-redbee-econotag.a(packetbuf.o)
 .glue_7        0x00406e34        0x0 contiki-redbee-econotag.a(queuebuf.o)
 .glue_7        0x00406e34        0x0 contiki-redbee-econotag.a(clock.o)
 .glue_7        0x00406e34        0x0 contiki-redbee-econotag.a(button-sensor.o)
 .glue_7        0x00406e34        0x0 contiki-redbee-econotag.a(sensors.o)
 .glue_7        0x00406e34        0x0 contiki-redbee-econotag.a(contiki-crm.o)
 .glue_7        0x00406e34        0x0 contiki-redbee-econotag.a(contiki-maca.o)
 .glue_7        0x00406e34        0x0 contiki-redbee-econotag.a(contiki-misc.o)
 .glue_7        0x00406e34        0x0 contiki-redbee-econotag.a(leds.o)
 .glue_7        0x00406e34        0x0 contiki-redbee-econotag.a(contiki-uart.o)
 .glue_7        0x00406e34        0x0 contiki-redbee-econotag.a(dbg-printf.o)
 .glue_7        0x00406e34        0x0 contiki-redbee-econotag.a(strformat.o)
 .glue_7        0x00406e34        0x0 contiki-redbee-econotag.a(maca.o)
 .glue_7        0x00406e34        0x0 contiki-redbee-econotag.a(nvm.o)
 .glue_7        0x00406e34        0x0 contiki-redbee-econotag.a(uart1.o)
 .glue_7        0x00406e34        0x0 contiki-redbee-econotag.a(default_lowleve)
 .glue_7        0x00406e34        0x0 contiki-redbee-econotag.a(isr.o)
 .glue_7        0x00406e34        0x0 contiki-redbee-econotag.a(frame802154.o)
 .glue_7        0x00406e34        0x0 contiki-redbee-econotag.a(mac.o)
 .glue_7        0x00406e34        0x0 contiki-redbee-econotag.a(timer.o)
 .glue_7        0x00406e34        0x0 contiki-redbee-econotag.a(debug-uart.o)
 .glue_7        0x00406e34        0x0 contiki-redbee-econotag.a(leds-arch.o)
 .glue_7        0x00406e34        0x0 contiki-redbee-econotag.a(uart2.o)
 .glue_7        0x00406e34        0x0 /usr/local/cs97/CodeSourcery/Sourcery_G++_Lite/bin/../lib/gcc/arm-none-eabi/4.3.2/libgcc.a(_udivsi3.o)
 .glue_7        0x00406e34        0x0 /usr/local/cs97/CodeSourcery/Sourcery_G++_Lite/bin/../lib/gcc/arm-none-eabi/4.3.2/libgcc.a(_divsi3.o)
 .glue_7        0x00406e34        0x0 /usr/local/cs97/CodeSourcery/Sourcery_G++_Lite/bin/../lib/gcc/arm-none-eabi/4.3.2/libgcc.a(_dvmd_tls.o)
 .glue_7        0x00406e34        0x0 /usr/local/cs97/CodeSourcery/Sourcery_G++_Lite/bin/../lib/gcc/arm-none-eabi/4.3.2/libgcc.a(_aeabi_uldivmod.o)
 .glue_7        0x00406e34        0x0 /usr/local/cs97/CodeSourcery/Sourcery_G++_Lite/bin/../lib/gcc/arm-none-eabi/4.3.2/libgcc.a(bpabi.o)
 .glue_7        0x00406e34        0x0 /usr/local/cs97/CodeSourcery/Sourcery_G++_Lite/bin/../lib/gcc/arm-none-eabi/4.3.2/libgcc.a(_divdi3.o)
 .glue_7        0x00406e34        0x0 /usr/local/cs97/CodeSourcery/Sourcery_G++_Lite/bin/../lib/gcc/arm-none-eabi/4.3.2/libgcc.a(_udivdi3.o)
 .glue_7        0x00406e34        0x0 /usr/local/cs97/CodeSourcery/Sourcery_G++_Lite/bin/../lib/gcc/arm-none-eabi/4.3.2/libgcc.a(_clz.o)
 .glue_7        0x00406e34        0x0 /usr/local/cs97/CodeSourcery/Sourcery_G++_Lite/bin/../lib/gcc/arm-none-eabi/4.3.2/../../../../arm-none-eabi/lib/libc.a(lib_a-memcmp.o)
 .glue_7        0x00406e34        0x0 /usr/local/cs97/CodeSourcery/Sourcery_G++_Lite/bin/../lib/gcc/arm-none-eabi/4.3.2/../../../../arm-none-eabi/lib/libc.a(lib_a-memcpy.o)
 .glue_7        0x00406e34        0x0 /usr/local/cs97/CodeSourcery/Sourcery_G++_Lite/bin/../lib/gcc/arm-none-eabi/4.3.2/../../../../arm-none-eabi/lib/libc.a(lib_a-memset.o)
 .glue_7        0x00406e34        0x0 /usr/local/cs97/CodeSourcery/Sourcery_G++_Lite/bin/../lib/gcc/arm-none-eabi/4.3.2/../../../../arm-none-eabi/lib/libc.a(lib_a-strlen.o)
 .glue_7        0x00406e34        0x0 /usr/local/cs97/CodeSourcery/Sourcery_G++_Lite/bin/../lib/gcc/arm-none-eabi/4.3.2/../../../../arm-none-eabi/lib/libc.a(lib_a-strncmp.o)
 *(.vfp11_veneer)
 .vfp11_veneer  0x00406e34        0x0 blink.co
 .vfp11_veneer  0x00406e34        0x0 obj_redbee-econotag/contiki-mc1322x-main.o
 .vfp11_veneer  0x00406e34        0x0 obj_redbee-econotag/start.o
 .vfp11_veneer  0x00406e34        0x0 obj_redbee-econotag/symbols.o
 .vfp11_veneer  0x00406e34        0x0 contiki-redbee-econotag.a(rimeaddr.o)
 .vfp11_veneer  0x00406e34        0x0 contiki-redbee-econotag.a(rime.o)
 .vfp11_veneer  0x00406e34        0x0 contiki-redbee-econotag.a(rimestats.o)
 .vfp11_veneer  0x00406e34        0x0 contiki-redbee-econotag.a(announcement.o)
 .vfp11_veneer  0x00406e34        0x0 contiki-redbee-econotag.a(broadcast-annou)
 .vfp11_veneer  0x00406e34        0x0 contiki-redbee-econotag.a(broadcast.o)
 .vfp11_veneer  0x00406e34        0x0 contiki-redbee-econotag.a(abc.o)
 .vfp11_veneer  0x00406e34        0x0 contiki-redbee-econotag.a(chameleon.o)
 .vfp11_veneer  0x00406e34        0x0 contiki-redbee-econotag.a(channel.o)
 .vfp11_veneer  0x00406e34        0x0 contiki-redbee-econotag.a(chameleon-bitop)
 .vfp11_veneer  0x00406e34        0x0 contiki-redbee-econotag.a(sicslowmac.o)
 .vfp11_veneer  0x00406e34        0x0 contiki-redbee-econotag.a(csma.o)
 .vfp11_veneer  0x00406e34        0x0 contiki-redbee-econotag.a(process.o)
 .vfp11_veneer  0x00406e34        0x0 contiki-redbee-econotag.a(autostart.o)
 .vfp11_veneer  0x00406e34        0x0 contiki-redbee-econotag.a(memb.o)
 .vfp11_veneer  0x00406e34        0x0 contiki-redbee-econotag.a(list.o)
 .vfp11_veneer  0x00406e34        0x0 contiki-redbee-econotag.a(etimer.o)
 .vfp11_veneer  0x00406e34        0x0 contiki-redbee-econotag.a(ctimer.o)
 .vfp11_veneer  0x00406e34        0x0 contiki-redbee-econotag.a(random.o)
 .vfp11_veneer  0x00406e34        0x0 contiki-redbee-econotag.a(packetbuf.o)
 .vfp11_veneer  0x00406e34        0x0 contiki-redbee-econotag.a(queuebuf.o)
 .vfp11_veneer  0x00406e34        0x0 contiki-redbee-econotag.a(clock.o)
 .vfp11_veneer  0x00406e34        0x0 contiki-redbee-econotag.a(button-sensor.o)
 .vfp11_veneer  0x00406e34        0x0 contiki-redbee-econotag.a(sensors.o)
 .vfp11_veneer  0x00406e34        0x0 contiki-redbee-econotag.a(contiki-crm.o)
 .vfp11_veneer  0x00406e34        0x0 contiki-redbee-econotag.a(contiki-maca.o)
 .vfp11_veneer  0x00406e34        0x0 contiki-redbee-econotag.a(contiki-misc.o)
 .vfp11_veneer  0x00406e34        0x0 contiki-redbee-econotag.a(leds.o)
 .vfp11_veneer  0x00406e34        0x0 contiki-redbee-econotag.a(contiki-uart.o)
 .vfp11_veneer  0x00406e34        0x0 contiki-redbee-econotag.a(dbg-printf.o)
 .vfp11_veneer  0x00406e34        0x0 contiki-redbee-econotag.a(strformat.o)
 .vfp11_veneer  0x00406e34        0x0 contiki-redbee-econotag.a(maca.o)
 .vfp11_veneer  0x00406e34        0x0 contiki-redbee-econotag.a(nvm.o)
 .vfp11_veneer  0x00406e34        0x0 contiki-redbee-econotag.a(uart1.o)
 .vfp11_veneer  0x00406e34        0x0 contiki-redbee-econotag.a(default_lowleve)
 .vfp11_veneer  0x00406e34        0x0 contiki-redbee-econotag.a(isr.o)
 .vfp11_veneer  0x00406e34        0x0 contiki-redbee-econotag.a(frame802154.o)
 .vfp11_veneer  0x00406e34        0x0 contiki-redbee-econotag.a(mac.o)
 .vfp11_veneer  0x00406e34        0x0 contiki-redbee-econotag.a(timer.o)
 .vfp11_veneer  0x00406e34        0x0 contiki-redbee-econotag.a(debug-uart.o)
 .vfp11_veneer  0x00406e34        0x0 contiki-redbee-econotag.a(leds-arch.o)
 .vfp11_veneer  0x00406e34        0x0 contiki-redbee-econotag.a(uart2.o)
 .vfp11_veneer  0x00406e34        0x0 /usr/local/cs97/CodeSourcery/Sourcery_G++_Lite/bin/../lib/gcc/arm-none-eabi/4.3.2/libgcc.a(_udivsi3.o)
 .vfp11_veneer  0x00406e34        0x0 /usr/local/cs97/CodeSourcery/Sourcery_G++_Lite/bin/../lib/gcc/arm-none-eabi/4.3.2/libgcc.a(_divsi3.o)
 .vfp11_veneer  0x00406e34        0x0 /usr/local/cs97/CodeSourcery/Sourcery_G++_Lite/bin/../lib/gcc/arm-none-eabi/4.3.2/libgcc.a(_dvmd_tls.o)
 .vfp11_veneer  0x00406e34        0x0 /usr/local/cs97/CodeSourcery/Sourcery_G++_Lite/bin/../lib/gcc/arm-none-eabi/4.3.2/libgcc.a(_aeabi_uldivmod.o)
 .vfp11_veneer  0x00406e34        0x0 /usr/local/cs97/CodeSourcery/Sourcery_G++_Lite/bin/../lib/gcc/arm-none-eabi/4.3.2/libgcc.a(bpabi.o)
 .vfp11_veneer  0x00406e34        0x0 /usr/local/cs97/CodeSourcery/Sourcery_G++_Lite/bin/../lib/gcc/arm-none-eabi/4.3.2/libgcc.a(_divdi3.o)
 .vfp11_veneer  0x00406e34        0x0 /usr/local/cs97/CodeSourcery/Sourcery_G++_Lite/bin/../lib/gcc/arm-none-eabi/4.3.2/libgcc.a(_udivdi3.o)
 .vfp11_veneer  0x00406e34        0x0 /usr/local/cs97/CodeSourcery/Sourcery_G++_Lite/bin/../lib/gcc/arm-none-eabi/4.3.2/libgcc.a(_clz.o)
 .vfp11_veneer  0x00406e34        0x0 /usr/local/cs97/CodeSourcery/Sourcery_G++_Lite/bin/../lib/gcc/arm-none-eabi/4.3.2/../../../../arm-none-eabi/lib/libc.a(lib_a-memcmp.o)
 .vfp11_veneer  0x00406e34        0x0 /usr/local/cs97/CodeSourcery/Sourcery_G++_Lite/bin/../lib/gcc/arm-none-eabi/4.3.2/../../../../arm-none-eabi/lib/libc.a(lib_a-memcpy.o)
 .vfp11_veneer  0x00406e34        0x0 /usr/local/cs97/CodeSourcery/Sourcery_G++_Lite/bin/../lib/gcc/arm-none-eabi/4.3.2/../../../../arm-none-eabi/lib/libc.a(lib_a-memset.o)
 .vfp11_veneer  0x00406e34        0x0 /usr/local/cs97/CodeSourcery/Sourcery_G++_Lite/bin/../lib/gcc/arm-none-eabi/4.3.2/../../../../arm-none-eabi/lib/libc.a(lib_a-strlen.o)
 .vfp11_veneer  0x00406e34        0x0 /usr/local/cs97/CodeSourcery/Sourcery_G++_Lite/bin/../lib/gcc/arm-none-eabi/4.3.2/../../../../arm-none-eabi/lib/libc.a(lib_a-strncmp.o)
 *(.v4_bx)
 .v4_bx         0x00406e34        0x0 blink.co
 .v4_bx         0x00406e34        0x0 obj_redbee-econotag/contiki-mc1322x-main.o
 .v4_bx         0x00406e34        0x0 obj_redbee-econotag/start.o
 .v4_bx         0x00406e34        0x0 obj_redbee-econotag/symbols.o
 .v4_bx         0x00406e34        0x0 contiki-redbee-econotag.a(rimeaddr.o)
 .v4_bx         0x00406e34        0x0 contiki-redbee-econotag.a(rime.o)
 .v4_bx         0x00406e34        0x0 contiki-redbee-econotag.a(rimestats.o)
 .v4_bx         0x00406e34        0x0 contiki-redbee-econotag.a(announcement.o)
 .v4_bx         0x00406e34        0x0 contiki-redbee-econotag.a(broadcast-annou)
 .v4_bx         0x00406e34        0x0 contiki-redbee-econotag.a(broadcast.o)
 .v4_bx         0x00406e34        0x0 contiki-redbee-econotag.a(abc.o)
 .v4_bx         0x00406e34        0x0 contiki-redbee-econotag.a(chameleon.o)
 .v4_bx         0x00406e34        0x0 contiki-redbee-econotag.a(channel.o)
 .v4_bx         0x00406e34        0x0 contiki-redbee-econotag.a(chameleon-bitop)
 .v4_bx         0x00406e34        0x0 contiki-redbee-econotag.a(sicslowmac.o)
 .v4_bx         0x00406e34        0x0 contiki-redbee-econotag.a(csma.o)
 .v4_bx         0x00406e34        0x0 contiki-redbee-econotag.a(process.o)
 .v4_bx         0x00406e34        0x0 contiki-redbee-econotag.a(autostart.o)
 .v4_bx         0x00406e34        0x0 contiki-redbee-econotag.a(memb.o)
 .v4_bx         0x00406e34        0x0 contiki-redbee-econotag.a(list.o)
 .v4_bx         0x00406e34        0x0 contiki-redbee-econotag.a(etimer.o)
 .v4_bx         0x00406e34        0x0 contiki-redbee-econotag.a(ctimer.o)
 .v4_bx         0x00406e34        0x0 contiki-redbee-econotag.a(random.o)
 .v4_bx         0x00406e34        0x0 contiki-redbee-econotag.a(packetbuf.o)
 .v4_bx         0x00406e34        0x0 contiki-redbee-econotag.a(queuebuf.o)
 .v4_bx         0x00406e34        0x0 contiki-redbee-econotag.a(clock.o)
 .v4_bx         0x00406e34        0x0 contiki-redbee-econotag.a(button-sensor.o)
 .v4_bx         0x00406e34        0x0 contiki-redbee-econotag.a(sensors.o)
 .v4_bx         0x00406e34        0x0 contiki-redbee-econotag.a(contiki-crm.o)
 .v4_bx         0x00406e34        0x0 contiki-redbee-econotag.a(contiki-maca.o)
 .v4_bx         0x00406e34        0x0 contiki-redbee-econotag.a(contiki-misc.o)
 .v4_bx         0x00406e34        0x0 contiki-redbee-econotag.a(leds.o)
 .v4_bx         0x00406e34        0x0 contiki-redbee-econotag.a(contiki-uart.o)
 .v4_bx         0x00406e34        0x0 contiki-redbee-econotag.a(dbg-printf.o)
 .v4_bx         0x00406e34        0x0 contiki-redbee-econotag.a(strformat.o)
 .v4_bx         0x00406e34        0x0 contiki-redbee-econotag.a(maca.o)
 .v4_bx         0x00406e34        0x0 contiki-redbee-econotag.a(nvm.o)
 .v4_bx         0x00406e34        0x0 contiki-redbee-econotag.a(uart1.o)
 .v4_bx         0x00406e34        0x0 contiki-redbee-econotag.a(default_lowleve)
 .v4_bx         0x00406e34        0x0 contiki-redbee-econotag.a(isr.o)
 .v4_bx         0x00406e34        0x0 contiki-redbee-econotag.a(frame802154.o)
 .v4_bx         0x00406e34        0x0 contiki-redbee-econotag.a(mac.o)
 .v4_bx         0x00406e34        0x0 contiki-redbee-econotag.a(timer.o)
 .v4_bx         0x00406e34        0x0 contiki-redbee-econotag.a(debug-uart.o)
 .v4_bx         0x00406e34        0x0 contiki-redbee-econotag.a(leds-arch.o)
 .v4_bx         0x00406e34        0x0 contiki-redbee-econotag.a(uart2.o)
 .v4_bx         0x00406e34        0x0 /usr/local/cs97/CodeSourcery/Sourcery_G++_Lite/bin/../lib/gcc/arm-none-eabi/4.3.2/libgcc.a(_udivsi3.o)
 .v4_bx         0x00406e34        0x0 /usr/local/cs97/CodeSourcery/Sourcery_G++_Lite/bin/../lib/gcc/arm-none-eabi/4.3.2/libgcc.a(_divsi3.o)
 .v4_bx         0x00406e34        0x0 /usr/local/cs97/CodeSourcery/Sourcery_G++_Lite/bin/../lib/gcc/arm-none-eabi/4.3.2/libgcc.a(_dvmd_tls.o)
 .v4_bx         0x00406e34        0x0 /usr/local/cs97/CodeSourcery/Sourcery_G++_Lite/bin/../lib/gcc/arm-none-eabi/4.3.2/libgcc.a(_aeabi_uldivmod.o)
 .v4_bx         0x00406e34        0x0 /usr/local/cs97/CodeSourcery/Sourcery_G++_Lite/bin/../lib/gcc/arm-none-eabi/4.3.2/libgcc.a(bpabi.o)
 .v4_bx         0x00406e34        0x0 /usr/local/cs97/CodeSourcery/Sourcery_G++_Lite/bin/../lib/gcc/arm-none-eabi/4.3.2/libgcc.a(_divdi3.o)
 .v4_bx         0x00406e34        0x0 /usr/local/cs97/CodeSourcery/Sourcery_G++_Lite/bin/../lib/gcc/arm-none-eabi/4.3.2/libgcc.a(_udivdi3.o)
 .v4_bx         0x00406e34        0x0 /usr/local/cs97/CodeSourcery/Sourcery_G++_Lite/bin/../lib/gcc/arm-none-eabi/4.3.2/libgcc.a(_clz.o)
 .v4_bx         0x00406e34        0x0 /usr/local/cs97/CodeSourcery/Sourcery_G++_Lite/bin/../lib/gcc/arm-none-eabi/4.3.2/../../../../arm-none-eabi/lib/libc.a(lib_a-memcmp.o)
 .v4_bx         0x00406e34        0x0 /usr/local/cs97/CodeSourcery/Sourcery_G++_Lite/bin/../lib/gcc/arm-none-eabi/4.3.2/../../../../arm-none-eabi/lib/libc.a(lib_a-memcpy.o)
 .v4_bx         0x00406e34        0x0 /usr/local/cs97/CodeSourcery/Sourcery_G++_Lite/bin/../lib/gcc/arm-none-eabi/4.3.2/../../../../arm-none-eabi/lib/libc.a(lib_a-memset.o)
 .v4_bx         0x00406e34        0x0 /usr/local/cs97/CodeSourcery/Sourcery_G++_Lite/bin/../lib/gcc/arm-none-eabi/4.3.2/../../../../arm-none-eabi/lib/libc.a(lib_a-strlen.o)
 .v4_bx         0x00406e34        0x0 /usr/local/cs97/CodeSourcery/Sourcery_G++_Lite/bin/../lib/gcc/arm-none-eabi/4.3.2/../../../../arm-none-eabi/lib/libc.a(lib_a-strncmp.o)

.janus_2cc_veneer
                0x00406e34        0x0
 .janus_2cc_veneer
                0x00406e34        0x0 blink.co
 .janus_2cc_veneer
                0x00406e34        0x0 obj_redbee-econotag/contiki-mc1322x-main.o
 .janus_2cc_veneer
                0x00406e34        0x0 obj_redbee-econotag/start.o
 .janus_2cc_veneer
                0x00406e34        0x0 obj_redbee-econotag/symbols.o
 .janus_2cc_veneer
                0x00406e34        0x0 contiki-redbee-econotag.a(rimeaddr.o)
 .janus_2cc_veneer
                0x00406e34        0x0 contiki-redbee-econotag.a(rime.o)
 .janus_2cc_veneer
                0x00406e34        0x0 contiki-redbee-econotag.a(rimestats.o)
 .janus_2cc_veneer
                0x00406e34        0x0 contiki-redbee-econotag.a(announcement.o)
 .janus_2cc_veneer
                0x00406e34        0x0 contiki-redbee-econotag.a(broadcast-annou)
 .janus_2cc_veneer
                0x00406e34        0x0 contiki-redbee-econotag.a(broadcast.o)
 .janus_2cc_veneer
                0x00406e34        0x0 contiki-redbee-econotag.a(abc.o)
 .janus_2cc_veneer
                0x00406e34        0x0 contiki-redbee-econotag.a(chameleon.o)
 .janus_2cc_veneer
                0x00406e34        0x0 contiki-redbee-econotag.a(channel.o)
 .janus_2cc_veneer
                0x00406e34        0x0 contiki-redbee-econotag.a(chameleon-bitop)
 .janus_2cc_veneer
                0x00406e34        0x0 contiki-redbee-econotag.a(sicslowmac.o)
 .janus_2cc_veneer
                0x00406e34        0x0 contiki-redbee-econotag.a(csma.o)
 .janus_2cc_veneer
                0x00406e34        0x0 contiki-redbee-econotag.a(process.o)
 .janus_2cc_veneer
                0x00406e34        0x0 contiki-redbee-econotag.a(autostart.o)
 .janus_2cc_veneer
                0x00406e34        0x0 contiki-redbee-econotag.a(memb.o)
 .janus_2cc_veneer
                0x00406e34        0x0 contiki-redbee-econotag.a(list.o)
 .janus_2cc_veneer
                0x00406e34        0x0 contiki-redbee-econotag.a(etimer.o)
 .janus_2cc_veneer
                0x00406e34        0x0 contiki-redbee-econotag.a(ctimer.o)
 .janus_2cc_veneer
                0x00406e34        0x0 contiki-redbee-econotag.a(random.o)
 .janus_2cc_veneer
                0x00406e34        0x0 contiki-redbee-econotag.a(packetbuf.o)
 .janus_2cc_veneer
                0x00406e34        0x0 contiki-redbee-econotag.a(queuebuf.o)
 .janus_2cc_veneer
                0x00406e34        0x0 contiki-redbee-econotag.a(clock.o)
 .janus_2cc_veneer
                0x00406e34        0x0 contiki-redbee-econotag.a(button-sensor.o)
 .janus_2cc_veneer
                0x00406e34        0x0 contiki-redbee-econotag.a(sensors.o)
 .janus_2cc_veneer
                0x00406e34        0x0 contiki-redbee-econotag.a(contiki-crm.o)
 .janus_2cc_veneer
                0x00406e34        0x0 contiki-redbee-econotag.a(contiki-maca.o)
 .janus_2cc_veneer
                0x00406e34        0x0 contiki-redbee-econotag.a(contiki-misc.o)
 .janus_2cc_veneer
                0x00406e34        0x0 contiki-redbee-econotag.a(leds.o)
 .janus_2cc_veneer
                0x00406e34        0x0 contiki-redbee-econotag.a(contiki-uart.o)
 .janus_2cc_veneer
                0x00406e34        0x0 contiki-redbee-econotag.a(dbg-printf.o)
 .janus_2cc_veneer
                0x00406e34        0x0 contiki-redbee-econotag.a(strformat.o)
 .janus_2cc_veneer
                0x00406e34        0x0 contiki-redbee-econotag.a(maca.o)
 .janus_2cc_veneer
                0x00406e34        0x0 contiki-redbee-econotag.a(nvm.o)
 .janus_2cc_veneer
                0x00406e34        0x0 contiki-redbee-econotag.a(uart1.o)
 .janus_2cc_veneer
                0x00406e34        0x0 contiki-redbee-econotag.a(default_lowleve)
 .janus_2cc_veneer
                0x00406e34        0x0 contiki-redbee-econotag.a(isr.o)
 .janus_2cc_veneer
                0x00406e34        0x0 contiki-redbee-econotag.a(frame802154.o)
 .janus_2cc_veneer
                0x00406e34        0x0 contiki-redbee-econotag.a(mac.o)
 .janus_2cc_veneer
                0x00406e34        0x0 contiki-redbee-econotag.a(timer.o)
 .janus_2cc_veneer
                0x00406e34        0x0 contiki-redbee-econotag.a(debug-uart.o)
 .janus_2cc_veneer
                0x00406e34        0x0 contiki-redbee-econotag.a(leds-arch.o)
 .janus_2cc_veneer
                0x00406e34        0x0 contiki-redbee-econotag.a(uart2.o)
 .janus_2cc_veneer
                0x00406e34        0x0 /usr/local/cs97/CodeSourcery/Sourcery_G++_Lite/bin/../lib/gcc/arm-none-eabi/4.3.2/libgcc.a(_udivsi3.o)
 .janus_2cc_veneer
                0x00406e34        0x0 /usr/local/cs97/CodeSourcery/Sourcery_G++_Lite/bin/../lib/gcc/arm-none-eabi/4.3.2/libgcc.a(_divsi3.o)
 .janus_2cc_veneer
                0x00406e34        0x0 /usr/local/cs97/CodeSourcery/Sourcery_G++_Lite/bin/../lib/gcc/arm-none-eabi/4.3.2/libgcc.a(_dvmd_tls.o)
 .janus_2cc_veneer
                0x00406e34        0x0 /usr/local/cs97/CodeSourcery/Sourcery_G++_Lite/bin/../lib/gcc/arm-none-eabi/4.3.2/libgcc.a(_aeabi_uldivmod.o)
 .janus_2cc_veneer
                0x00406e34        0x0 /usr/local/cs97/CodeSourcery/Sourcery_G++_Lite/bin/../lib/gcc/arm-none-eabi/4.3.2/libgcc.a(bpabi.o)
 .janus_2cc_veneer
                0x00406e34        0x0 /usr/local/cs97/CodeSourcery/Sourcery_G++_Lite/bin/../lib/gcc/arm-none-eabi/4.3.2/libgcc.a(_divdi3.o)
 .janus_2cc_veneer
                0x00406e34        0x0 /usr/local/cs97/CodeSourcery/Sourcery_G++_Lite/bin/../lib/gcc/arm-none-eabi/4.3.2/libgcc.a(_udivdi3.o)
 .janus_2cc_veneer
                0x00406e34        0x0 /usr/local/cs97/CodeSourcery/Sourcery_G++_Lite/bin/../lib/gcc/arm-none-eabi/4.3.2/libgcc.a(_clz.o)
 .janus_2cc_veneer
                0x00406e34        0x0 /usr/local/cs97/CodeSourcery/Sourcery_G++_Lite/bin/../lib/gcc/arm-none-eabi/4.3.2/../../../../arm-none-eabi/lib/libc.a(lib_a-memcmp.o)
 .janus_2cc_veneer
                0x00406e34        0x0 /usr/local/cs97/CodeSourcery/Sourcery_G++_Lite/bin/../lib/gcc/arm-none-eabi/4.3.2/../../../../arm-none-eabi/lib/libc.a(lib_a-memcpy.o)
 .janus_2cc_veneer
                0x00406e34        0x0 /usr/local/cs97/CodeSourcery/Sourcery_G++_Lite/bin/../lib/gcc/arm-none-eabi/4.3.2/../../../../arm-none-eabi/lib/libc.a(lib_a-memset.o)
 .janus_2cc_veneer
                0x00406e34        0x0 /usr/local/cs97/CodeSourcery/Sourcery_G++_Lite/bin/../lib/gcc/arm-none-eabi/4.3.2/../../../../arm-none-eabi/lib/libc.a(lib_a-strlen.o)
 .janus_2cc_veneer
                0x00406e34        0x0 /usr/local/cs97/CodeSourcery/Sourcery_G++_Lite/bin/../lib/gcc/arm-none-eabi/4.3.2/../../../../arm-none-eabi/lib/libc.a(lib_a-strncmp.o)

.interp
 *(.interp)

.note.gnu.build-id
 *(.note.gnu.build-id)

.hash
 *(.hash)

.gnu.hash
 *(.gnu.hash)

.dynsym
 *(.dynsym)

.dynstr
 *(.dynstr)

.gnu.version
 *(.gnu.version)

.gnu.version_d
 *(.gnu.version_d)

.gnu.version_r
 *(.gnu.version_r)

.rel.dyn
 *(.rel.init)
 *(.rel.text .rel.text.* .rel.gnu.linkonce.t.*)
 *(.rel.fini)
 *(.rel.rodata .rel.rodata.* .rel.gnu.linkonce.r.*)
 *(.rel.data.rel.ro* .rel.gnu.linkonce.d.rel.ro.*)
 *(.rel.data .rel.data.* .rel.gnu.linkonce.d.*)
 *(.rel.tdata .rel.tdata.* .rel.gnu.linkonce.td.*)
 *(.rel.tbss .rel.tbss.* .rel.gnu.linkonce.tb.*)
 *(.rel.ctors)
 *(.rel.dtors)
 *(.rel.got)
 *(.rel.bss .rel.bss.* .rel.gnu.linkonce.b.*)

.rela.dyn
 *(.rela.init)
 *(.rela.text .rela.text.* .rela.gnu.linkonce.t.*)
 *(.rela.fini)
 *(.rela.rodata .rela.rodata.* .rela.gnu.linkonce.r.*)
 *(.rela.data .rela.data.* .rela.gnu.linkonce.d.*)
 *(.rela.tdata .rela.tdata.* .rela.gnu.linkonce.td.*)
 *(.rela.tbss .rela.tbss.* .rela.gnu.linkonce.tb.*)
 *(.rela.ctors)
 *(.rela.dtors)
 *(.rela.got)
 *(.rela.bss .rela.bss.* .rela.gnu.linkonce.b.*)

.rel.plt
 *(.rel.plt)

.rela.plt
 *(.rela.plt)

.init
 *(.init)

.plt
 *(.plt)

.fini
 *(.fini)
                0x00406e34                PROVIDE (__etext, .)
                0x00406e34                PROVIDE (_etext, .)
                0x00406e34                PROVIDE (etext, .)

.rodata         0x00406e34      0x7a8
 *(.rodata .rodata.* .gnu.linkonce.r.*)
 .rodata        0x00406e34        0x8 blink.co
                0x00406e34                autostart_processes
 .rodata.str1.1
                0x00406e3c       0x24 blink.co
 .rodata        0x00406e60        0x8 obj_redbee-econotag/contiki-mc1322x-main.o
                0x00406e60                addr_ff
 .rodata.str1.1
                0x00406e68       0x6d obj_redbee-econotag/contiki-mc1322x-main.o
                                 0x6f (size before relaxing)
 *fill*         0x00406ed5        0x3 00
 .rodata        0x00406ed8        0xc obj_redbee-econotag/symbols.o
                0x00406edc                symbols
                0x00406ed8                symbols_nelts
 .rodata        0x00406ee4        0x8 contiki-redbee-econotag.a(rimeaddr.o)
                0x00406ee4                rimeaddr_null
 .rodata        0x00406eec        0xc contiki-redbee-econotag.a(rime.o)
                0x00406eec                rime_driver
 .rodata.str1.1
                0x00406ef8        0x5 contiki-redbee-econotag.a(rime.o)
 *fill*         0x00406efd        0x3 00
 .rodata        0x00406f00        0x8 contiki-redbee-econotag.a(broadcast-annou)
 .rodata.str1.1
                0x00406f08       0x1d contiki-redbee-econotag.a(broadcast-annou)
 *fill*         0x00406f25        0x3 00
 .rodata        0x00406f28        0xc contiki-redbee-econotag.a(broadcast.o)
 .rodata        0x00406f34        0x2 contiki-redbee-econotag.a(abc.o)
 *fill*         0x00406f36        0x2 00
 .rodata        0x00406f38       0x18 contiki-redbee-econotag.a(chameleon-bitop)
                0x00406f44                chameleon_bitopt
 .rodata        0x00406f50       0x1c contiki-redbee-econotag.a(sicslowmac.o)
                0x00406f50                sicslowmac_driver
 .rodata.str1.1
                0x00406f6c        0xb contiki-redbee-econotag.a(sicslowmac.o)
 *fill*         0x00406f77        0x1 00
 .rodata        0x00406f78       0x1c contiki-redbee-econotag.a(csma.o)
                0x00406f78                csma_driver
 .rodata.str1.1
                0x00406f94        0x5 contiki-redbee-econotag.a(csma.o)
 .rodata.str1.1
                0x00406f99        0xc contiki-redbee-econotag.a(etimer.o)
 .rodata.str1.1
                0x00406fa5        0xf contiki-redbee-econotag.a(ctimer.o)
 .rodata        0x00406fb4        0x4 contiki-redbee-econotag.a(packetbuf.o)
 .rodata        0x00406fb8       0x10 contiki-redbee-econotag.a(button-sensor.o)
                0x00406fb8                button_sensor
 .rodata.str1.1
                0x00406fc8        0x7 contiki-redbee-econotag.a(button-sensor.o)
 .rodata.str1.1
                0x00406fcf        0x8 contiki-redbee-econotag.a(sensors.o)
 .rodata.str1.1
                0x00406fd7       0xd1 contiki-redbee-econotag.a(contiki-crm.o)
 .rodata        0x004070a8       0x28 contiki-redbee-econotag.a(contiki-maca.o)
                0x004070a8                contiki_maca_driver
 .rodata.str1.1
                0x004070d0        0xd contiki-redbee-econotag.a(contiki-maca.o)
 .rodata        0x004070dd       0x20 contiki-redbee-econotag.a(strformat.o)
 .rodata.str1.1
                0x004070fd       0x35 contiki-redbee-econotag.a(strformat.o)
                                 0x37 (size before relaxing)
 *fill*         0x00407132        0x2 00
 .rodata        0x00407134      0x338 contiki-redbee-econotag.a(maca.o)
                0x00407304                data_cal5
                0x00407254                VCODivI
                0x004071bc                PAVAL
                0x00407264                VCODivF
                0x004072e4                data_cal3_seq2
                0x004072ec                addr_cal3_seq3
                0x004072c4                addr_cal3_seq1
                0x004073c0                data_reg_rep
                0x004072b4                addr_seq2
                0x004072f0                data_cal3_seq3
                0x004072f4                addr_cal5
                0x004072ac                data_seq1
                0x004072d0                data_cal3_seq1
                0x004072bc                data_seq2
                0x00407170                PSMVAL
                0x004072dc                addr_cal3_seq2
                0x00407208                AIMVAL
                0x00407314                addr_reg_rep
                0x004072a4                addr_seq1
 .rodata.str1.1
                0x0040746c       0x70 contiki-redbee-econotag.a(maca.o)
                                 0x73 (size before relaxing)
 .rodata        0x004074dc      0x100 /usr/local/cs97/CodeSourcery/Sourcery_G++_Lite/bin/../lib/gcc/arm-none-eabi/4.3.2/libgcc.a(_clz.o)
                0x004074dc                __clz_tab

.ARM.extab      0x004075dc        0x0
 .ARM.extab     0x004075dc        0x0 /usr/local/cs97/CodeSourcery/Sourcery_G++_Lite/bin/../lib/gcc/arm-none-eabi/4.3.2/libgcc.a(_divdi3.o)
 .ARM.extab     0x004075dc        0x0 /usr/local/cs97/CodeSourcery/Sourcery_G++_Lite/bin/../lib/gcc/arm-none-eabi/4.3.2/libgcc.a(_udivdi3.o)

.ARM.exidx      0x004075dc       0x10
 .ARM.exidx     0x004075dc        0x8 /usr/local/cs97/CodeSourcery/Sourcery_G++_Lite/bin/../lib/gcc/arm-none-eabi/4.3.2/libgcc.a(_divdi3.o)
 .ARM.exidx     0x004075e4        0x8 /usr/local/cs97/CodeSourcery/Sourcery_G++_Lite/bin/../lib/gcc/arm-none-eabi/4.3.2/libgcc.a(_udivdi3.o)

.rodata1
 *(.rodata1)

.eh_frame_hdr
 *(.eh_frame_hdr)

.eh_frame
 *(.eh_frame)

.gcc_except_table
 *(.gcc_except_table .gcc_except_table.*)
                0x004075ec                . = ALIGN (0x4)
                0x004075ec                . = (0x4 DATA_SEGMENT_ALIGN 0x4)

.eh_frame
 *(.eh_frame)

.gcc_except_table
 *(.gcc_except_table .gcc_except_table.*)

.tdata
 *(.tdata .tdata.* .gnu.linkonce.td.*)

.tbss
 *(.tbss .tbss.* .gnu.linkonce.tb.*)
 *(.tcommon)

.preinit_array  0x004075ec        0x0
                0x004075ec                PROVIDE (__preinit_array_start, .)
 *(.preinit_array)
                0x004075ec                PROVIDE (__preinit_array_end, .)

.init_array     0x004075ec        0x0
                0x004075ec                PROVIDE (__init_array_start, .)
 *(SORT(.init_array.*))
 *(.init_array)
                0x004075ec                PROVIDE (__init_array_end, .)

.fini_array     0x004075ec        0x0
                0x004075ec                PROVIDE (__fini_array_start, .)
 *(.fini_array)
 *(SORT(.fini_array.*))
                0x004075ec                PROVIDE (__fini_array_end, .)

.ctors
 *crtbegin.o(.ctors)
 *crtbegin?.o(.ctors)
 *(EXCLUDE_FILE(*crtend?.o *crtend.o) .ctors)
 *(SORT(.ctors.*))
 *(.ctors)

.dtors
 *crtbegin.o(.dtors)
 *crtbegin?.o(.dtors)
 *(EXCLUDE_FILE(*crtend?.o *crtend.o) .dtors)
 *(SORT(.dtors.*))
 *(.dtors)

.jcr
 *(.jcr)

.data.rel.ro
 *(.data.rel.ro.local* .gnu.linkonce.d.rel.ro.local.*)
 *(.data.rel.ro* .gnu.linkonce.d.rel.ro.*)

.dynamic
 *(.dynamic)
                0x004075ec                . = (. DATA_SEGMENT_RELRO_END 0x0)

.got
 *(.got.plt)
 *(.got)

.data           0x004075ec       0xc0
                0x004075ec                __data_start = .
 *(.data .data.* .gnu.linkonce.d.*)
 .data          0x004075ec       0x10 blink.co
                0x004075ec                blink_process
 .data          0x004075fc        0x8 obj_redbee-econotag/contiki-mc1322x-main.o
                0x004075fc                sensors
 .data          0x00407604        0x0 obj_redbee-econotag/start.o
 .data          0x00407604        0x0 obj_redbee-econotag/symbols.o
 .data          0x00407604        0x0 contiki-redbee-econotag.a(rimeaddr.o)
 .data          0x00407604        0x0 contiki-redbee-econotag.a(rime.o)
 .data          0x00407604        0x0 contiki-redbee-econotag.a(rimestats.o)
 .data          0x00407604        0x0 contiki-redbee-econotag.a(announcement.o)
 .data          0x00407604        0x0 contiki-redbee-econotag.a(broadcast-annou)
 .data          0x00407604        0x0 contiki-redbee-econotag.a(broadcast.o)
 .data          0x00407604        0x0 contiki-redbee-econotag.a(abc.o)
 .data          0x00407604        0x0 contiki-redbee-econotag.a(chameleon.o)
 .data          0x00407604        0x0 contiki-redbee-econotag.a(channel.o)
 .data          0x00407604        0x0 contiki-redbee-econotag.a(chameleon-bitop)
 .data          0x00407604        0x0 contiki-redbee-econotag.a(sicslowmac.o)
 .data          0x00407604        0xc contiki-redbee-econotag.a(csma.o)
 .data          0x00407610        0x0 contiki-redbee-econotag.a(process.o)
 .data          0x00407610        0x0 contiki-redbee-econotag.a(autostart.o)
 .data          0x00407610        0x0 contiki-redbee-econotag.a(memb.o)
 .data          0x00407610        0x0 contiki-redbee-econotag.a(list.o)
 .data          0x00407610       0x10 contiki-redbee-econotag.a(etimer.o)
                0x00407610                etimer_process
 .data          0x00407620       0x10 contiki-redbee-econotag.a(ctimer.o)
                0x00407620                ctimer_process
 .data          0x00407630        0x0 contiki-redbee-econotag.a(random.o)
 .data          0x00407630        0x0 contiki-redbee-econotag.a(packetbuf.o)
 .data          0x00407630       0x18 contiki-redbee-econotag.a(queuebuf.o)
 .data          0x00407648        0x0 contiki-redbee-econotag.a(clock.o)
 .data          0x00407648        0x0 contiki-redbee-econotag.a(button-sensor.o)
 .data          0x00407648       0x10 contiki-redbee-econotag.a(sensors.o)
                0x00407648                sensors_process
 .data          0x00407658        0x0 contiki-redbee-econotag.a(contiki-crm.o)
 .data          0x00407658       0x10 contiki-redbee-econotag.a(contiki-maca.o)
                0x00407658                contiki_maca_process
 .data          0x00407668        0x0 contiki-redbee-econotag.a(contiki-misc.o)
 .data          0x00407668        0x0 contiki-redbee-econotag.a(leds.o)
 .data          0x00407668        0x0 contiki-redbee-econotag.a(contiki-uart.o)
 .data          0x00407668        0x8 contiki-redbee-econotag.a(dbg-printf.o)
 .data          0x00407670        0x0 contiki-redbee-econotag.a(strformat.o)
 .data          0x00407670       0x18 contiki-redbee-econotag.a(maca.o)
                0x00407684                get_lqi
                0x00407671                ctov
                0x00407670                prm_mode
 .data          0x00407688       0x14 contiki-redbee-econotag.a(nvm.o)
                0x00407694                nvm_erase
                0x00407698                nvm_setsvar
                0x0040768c                nvm_read
                0x00407690                nvm_write
                0x00407688                nvm_detect
 .data          0x0040769c        0x0 contiki-redbee-econotag.a(uart1.o)
 .data          0x0040769c        0x0 contiki-redbee-econotag.a(default_lowleve)
 .data          0x0040769c       0x10 contiki-redbee-econotag.a(isr.o)
 .data          0x004076ac        0x0 contiki-redbee-econotag.a(frame802154.o)