Archive member included because of file (symbol)

contiki-native.a(etimer.o)    blink.co (etimer_set)
contiki-native.a(contiki-main.o)
                              /usr/lib/gcc/x86_64-linux-gnu/4.4.7/../../../x86_64-linux-gnu/crt1.o (main)
contiki-native.a(clock.o)     contiki-native.a(etimer.o) (clock_time)
contiki-native.a(leds.o)      blink.co (leds_off)
contiki-native.a(leds-arch.o)
                              contiki-native.a(leds.o) (leds_arch_init)
contiki-native.a(button-sensor.o)
                              contiki-native.a(contiki-main.o) (button_sensor)
contiki-native.a(pir-sensor.o)
                              contiki-native.a(contiki-main.o) (pir_sensor)
contiki-native.a(vib-sensor.o)
                              contiki-native.a(contiki-main.o) (vib_sensor)
contiki-native.a(sensors.o)   contiki-native.a(button-sensor.o) (sensors_changed)
contiki-native.a(process.o)   contiki-native.a(sensors.o) (process_alloc_event)
contiki-native.a(procinit.o)  contiki-native.a(contiki-main.o) (procinit_init)
contiki-native.a(autostart.o)
                              contiki-native.a(contiki-main.o) (autostart_start)
contiki-native.a(serial-line.o)
                              contiki-native.a(contiki-main.o) (serial_line_init)
contiki-native.a(timer.o)     contiki-native.a(etimer.o) (timer_reset)
contiki-native.a(ctimer.o)    contiki-native.a(contiki-main.o) (ctimer_init)
contiki-native.a(ringbuf.o)   contiki-native.a(serial-line.o) (ringbuf_init)
contiki-native.a(netstack.o)  contiki-native.a(contiki-main.o) (netstack_init)
contiki-native.a(tcpip.o)     contiki-native.a(contiki-main.o) (tcpip_process)
contiki-native.a(uip-split.o)
                              contiki-native.a(tcpip.o) (uip_split_output)
contiki-native.a(nullradio.o)
                              contiki-native.a(netstack.o) (nullradio_driver)
contiki-native.a(rime.o)      contiki-native.a(netstack.o) (rime_driver)
contiki-native.a(rimestats.o)
                              contiki-native.a(rime.o) (rimestats)
contiki-native.a(announcement.o)
                              contiki-native.a(rime.o) (announcement_init)
contiki-native.a(broadcast-annou)
                              contiki-native.a(rime.o) (broadcast_announcement_init)
contiki-native.a(broadcast.o)
                              contiki-native.a(broadcast-annou) (broadcast_send)
contiki-native.a(abc.o)       contiki-native.a(rime.o) (abc_input)
contiki-native.a(chameleon.o)
                              contiki-native.a(rime.o) (chameleon_create)
contiki-native.a(channel.o)   contiki-native.a(abc.o) (channel_close)
contiki-native.a(chameleon-bitop)
                              contiki-native.a(chameleon.o) (chameleon_bitopt)
contiki-native.a(nullmac.o)   contiki-native.a(netstack.o) (nullmac_driver)
contiki-native.a(nullrdc.o)   contiki-native.a(netstack.o) (nullrdc_driver)
contiki-native.a(mac.o)       contiki-native.a(nullrdc.o) (mac_call_sent_callback)
contiki-native.a(framer-nullmac.)
                              contiki-native.a(nullrdc.o) (framer_nullmac)
contiki-native.a(list.o)      contiki-native.a(ctimer.o) (list_init)
contiki-native.a(random.o)    contiki-native.a(broadcast-annou) (random_rand)
contiki-native.a(packetbuf.o)
                              contiki-native.a(chameleon-bitop) (packetbuf_hdrreduce)
contiki-native.a(queuebuf.o)  contiki-native.a(rime.o) (queuebuf_init)
contiki-native.a(uip.o)       contiki-native.a(uip-split.o) (uip_add32)
contiki-native.a(rimeaddr.o)  contiki-native.a(broadcast.o) (rimeaddr_copy)
contiki-native.a(memb.o)      contiki-native.a(queuebuf.o) (memb_alloc)
/usr/lib/x86_64-linux-gnu/libc_nonshared.a(elf-init.oS)
                              /usr/lib/gcc/x86_64-linux-gnu/4.4.7/../../../x86_64-linux-gnu/crt1.o (__libc_csu_init)

Allocating common symbols
Common symbol       size              file

uip_draddr          0x4               contiki-native.a(uip.o)
uip_slen            0x2               contiki-native.a(uip.o)
rime_mac            0x8               contiki-native.a(rime.o)
uip_acc32           0x4               contiki-native.a(uip.o)
uip_conns           0x780             contiki-native.a(uip.o)
uip_netmask         0x4               contiki-native.a(uip.o)
rimestats           0x90              contiki-native.a(rimestats.o)
uip_hostaddr        0x4               contiki-native.a(uip.o)
serial_line_event_message
                    0x1               contiki-native.a(serial-line.o)
uip_appdata         0x8               contiki-native.a(uip.o)
uip_flags           0x1               contiki-native.a(uip.o)
packetbuf_attrs     0x30              contiki-native.a(packetbuf.o)
uip_aligned_buf     0x1a4             contiki-native.a(uip.o)
uip_listenports     0x50              contiki-native.a(uip.o)
uip_len             0x2               contiki-native.a(uip.o)
tcpip_event         0x1               contiki-native.a(tcpip.o)
uip_sappdata        0x8               contiki-native.a(uip.o)
sensors_event       0x1               contiki-native.a(sensors.o)
uip_udp_conns       0x140             contiki-native.a(uip.o)
rimeaddr_node_addr  0x2               contiki-native.a(rimeaddr.o)
packetbuf_addrs     0x8               contiki-native.a(packetbuf.o)
uip_udp_conn        0x8               contiki-native.a(uip.o)
sensors_flags       0x4               contiki-native.a(contiki-main.o)
uip_conn            0x8               contiki-native.a(uip.o)

Discarded input sections

 .note.GNU-stack
                0x0000000000000000        0x0 /usr/lib/gcc/x86_64-linux-gnu/4.4.7/../../../x86_64-linux-gnu/crt1.o
 .gnu_debuglink
                0x0000000000000000        0xc /usr/lib/gcc/x86_64-linux-gnu/4.4.7/../../../x86_64-linux-gnu/crt1.o
 .note.GNU-stack
                0x0000000000000000        0x0 /usr/lib/gcc/x86_64-linux-gnu/4.4.7/../../../x86_64-linux-gnu/crti.o
 .gnu_debuglink
                0x0000000000000000        0xc /usr/lib/gcc/x86_64-linux-gnu/4.4.7/../../../x86_64-linux-gnu/crti.o
 .note.GNU-stack
                0x0000000000000000        0x0 /usr/lib/gcc/x86_64-linux-gnu/4.4.7/crtbegin.o
 .note.GNU-stack
                0x0000000000000000        0x0 blink.co
 .note.GNU-stack
                0x0000000000000000        0x0 contiki-native.a(etimer.o)
 .note.GNU-stack
                0x0000000000000000        0x0 contiki-native.a(contiki-main.o)
 .note.GNU-stack
                0x0000000000000000        0x0 contiki-native.a(clock.o)
 .note.GNU-stack
                0x0000000000000000        0x0 contiki-native.a(leds.o)
 .note.GNU-stack
                0x0000000000000000        0x0 contiki-native.a(leds-arch.o)
 .note.GNU-stack
                0x0000000000000000        0x0 contiki-native.a(button-sensor.o)
 .note.GNU-stack
                0x0000000000000000        0x0 contiki-native.a(pir-sensor.o)
 .note.GNU-stack
                0x0000000000000000        0x0 contiki-native.a(vib-sensor.o)
 .note.GNU-stack
                0x0000000000000000        0x0 contiki-native.a(sensors.o)
 .note.GNU-stack
                0x0000000000000000        0x0 contiki-native.a(process.o)
 .note.GNU-stack
                0x0000000000000000        0x0 contiki-native.a(procinit.o)
 .note.GNU-stack
                0x0000000000000000        0x0 contiki-native.a(autostart.o)
 .note.GNU-stack
                0x0000000000000000        0x0 contiki-native.a(serial-line.o)
 .note.GNU-stack
                0x0000000000000000        0x0 contiki-native.a(timer.o)
 .note.GNU-stack
                0x0000000000000000        0x0 contiki-native.a(ctimer.o)
 .note.GNU-stack
                0x0000000000000000        0x0 contiki-native.a(ringbuf.o)
 .note.GNU-stack
                0x0000000000000000        0x0 contiki-native.a(netstack.o)
 .note.GNU-stack
                0x0000000000000000        0x0 contiki-native.a(tcpip.o)
 .note.GNU-stack
                0x0000000000000000        0x0 contiki-native.a(uip-split.o)
 .note.GNU-stack
                0x0000000000000000        0x0 contiki-native.a(nullradio.o)
 .note.GNU-stack
                0x0000000000000000        0x0 contiki-native.a(rime.o)
 .note.GNU-stack
                0x0000000000000000        0x0 contiki-native.a(rimestats.o)
 .note.GNU-stack
                0x0000000000000000        0x0 contiki-native.a(announcement.o)
 .note.GNU-stack
                0x0000000000000000        0x0 contiki-native.a(broadcast-annou)
 .note.GNU-stack
                0x0000000000000000        0x0 contiki-native.a(broadcast.o)
 .note.GNU-stack
                0x0000000000000000        0x0 contiki-native.a(abc.o)
 .note.GNU-stack
                0x0000000000000000        0x0 contiki-native.a(chameleon.o)
 .note.GNU-stack
                0x0000000000000000        0x0 contiki-native.a(channel.o)
 .note.GNU-stack
                0x0000000000000000        0x0 contiki-native.a(chameleon-bitop)
 .note.GNU-stack
                0x0000000000000000        0x0 contiki-native.a(nullmac.o)
 .note.GNU-stack
                0x0000000000000000        0x0 contiki-native.a(nullrdc.o)
 .note.GNU-stack
                0x0000000000000000        0x0 contiki-native.a(mac.o)
 .note.GNU-stack
                0x0000000000000000        0x0 contiki-native.a(framer-nullmac.)
 .note.GNU-stack
                0x0000000000000000        0x0 contiki-native.a(list.o)
 .note.GNU-stack
                0x0000000000000000        0x0 contiki-native.a(random.o)
 .note.GNU-stack
                0x0000000000000000        0x0 contiki-native.a(packetbuf.o)
 .note.GNU-stack
                0x0000000000000000        0x0 contiki-native.a(queuebuf.o)
 .note.GNU-stack
                0x0000000000000000        0x0 contiki-native.a(uip.o)
 .note.GNU-stack
                0x0000000000000000        0x0 contiki-native.a(rimeaddr.o)
 .note.GNU-stack
                0x0000000000000000        0x0 contiki-native.a(memb.o)
 .note.GNU-stack
                0x0000000000000000        0x0 /usr/lib/x86_64-linux-gnu/libc_nonshared.a(elf-init.oS)
 .note.GNU-stack
                0x0000000000000000        0x0 /usr/lib/gcc/x86_64-linux-gnu/4.4.7/crtend.o
 .note.GNU-stack
                0x0000000000000000        0x0 /usr/lib/gcc/x86_64-linux-gnu/4.4.7/../../../x86_64-linux-gnu/crtn.o
 .gnu_debuglink
                0x0000000000000000        0xc /usr/lib/gcc/x86_64-linux-gnu/4.4.7/../../../x86_64-linux-gnu/crtn.o

Memory Configuration

Name             Origin             Length             Attributes
*default*        0x0000000000000000 0xffffffffffffffff

Linker script and memory map

LOAD /usr/lib/gcc/x86_64-linux-gnu/4.4.7/../../../x86_64-linux-gnu/crt1.o
LOAD /usr/lib/gcc/x86_64-linux-gnu/4.4.7/../../../x86_64-linux-gnu/crti.o
LOAD /usr/lib/gcc/x86_64-linux-gnu/4.4.7/crtbegin.o
LOAD blink.co
LOAD contiki-native.a
LOAD /usr/lib/gcc/x86_64-linux-gnu/4.4.7/libgcc.a
LOAD /usr/lib/gcc/x86_64-linux-gnu/4.4.7/libgcc_s.so
LOAD /usr/lib/gcc/x86_64-linux-gnu/4.4.7/../../../x86_64-linux-gnu/libc.so
START GROUP
LOAD /lib/x86_64-linux-gnu/libc.so.6
LOAD /usr/lib/x86_64-linux-gnu/libc_nonshared.a
LOAD /lib/x86_64-linux-gnu/ld-linux-x86-64.so.2
END GROUP
LOAD /usr/lib/gcc/x86_64-linux-gnu/4.4.7/libgcc.a
LOAD /usr/lib/gcc/x86_64-linux-gnu/4.4.7/libgcc_s.so
LOAD /usr/lib/gcc/x86_64-linux-gnu/4.4.7/crtend.o
LOAD /usr/lib/gcc/x86_64-linux-gnu/4.4.7/../../../x86_64-linux-gnu/crtn.o
                0x0000000000400000                PROVIDE (__executable_start, 0x400000)
                0x0000000000400238                . = (0x400000 + SIZEOF_HEADERS)

.interp         0x0000000000400238       0x1c
 *(.interp)
 .interp        0x0000000000400238       0x1c /usr/lib/gcc/x86_64-linux-gnu/4.4.7/../../../x86_64-linux-gnu/crt1.o

.note.ABI-tag   0x0000000000400254       0x20
 .note.ABI-tag  0x0000000000400254       0x20 /usr/lib/gcc/x86_64-linux-gnu/4.4.7/../../../x86_64-linux-gnu/crt1.o

.note.gnu.build-id
                0x0000000000400274       0x24
 *(.note.gnu.build-id)
 .note.gnu.build-id
                0x0000000000400274       0x24 /usr/lib/gcc/x86_64-linux-gnu/4.4.7/../../../x86_64-linux-gnu/crt1.o

.hash
 *(.hash)

.gnu.hash       0x0000000000400298      0x80c
 *(.gnu.hash)
 .gnu.hash      0x0000000000400298      0x80c /usr/lib/gcc/x86_64-linux-gnu/4.4.7/../../../x86_64-linux-gnu/crt1.o

.dynsym         0x0000000000400aa8     0x18d8
 *(.dynsym)
 .dynsym        0x0000000000400aa8     0x18d8 /usr/lib/gcc/x86_64-linux-gnu/4.4.7/../../../x86_64-linux-gnu/crt1.o

.dynstr         0x0000000000402380      0xecd
 *(.dynstr)
 .dynstr        0x0000000000402380      0xecd /usr/lib/gcc/x86_64-linux-gnu/4.4.7/../../../x86_64-linux-gnu/crt1.o

.gnu.version    0x000000000040324e      0x212
 *(.gnu.version)
 .gnu.version   0x000000000040324e      0x212 /usr/lib/gcc/x86_64-linux-gnu/4.4.7/../../../x86_64-linux-gnu/crt1.o

.gnu.version_d  0x0000000000403460        0x0
 *(.gnu.version_d)
 .gnu.version_d
                0x0000000000000000        0x0 /usr/lib/gcc/x86_64-linux-gnu/4.4.7/../../../x86_64-linux-gnu/crt1.o

.gnu.version_r  0x0000000000403460       0x40
 *(.gnu.version_r)
 .gnu.version_r
                0x0000000000403460       0x40 /usr/lib/gcc/x86_64-linux-gnu/4.4.7/../../../x86_64-linux-gnu/crt1.o

.rela.dyn       0x00000000004034a0       0x30
 *(.rela.init)
 *(.rela.text .rela.text.* .rela.gnu.linkonce.t.*)
 .rela.text     0x0000000000000000        0x0 /usr/lib/gcc/x86_64-linux-gnu/4.4.7/../../../x86_64-linux-gnu/crt1.o
 *(.rela.fini)
 *(.rela.rodata .rela.rodata.* .rela.gnu.linkonce.r.*)
 *(.rela.data .rela.data.* .rela.gnu.linkonce.d.*)
 .rela.data     0x0000000000000000        0x0 /usr/lib/gcc/x86_64-linux-gnu/4.4.7/../../../x86_64-linux-gnu/crt1.o
 *(.rela.tdata .rela.tdata.* .rela.gnu.linkonce.td.*)
 *(.rela.tbss .rela.tbss.* .rela.gnu.linkonce.tb.*)
 *(.rela.ctors)
 *(.rela.dtors)
 *(.rela.got)
 .rela.got      0x00000000004034a0       0x18 /usr/lib/gcc/x86_64-linux-gnu/4.4.7/../../../x86_64-linux-gnu/crt1.o
 *(.rela.bss .rela.bss.* .rela.gnu.linkonce.b.*)
 .rela.bss      0x00000000004034b8       0x18 /usr/lib/gcc/x86_64-linux-gnu/4.4.7/../../../x86_64-linux-gnu/crt1.o
 *(.rela.ldata .rela.ldata.* .rela.gnu.linkonce.l.*)
 *(.rela.lbss .rela.lbss.* .rela.gnu.linkonce.lb.*)
 *(.rela.lrodata .rela.lrodata.* .rela.gnu.linkonce.lr.*)
 *(.rela.ifunc)

.rela.plt       0x00000000004034d0      0x120
 *(.rela.plt)
 .rela.plt      0x00000000004034d0      0x120 /usr/lib/gcc/x86_64-linux-gnu/4.4.7/../../../x86_64-linux-gnu/crt1.o
                0x00000000004035f0                PROVIDE (__rela_iplt_start, .)
 *(.rela.iplt)
 .rela.iplt     0x0000000000000000        0x0 /usr/lib/gcc/x86_64-linux-gnu/4.4.7/../../../x86_64-linux-gnu/crt1.o
                0x00000000004035f0                PROVIDE (__rela_iplt_end, .)

.init           0x00000000004035f0       0x18
 *(.init)
 .init          0x00000000004035f0        0x9 /usr/lib/gcc/x86_64-linux-gnu/4.4.7/../../../x86_64-linux-gnu/crti.o
                0x00000000004035f0                _init
 .init          0x00000000004035f9        0x5 /usr/lib/gcc/x86_64-linux-gnu/4.4.7/crtbegin.o
 .init          0x00000000004035fe        0x5 /usr/lib/gcc/x86_64-linux-gnu/4.4.7/crtend.o
 .init          0x0000000000403603        0x5 /usr/lib/gcc/x86_64-linux-gnu/4.4.7/../../../x86_64-linux-gnu/crtn.o

.plt            0x0000000000403610       0xd0
 *(.plt)
 .plt           0x0000000000403610       0xd0 /usr/lib/gcc/x86_64-linux-gnu/4.4.7/../../../x86_64-linux-gnu/crt1.o
                0x0000000000403620                strncmp@@GLIBC_2.2.5
                0x0000000000403630                gettimeofday@@GLIBC_2.2.5
                0x0000000000403640                memset@@GLIBC_2.2.5
                0x0000000000403650                read@@GLIBC_2.2.5
                0x0000000000403660                __libc_start_main@@GLIBC_2.2.5
                0x0000000000403670                srand@@GLIBC_2.2.5
                0x0000000000403680                memcpy@@GLIBC_2.14
                0x0000000000403690                select@@GLIBC_2.2.5
                0x00000000004036a0                __printf_chk@@GLIBC_2.3.4
                0x00000000004036b0                setvbuf@@GLIBC_2.2.5
                0x00000000004036c0                perror@@GLIBC_2.2.5
                0x00000000004036d0                rand@@GLIBC_2.2.5
 *(.iplt)
 .iplt          0x0000000000000000        0x0 /usr/lib/gcc/x86_64-linux-gnu/4.4.7/../../../x86_64-linux-gnu/crt1.o

.text           0x00000000004036e0     0x4ac8
 *(.text.unlikely .text.*_unlikely)
 *(.text.exit .text.exit.*)
 *(.text.startup .text.startup.*)
 *(.text.hot .text.hot.*)
 *(.text .stub .text.* .gnu.linkonce.t.*)
 .text          0x00000000004036e0       0x2c /usr/lib/gcc/x86_64-linux-gnu/4.4.7/../../../x86_64-linux-gnu/crt1.o
                0x00000000004036e0                _start
 .text          0x000000000040370c       0x17 /usr/lib/gcc/x86_64-linux-gnu/4.4.7/../../../x86_64-linux-gnu/crti.o
 *fill*         0x0000000000403723        0xd 90909090
 .text          0x0000000000403730       0x92 /usr/lib/gcc/x86_64-linux-gnu/4.4.7/crtbegin.o
 *fill*         0x00000000004037c2        0xe 90909090
 .text          0x00000000004037d0       0x6e blink.co
 *fill*         0x000000000040383e        0x2 90909090
 .text          0x0000000000403840      0x328 contiki-native.a(etimer.o)
                0x0000000000403840                etimer_expired
                0x000000000040384c                etimer_expiration_time
                0x0000000000403854                etimer_start_time
                0x0000000000403858                etimer_pending
                0x0000000000403867                etimer_next_expiration_time
                0x00000000004038df                etimer_stop
                0x0000000000403949                etimer_adjust
                0x000000000040395d                etimer_request_poll
                0x0000000000403b2f                etimer_restart
                0x0000000000403b42                etimer_reset
                0x0000000000403b55                etimer_set
 *fill*         0x0000000000403b68        0x8 90909090
 .text          0x0000000000403b70      0x14e contiki-native.a(contiki-main.o)
                0x0000000000403b70                uip_log
                0x0000000000403b90                log_message
                0x0000000000403bb3                main
 *fill*         0x0000000000403cbe        0x2 90909090
 .text          0x0000000000403cc0       0x5e contiki-native.a(clock.o)
                0x0000000000403cc0                clock_delay
                0x0000000000403cc2                clock_seconds
                0x0000000000403cdc                clock_time
 *fill*         0x0000000000403d1e        0x2 90909090
 .text          0x0000000000403d20       0xf0 contiki-native.a(leds.o)
                0x0000000000403d40                leds_invert
                0x0000000000403d59                leds_toggle
                0x0000000000403d6b                leds_off
                0x0000000000403d92                leds_on
                0x0000000000403db9                leds_get
                0x0000000000403dc7                leds_blink
                0x0000000000403df4                leds_init
 .text          0x0000000000403e10       0x18 contiki-native.a(leds-arch.o)
                0x0000000000403e10                leds_arch_init
                0x0000000000403e18                leds_arch_get
                0x0000000000403e20                leds_arch_set
 .text          0x0000000000403e28       0x25 contiki-native.a(button-sensor.o)
                0x0000000000403e3a                button_press
 *fill*         0x0000000000403e4d        0x3 90909090
 .text          0x0000000000403e50       0x2c contiki-native.a(pir-sensor.o)
                0x0000000000403e63                pir_sensor_changed
 .text          0x0000000000403e7c       0x25 contiki-native.a(vib-sensor.o)
                0x0000000000403e8e                vib_sensor_changed
 *fill*         0x0000000000403ea1        0xf 90909090
 .text          0x0000000000403eb0      0x23b contiki-native.a(sensors.o)
                0x0000000000403eec                sensors_first
                0x0000000000403ef4                sensors_next
                0x0000000000404050                sensors_find
                0x00000000004040ca                sensors_changed
 *fill*         0x00000000004040eb        0x5 90909090
 .text          0x00000000004040f0      0x3f2 contiki-native.a(process.o)
                0x00000000004040f0                process_alloc_event
                0x0000000000404101                process_init
                0x000000000040412d                process_nevents
                0x0000000000404141                process_post
                0x0000000000404195                process_poll
                0x00000000004041b2                process_is_running
                0x000000000040431b                process_post_synch
                0x0000000000404335                process_start
                0x00000000004043cb                process_run
                0x00000000004044cd                process_exit
 *fill*         0x00000000004044e2        0x2 90909090
 .text          0x00000000004044e4       0x3d contiki-native.a(procinit.o)
                0x00000000004044e4                procinit_init
 *fill*         0x0000000000404521        0x3 90909090
 .text          0x0000000000404524       0x69 contiki-native.a(autostart.o)
                0x0000000000404524                autostart_exit
                0x0000000000404556                autostart_start
 *fill*         0x000000000040458d        0x3 90909090
 .text          0x0000000000404590      0x194 contiki-native.a(serial-line.o)
                0x0000000000404691                serial_line_init
                0x00000000004046bd                serial_line_input_byte
 .text          0x0000000000404724       0x59 contiki-native.a(timer.o)
                0x0000000000404724                timer_reset
                0x000000000040472c                timer_remaining
                0x0000000000404741                timer_expired
                0x000000000040475d                timer_restart
                0x000000000040476b                timer_set
 *fill*         0x000000000040477d        0x3 90909090
 .text          0x0000000000404780      0x2d2 contiki-native.a(ctimer.o)
                0x000000000040485b                ctimer_expired
                0x00000000004048aa                ctimer_stop
                0x00000000004048e1                ctimer_restart
                0x0000000000404946                ctimer_set
                0x00000000004049c4                ctimer_reset
                0x0000000000404a29                ctimer_init
 *fill*         0x0000000000404a52        0x2 90909090
 .text          0x0000000000404a54       0xa0 contiki-native.a(ringbuf.o)
                0x0000000000404a54                ringbuf_init
                0x0000000000404a66                ringbuf_put
                0x0000000000404aa4                ringbuf_get
                0x0000000000404adb                ringbuf_size
                0x0000000000404ae3                ringbuf_elements
 *fill*         0x0000000000404af4        0xc 90909090
 .text          0x0000000000404b00       0x21 contiki-native.a(netstack.o)
                0x0000000000404b00                netstack_init
 *fill*         0x0000000000404b21        0xf 90909090
 .text          0x0000000000404b30      0x594 contiki-native.a(tcpip.o)
                0x0000000000404b30                tcpip_output
                0x0000000000404b4c                tcpip_set_outputfunc
                0x0000000000404b54                tcp_attach
                0x0000000000404b64                udp_attach
                0x0000000000404b74                tcp_unlisten
                0x0000000000404ebe                tcpip_uipcall
                0x0000000000404f56                tcpip_input
                0x0000000000404f7c                tcpip_poll_tcp
                0x0000000000404f97                tcpip_poll_udp
                0x0000000000404fb2                udp_new
                0x0000000000404fd4                udp_broadcast_new
                0x000000000040500b                tcp_listen
                0x000000000040507a                tcp_connect
 *fill*         0x00000000004050c4        0xc 90909090
 .text          0x00000000004050d0      0x161 contiki-native.a(uip-split.o)
                0x00000000004050d0                uip_split_output
 *fill*         0x0000000000405231        0x3 90909090
 .text          0x0000000000405234       0x40 contiki-native.a(nullradio.o)
 *fill*         0x0000000000405274        0xc 90909090
 .text          0x0000000000405280      0x153 contiki-native.a(rime.o)
                0x0000000000405318                rime_output
                0x00000000004053a7                rime_sniffer_remove
                0x00000000004053bd                rime_sniffer_add
 *fill*         0x00000000004053d3        0x1 90909090
 .text          0x00000000004053d4        0x0 contiki-native.a(rimestats.o)
 *fill*         0x00000000004053d4        0xc 90909090
 .text          0x00000000004053e0      0x19b contiki-native.a(announcement.o)
                0x00000000004053e0                announcement_remove_value
                0x0000000000405414                announcement_set_value
                0x000000000040544c                announcement_bump
                0x0000000000405477                announcement_listen
                0x000000000040548e                announcement_register_listen_callback
                0x0000000000405496                announcement_register_observer_callback
                0x000000000040549e                announcement_list
                0x00000000004054b1                announcement_heard
                0x000000000040550e                announcement_remove
                0x0000000000405524                announcement_register
                0x0000000000405568                announcement_init
 *fill*         0x000000000040557b        0x1 90909090
 .text          0x000000000040557c      0x217 contiki-native.a(broadcast-annou)
                0x000000000040557e                broadcast_announcement_beacon_interval
                0x0000000000405586                broadcast_announcement_stop
                0x00000000004055ad                broadcast_announcement_init
 *fill*         0x0000000000405793        0x1 90909090
 .text          0x0000000000405794       0xcf contiki-native.a(broadcast.o)
                0x00000000004057ac                broadcast_send
                0x00000000004057c9                broadcast_close
                0x00000000004057d7                broadcast_open
 *fill*         0x0000000000405863        0x1 90909090
 .text          0x0000000000405864       0x89 contiki-native.a(abc.o)
                0x0000000000405864                abc_input
                0x0000000000405873                abc_sent
                0x000000000040588b                abc_send
                0x0000000000405899                abc_close
                0x00000000004058a7                abc_open
 *fill*         0x00000000004058ed        0x3 90909090
 .text          0x00000000004058f0       0x7d contiki-native.a(chameleon.o)
                0x00000000004058f0                chameleon_hdrsize
                0x00000000004058ff                chameleon_create
                0x000000000040593d                chameleon_parse
                0x000000000040595f                chameleon_init
 *fill*         0x000000000040596d        0x3 90909090
 .text          0x0000000000405970       0xb6 contiki-native.a(channel.o)
                0x0000000000405970                channel_lookup
                0x00000000004059a4                channel_close
                0x00000000004059ba                channel_open
                0x00000000004059d4                channel_set_attributes
                0x0000000000405a13                channel_init
 *fill*         0x0000000000405a26        0xa 90909090
 .text          0x0000000000405a30      0x553 contiki-native.a(chameleon-bitop)
                0x0000000000405a30                get_bits_in_byte
                0x0000000000405a5c                get_bits
                0x0000000000405bba                set_bits_in_byte
                0x0000000000405bd8                set_bits
 *fill*         0x0000000000405f83        0x1 90909090
 .text          0x0000000000405f84       0x44 contiki-native.a(nullmac.o)
 *fill*         0x0000000000405fc8        0x8 90909090
 .text          0x0000000000405fd0      0x123 contiki-native.a(nullrdc.o)
 *fill*         0x00000000004060f3        0x1 90909090
 .text          0x00000000004060f4       0x1a contiki-native.a(mac.o)
                0x00000000004060f4                mac_call_sent_callback
 *fill*         0x000000000040610e        0x2 90909090
 .text          0x0000000000406110       0x88 contiki-native.a(framer-nullmac.)
 *fill*         0x0000000000406198        0x8 90909090
 .text          0x00000000004061a0      0x186 contiki-native.a(list.o)
                0x00000000004061a0                list_init
                0x00000000004061a8                list_head
                0x00000000004061ac                list_copy
                0x00000000004061b3                list_tail
                0x00000000004061d2                list_chop
                0x0000000000406208                list_pop
                0x0000000000406218                list_remove
                0x0000000000406265                list_push
                0x0000000000406296                list_add
                0x00000000004062e4                list_length
                0x00000000004062fe                list_insert
                0x0000000000406317                list_item_next
 *fill*         0x0000000000406326        0x2 90909090
 .text          0x0000000000406328       0x1f contiki-native.a(random.o)
                0x0000000000406328                random_rand
                0x0000000000406336                random_init
 *fill*         0x0000000000406347        0x1 90909090
 .text          0x0000000000406348      0x415 contiki-native.a(packetbuf.o)
                0x0000000000406348                packetbuf_clear_hdr
                0x0000000000406350                packetbuf_hdr_remove
                0x0000000000406358                packetbuf_hdrreduce
                0x0000000000406380                packetbuf_set_datalen
                0x0000000000406388                packetbuf_dataptr
                0x000000000040639b                packetbuf_hdrptr
                0x00000000004063aa                packetbuf_is_reference
                0x00000000004063c3                packetbuf_reference_ptr
                0x00000000004063cb                packetbuf_datalen
                0x00000000004063d3                packetbuf_hdrlen
                0x00000000004063df                packetbuf_totlen
                0x00000000004063f4                packetbuf_hdralloc
                0x0000000000406448                packetbuf_set_attr
                0x000000000040645a                packetbuf_attr
                0x0000000000406467                packetbuf_addr
                0x0000000000406474                packetbuf_set_addr
                0x0000000000406493                packetbuf_attr_clear
                0x00000000004064f2                packetbuf_clear
                0x000000000040652b                packetbuf_reference
                0x0000000000406560                packetbuf_attr_copyto
                0x000000000040659e                packetbuf_copyto
                0x000000000040661b                packetbuf_copyto_hdr
                0x0000000000406650                packetbuf_compact
                0x00000000004066cf                packetbuf_copyfrom
                0x000000000040671f                packetbuf_attr_copyfrom
 *fill*         0x000000000040675d        0x3 90909090
 .text          0x0000000000406760      0x1dc contiki-native.a(queuebuf.o)
                0x0000000000406760                queuebuf_datalen
                0x0000000000406764                queuebuf_addr
                0x0000000000406771                queuebuf_attr
                0x000000000040677e                queuebuf_debug_print
                0x0000000000406780                queuebuf_dataptr
                0x00000000004067b9                queuebuf_to_packetbuf
                0x000000000040684e                queuebuf_free
                0x0000000000406892                queuebuf_update_attr_from_packetbuf
                0x00000000004068ae                queuebuf_new_from_packetbuf
                0x000000000040691f                queuebuf_init
 *fill*         0x000000000040693c        0x4 90909090
 .text          0x0000000000406940     0x1642 contiki-native.a(uip.o)
                0x0000000000406940                uip_setipid
                0x0000000000406948                uip_add32
                0x0000000000406a27                uip_init
                0x0000000000406a84                uip_unlisten
                0x0000000000406aea                uip_listen
                0x0000000000406ba8                uip_htons
                0x0000000000406baf                uip_connect
                0x0000000000406d61                uip_udpchksum
                0x0000000000406d6d                uip_tcpchksum
                0x0000000000406d79                uip_ipchksum
                0x0000000000406da3                uip_chksum
                0x0000000000406dbd                uip_htonl
                0x0000000000406dd3                uip_send
                0x0000000000406e14                uip_process
                0x0000000000407e78                uip_udp_new
 *fill*         0x0000000000407f82        0x2 90909090
 .text          0x0000000000407f84       0x37 contiki-native.a(rimeaddr.o)
                0x0000000000407f84                rimeaddr_copy
                0x0000000000407f91                rimeaddr_cmp
                0x0000000000407fac                rimeaddr_set_node_addr
 *fill*         0x0000000000407fbb        0x1 90909090
 .text          0x0000000000407fbc      0x10d contiki-native.a(memb.o)
                0x0000000000407fbc                memb_alloc
                0x000000000040800f                memb_free
                0x000000000040806e                memb_inmemb
                0x0000000000408096                memb_init
 *fill*         0x00000000004080c9        0x7 90909090
 .text          0x00000000004080d0       0x92 /usr/lib/x86_64-linux-gnu/libc_nonshared.a(elf-init.oS)
                0x00000000004080d0                __libc_csu_init
                0x0000000000408160                __libc_csu_fini
 *fill*         0x0000000000408162        0xe 90909090
 .text          0x0000000000408170       0x36 /usr/lib/gcc/x86_64-linux-gnu/4.4.7/crtend.o
 *fill*         0x00000000004081a6        0x2 90909090
 .text          0x00000000004081a8        0x0 /usr/lib/gcc/x86_64-linux-gnu/4.4.7/../../../x86_64-linux-gnu/crtn.o
 *(.gnu.warning)

.fini           0x00000000004081a8        0xe
 *(.fini)
 .fini          0x00000000004081a8        0x4 /usr/lib/gcc/x86_64-linux-gnu/4.4.7/../../../x86_64-linux-gnu/crti.o
                0x00000000004081a8                _fini
 .fini          0x00000000004081ac        0x5 /usr/lib/gcc/x86_64-linux-gnu/4.4.7/crtbegin.o
 .fini          0x00000000004081b1        0x5 /usr/lib/gcc/x86_64-linux-gnu/4.4.7/../../../x86_64-linux-gnu/crtn.o
                0x00000000004081b6                PROVIDE (__etext, .)
                0x00000000004081b6                PROVIDE (_etext, .)
                0x00000000004081b6                PROVIDE (etext, .)

.rodata         0x00000000004081c0      0x38a
 *(.rodata .rodata.* .gnu.linkonce.r.*)
 .rodata.cst4   0x00000000004081c0        0x4 /usr/lib/gcc/x86_64-linux-gnu/4.4.7/../../../x86_64-linux-gnu/crt1.o
                0x00000000004081c0                _IO_stdin_used
 .rodata.str1.1
                0x00000000004081c4        0xe blink.co
 *fill*         0x00000000004081d2        0xe 00
 .rodata        0x00000000004081e0       0x10 blink.co
                0x00000000004081e0                autostart_processes
 .rodata.str1.1
                0x00000000004081f0        0xc contiki-native.a(etimer.o)
 .rodata.str1.1
                0x00000000004081fc       0x1f contiki-native.a(contiki-main.o)
                                         0x23 (size before relaxing)
 .rodata.str1.1
                0x000000000040821b        0x7 contiki-native.a(button-sensor.o)
 *fill*         0x0000000000408222       0x1e 00
 .rodata        0x0000000000408240       0x20 contiki-native.a(button-sensor.o)
                0x0000000000408240                button_sensor
 .rodata.str1.1
                0x0000000000408260        0x4 contiki-native.a(pir-sensor.o)
 *fill*         0x0000000000408264       0x1c 00
 .rodata        0x0000000000408280       0x20 contiki-native.a(pir-sensor.o)
                0x0000000000408280                pir_sensor
 .rodata.str1.1
                0x00000000004082a0        0xa contiki-native.a(vib-sensor.o)
 *fill*         0x00000000004082aa       0x16 00
 .rodata        0x00000000004082c0       0x20 contiki-native.a(vib-sensor.o)
                0x00000000004082c0                vib_sensor
 .rodata.str1.1
                0x00000000004082e0        0x8 contiki-native.a(sensors.o)
 .rodata.str1.1
                0x00000000004082e8        0xe contiki-native.a(serial-line.o)
 .rodata.str1.1
                0x00000000004082f6        0xf contiki-native.a(ctimer.o)
 .rodata.str1.1
                0x0000000000408305        0xd contiki-native.a(tcpip.o)
 *fill*         0x0000000000408312        0xe 00
 .rodata        0x0000000000408320       0x50 contiki-native.a(nullradio.o)
                0x0000000000408320                nullradio_driver
 .rodata.str1.1
                0x0000000000408370        0x5 contiki-native.a(rime.o)
 *fill*         0x0000000000408375        0xb 00
 .rodata        0x0000000000408380       0x18 contiki-native.a(rime.o)
                0x0000000000408380                rime_driver
 .rodata.str1.1
                0x0000000000408398       0x1d contiki-native.a(broadcast-annou)
 *fill*         0x00000000004083b5        0xb 00
 .rodata        0x00000000004083c0       0x10 contiki-native.a(broadcast-annou)
 .rodata        0x00000000004083d0       0x14 contiki-native.a(broadcast.o)
 .rodata        0x00000000004083e4        0x2 contiki-native.a(abc.o)
 *fill*         0x00000000004083e6        0xa 00
 .rodata        0x00000000004083f0       0x21 contiki-native.a(chameleon-bitop)
                0x00000000004083f0                chameleon_bitopt
 .rodata.str1.1
                0x0000000000408411        0x8 contiki-native.a(nullmac.o)
 *fill*         0x0000000000408419        0x7 00
 .rodata        0x0000000000408420       0x38 contiki-native.a(nullmac.o)
                0x0000000000408420                nullmac_driver
 .rodata.str1.1
                0x0000000000408458        0x8 contiki-native.a(nullrdc.o)
 .rodata        0x0000000000408460       0x38 contiki-native.a(nullrdc.o)
                0x0000000000408460                nullrdc_driver
 *fill*         0x0000000000408498        0x8 00
 .rodata        0x00000000004084a0       0x10 contiki-native.a(framer-nullmac.)
                0x00000000004084a0                framer_nullmac
 .rodata        0x00000000004084b0        0x8 contiki-native.a(packetbuf.o)
 .rodata        0x00000000004084b8       0x90 contiki-native.a(uip.o)
                0x0000000000408540                uip_broadcast_addr
                0x0000000000408544                uip_all_zeroes_addr
 .rodata        0x0000000000408548        0x2 contiki-native.a(rimeaddr.o)
                0x0000000000408548                rimeaddr_null

.rodata1
 *(.rodata1)

.eh_frame_hdr   0x000000000040854c      0x814
 *(.eh_frame_hdr)
 .eh_frame_hdr  0x000000000040854c      0x814 /usr/lib/gcc/x86_64-linux-gnu/4.4.7/../../../x86_64-linux-gnu/crt1.o

.eh_frame       0x0000000000408d60     0x1a6c
 *(.eh_frame)
 .eh_frame      0x0000000000408d60       0x40 /usr/lib/gcc/x86_64-linux-gnu/4.4.7/../../../x86_64-linux-gnu/crt1.o
 .eh_frame      0x0000000000408da0       0x18 blink.co
                                         0x30 (size before relaxing)
 .eh_frame      0x0000000000408db8      0x158 contiki-native.a(etimer.o)
                                        0x150 (size before relaxing)
 .eh_frame      0x0000000000408f10       0x60 contiki-native.a(contiki-main.o)
                                         0x70 (size before relaxing)
 .eh_frame      0x0000000000408f70       0x48 contiki-native.a(clock.o)
                                         0x58 (size before relaxing)
 .eh_frame      0x0000000000408fb8       0xc0 contiki-native.a(leds.o)
 .eh_frame      0x0000000000409078       0x48 contiki-native.a(leds-arch.o)
                                         0x58 (size before relaxing)
 .eh_frame      0x00000000004090c0       0x60 contiki-native.a(button-sensor.o)
                                         0x68 (size before relaxing)
 .eh_frame      0x0000000000409120       0x60 contiki-native.a(pir-sensor.o)
                                         0x68 (size before relaxing)
 .eh_frame      0x0000000000409180       0x60 contiki-native.a(vib-sensor.o)
                                         0x68 (size before relaxing)
 .eh_frame      0x00000000004091e0       0xc0 contiki-native.a(sensors.o)
 .eh_frame      0x00000000004092a0      0x158 contiki-native.a(process.o)
                                        0x148 (size before relaxing)
 .eh_frame      0x00000000004093f8       0x20 contiki-native.a(procinit.o)
                                         0x38 (size before relaxing)
 .eh_frame      0x0000000000409418       0x40 contiki-native.a(autostart.o)
                                         0x58 (size before relaxing)
 .eh_frame      0x0000000000409458       0x50 contiki-native.a(serial-line.o)
                                         0x60 (size before relaxing)
 .eh_frame      0x00000000004094a8       0x78 contiki-native.a(timer.o)
                                         0x90 (size before relaxing)
 .eh_frame      0x0000000000409520       0xd0 contiki-native.a(ctimer.o)
                                         0xd8 (size before relaxing)
 .eh_frame      0x00000000004095f0       0x78 contiki-native.a(ringbuf.o)
                                         0x80 (size before relaxing)
 .eh_frame      0x0000000000409668       0x18 contiki-native.a(netstack.o)
                                         0x30 (size before relaxing)
 .eh_frame      0x0000000000409680      0x188 contiki-native.a(tcpip.o)
                                        0x170 (size before relaxing)
 .eh_frame      0x0000000000409808       0x18 contiki-native.a(uip-split.o)
                                         0x30 (size before relaxing)
 .eh_frame      0x0000000000409820       0xf0 contiki-native.a(nullradio.o)
                                         0xe0 (size before relaxing)
 .eh_frame      0x0000000000409910       0xb0 contiki-native.a(rime.o)
                                         0xb8 (size before relaxing)
 .eh_frame      0x00000000004099c0      0x118 contiki-native.a(announcement.o)
                                        0x108 (size before relaxing)
 .eh_frame      0x0000000000409ad8       0xf8 contiki-native.a(broadcast-annou)
 .eh_frame      0x0000000000409bd0       0x88 contiki-native.a(broadcast.o)
                                         0x90 (size before relaxing)
 .eh_frame      0x0000000000409c58       0x80 contiki-native.a(abc.o)
                                         0x88 (size before relaxing)
 .eh_frame      0x0000000000409cd8       0x68 contiki-native.a(chameleon.o)
                                         0x78 (size before relaxing)
 .eh_frame      0x0000000000409d40       0x80 contiki-native.a(channel.o)
                                         0x88 (size before relaxing)
 .eh_frame      0x0000000000409dc0       0xf0 contiki-native.a(chameleon-bitop)
 .eh_frame      0x0000000000409eb0       0x90 contiki-native.a(nullmac.o)
 .eh_frame      0x0000000000409f40       0x98 contiki-native.a(nullrdc.o)
 .eh_frame      0x0000000000409fd8       0x18 contiki-native.a(mac.o)
                                         0x30 (size before relaxing)
 .eh_frame      0x0000000000409ff0       0x30 contiki-native.a(framer-nullmac.)
                                         0x48 (size before relaxing)
 .eh_frame      0x000000000040a020      0x130 contiki-native.a(list.o)
                                        0x118 (size before relaxing)
 .eh_frame      0x000000000040a150       0x30 contiki-native.a(random.o)
                                         0x40 (size before relaxing)
 .eh_frame      0x000000000040a180      0x270 contiki-native.a(packetbuf.o)
                                        0x238 (size before relaxing)
 .eh_frame      0x000000000040a3f0       0xf8 contiki-native.a(queuebuf.o)
 .eh_frame      0x000000000040a4e8      0x1f8 contiki-native.a(uip.o)
                                        0x1d0 (size before relaxing)
 .eh_frame      0x000000000040a6e0       0x48 contiki-native.a(rimeaddr.o)
                                         0x58 (size before relaxing)
 .eh_frame      0x000000000040a728       0x60 contiki-native.a(memb.o)
                                         0x70 (size before relaxing)
 .eh_frame      0x000000000040a788       0x40 /usr/lib/x86_64-linux-gnu/libc_nonshared.a(elf-init.oS)
                                         0x58 (size before relaxing)
 .eh_frame      0x000000000040a7c8        0x4 /usr/lib/gcc/x86_64-linux-gnu/4.4.7/crtend.o

.gcc_except_table
 *(.gcc_except_table .gcc_except_table.*)

.exception_ranges
 *(.exception_ranges .exception_ranges*)
                0x000000000040a7cc                . = (ALIGN (0x200000) - ((0x200000 - .) & 0x1fffff))
                0x000000000060ae24                . = DATA_SEGMENT_ALIGN (0x200000, 0x1000)

.eh_frame
 *(.eh_frame)

.gcc_except_table
 *(.gcc_except_table .gcc_except_table.*)

.exception_ranges
 *(.exception_ranges .exception_ranges*)

.tdata
 *(.tdata .tdata.* .gnu.linkonce.td.*)

.tbss
 *(.tbss .tbss.* .gnu.linkonce.tb.*)
 *(.tcommon)

.preinit_array  0x000000000060ae24        0x0
                0x000000000060ae24                PROVIDE (__preinit_array_start, .)
 *(.preinit_array)
                0x000000000060ae24                PROVIDE (__preinit_array_end, .)

.init_array     0x000000000060ae24        0x0
                0x000000000060ae24                PROVIDE (__init_array_start, .)
 *(SORT(.init_array.*) SORT(.ctors.*))
 *(.init_array)
 *(EXCLUDE_FILE(*crtend?.o *crtend.o *crtbegin?.o *crtbegin.o) .ctors)
                0x000000000060ae24                PROVIDE (__init_array_end, .)

.fini_array     0x000000000060ae24        0x0
                0x000000000060ae24                PROVIDE (__fini_array_start, .)
 *(SORT(.fini_array.*) SORT(.dtors.*))
 *(.fini_array)
 *(EXCLUDE_FILE(*crtend?.o *crtend.o *crtbegin?.o *crtbegin.o) .dtors)
                0x000000000060ae24                PROVIDE (__fini_array_end, .)

.ctors          0x000000000060ae28       0x10
 *crtbegin.o(.ctors)
 .ctors         0x000000000060ae28        0x8 /usr/lib/gcc/x86_64-linux-gnu/4.4.7/crtbegin.o
 *crtbegin?.o(.ctors)
 *(EXCLUDE_FILE(*crtend?.o *crtend.o) .ctors)
 *(SORT(.ctors.*))
 *(.ctors)
 .ctors         0x000000000060ae30        0x8 /usr/lib/gcc/x86_64-linux-gnu/4.4.7/crtend.o

.dtors          0x000000000060ae38       0x10
 *crtbegin.o(.dtors)
 .dtors         0x000000000060ae38        0x8 /usr/lib/gcc/x86_64-linux-gnu/4.4.7/crtbegin.o
 *crtbegin?.o(.dtors)
 *(EXCLUDE_FILE(*crtend?.o *crtend.o) .dtors)
 *(SORT(.dtors.*))
 *(.dtors)
 .dtors         0x000000000060ae40        0x8 /usr/lib/gcc/x86_64-linux-gnu/4.4.7/crtend.o
                0x000000000060ae40                __DTOR_END__

.jcr            0x000000000060ae48        0x8
 *(.jcr)
 .jcr           0x000000000060ae48        0x0 /usr/lib/gcc/x86_64-linux-gnu/4.4.7/crtbegin.o
 .jcr           0x000000000060ae48        0x8 /usr/lib/gcc/x86_64-linux-gnu/4.4.7/crtend.o

.data.rel.ro
 *(.data.rel.ro.local* .gnu.linkonce.d.rel.ro.local.*)
 *(.data.rel.ro* .gnu.linkonce.d.rel.ro.*)

.dynamic        0x000000000060ae50      0x190
 *(.dynamic)
 .dynamic       0x000000000060ae50      0x190 /usr/lib/gcc/x86_64-linux-gnu/4.4.7/../../../x86_64-linux-gnu/crt1.o
                0x000000000060ae50                _DYNAMIC

.got            0x000000000060afe0        0x8
 *(.got)
 .got           0x000000000060afe0        0x8 /usr/lib/gcc/x86_64-linux-gnu/4.4.7/../../../x86_64-linux-gnu/crt1.o
 *(.igot)
                0x000000000060afe8                . = DATA_SEGMENT_RELRO_END (., 0x18)

.got.plt        0x000000000060afe8       0x78
 *(.got.plt)
 .got.plt       0x000000000060afe8       0x78 /usr/lib/gcc/x86_64-linux-gnu/4.4.7/../../../x86_64-linux-gnu/crt1.o
                0x000000000060afe8                _GLOBAL_OFFSET_TABLE_
 *(.igot.plt)
 .igot.plt      0x0000000000000000        0x0 /usr/lib/gcc/x86_64-linux-gnu/4.4.7/../../../x86_64-linux-gnu/crt1.o

.data           0x000000000060b060      0x158
 *(.data .data.* .gnu.linkonce.d.*)
 .data          0x000000000060b060        0x4 /usr/lib/gcc/x86_64-linux-gnu/4.4.7/../../../x86_64-linux-gnu/crt1.o
                0x000000000060b060                data_start
                0x000000000060b060                __data_start
 .data          0x000000000060b064        0x0 /usr/lib/gcc/x86_64-linux-gnu/4.4.7/../../../x86_64-linux-gnu/crti.o
 *fill*         0x000000000060b064        0x4 00
 .data          0x000000000060b068        0x8 /usr/lib/gcc/x86_64-linux-gnu/4.4.7/crtbegin.o
                0x000000000060b068                __dso_handle
 *fill*         0x000000000060b070       0x10 00
 .data          0x000000000060b080       0x20 blink.co
                0x000000000060b080                blink_process
 .data          0x000000000060b0a0       0x20 contiki-native.a(etimer.o)
                0x000000000060b0a0                etimer_process
 .data          0x000000000060b0c0       0x40 contiki-native.a(contiki-main.o)
                0x000000000060b0c0                procinit
                0x000000000060b0e0                sensors
 .data          0x000000000060b100        0x0 contiki-native.a(clock.o)
 .data          0x000000000060b100        0x0 contiki-native.a(leds.o)
 .data          0x000000000060b100        0x0 contiki-native.a(leds-arch.o)
 .data          0x000000000060b100        0x0 contiki-native.a(button-sensor.o)
 .data          0x000000000060b100        0x0 contiki-native.a(pir-sensor.o)
 .data          0x000000000060b100        0x0 contiki-native.a(vib-sensor.o)
 .data          0x000000000060b100       0x20 contiki-native.a(sensors.o)
                0x000000000060b100                sensors_process
 .data          0x000000000060b120        0x0 contiki-native.a(process.o)
 .data          0x000000000060b120        0x0 contiki-native.a(procinit.o)
 .data          0x000000000060b120        0x0 contiki-native.a(autostart.o)
 .data          0x000000000060b120       0x20 contiki-native.a(serial-line.o)
                0x000000000060b120                serial_line_process
 .data          0x000000000060b140        0x0 contiki-native.a(timer.o)
 .data          0x000000000060b140       0x20 contiki-native.a(ctimer.o)
                0x000000000060b140                ctimer_process
 .data          0x000000000060b160        0x0 contiki-native.a(ringbuf.o)
 .data          0x000000000060b160        0x0 contiki-native.a(netstack.o)
 .data          0x000000000060b160       0x20 contiki-native.a(tcpip.o)
                0x000000000060b160                tcpip_process
 .data          0x000000000060b180        0x0 contiki-native.a(uip-split.o)
 .data          0x000000000060b180        0x0 contiki-native.a(nullradio.o)
 .data          0x000000000060b180        0x0 contiki-native.a(rime.o)
 .data          0x000000000060b180        0x0 contiki-native.a(rimestats.o)
 .data          0x000000000060b180        0x0 contiki-native.a(announcement.o)
 .data          0x000000000060b180        0x0 contiki-native.a(broadcast-annou)
 .data          0x000000000060b180        0x0 contiki-native.a(broadcast.o)
 .data          0x000000000060b180        0x0 contiki-native.a(abc.o)
 .data          0x000000000060b180        0x0 contiki-native.a(chameleon.o)
 .data          0x000000000060b180        0x0 contiki-native.a(channel.o)
 .data          0x000000000060b180        0x0 contiki-native.a(chameleon-bitop)
 .data          0x000000000060b180        0x0 contiki-native.a(nullmac.o)
 .data          0x000000000060b180        0x0 contiki-native.a(nullrdc.o)
 .data          0x000000000060b180        0x0 contiki-native.a(mac.o)
 .data          0x000000000060b180        0x0 contiki-native.a(framer-nullmac.)
 .data          0x000000000060b180        0x0 contiki-native.a(list.o)
 .data          0x000000000060b180        0x0 contiki-native.a(random.o)
 .data          0x000000000060b180        0x0 contiki-native.a(packetbuf.o)
 .data          0x000000000060b180       0x38 contiki-native.a(queuebuf.o)
 .data          0x000000000060b1b8        0x0 contiki-native.a(uip.o)
 .data          0x000000000060b1b8        0x0 contiki-native.a(rimeaddr.o)
 .data          0x000000000060b1b8        0x0 contiki-native.a(memb.o)
 .data          0x000000000060b1b8        0x0 /usr/lib/x86_64-linux-gnu/libc_nonshared.a(elf-init.oS)
 .data          0x000000000060b1b8        0x0 /usr/lib/gcc/x86_64-linux-gnu/4.4.7/crtend.o
 .data          0x000000000060b1b8        0x0 /usr/lib/gcc/x86_64-linux-gnu/4.4.7/../../../x86_64-linux-gnu/crtn.o

.data1
 *(.data1)
                0x000000000060b1b8                _edata = .
                0x000000000060b1b8                PROVIDE (edata, .)
                0x000000000060b1b8                __bss_start = .

.bss            0x000000000060b1c0     0x1cf8
 *(.dynbss)
 .dynbss        0x000000000060b1c0        0x8 /usr/lib/gcc/x86_64-linux-gnu/4.4.7/../../../x86_64-linux-gnu/crt1.o
                0x000000000060b1c0                stdout@@GLIBC_2.2.5
 *(.bss .bss.* .gnu.linkonce.b.*)
 .bss           0x000000000060b1c8        0x0 /usr/lib/gcc/x86_64-linux-gnu/4.4.7/../../../x86_64-linux-gnu/crt1.o
 .bss           0x000000000060b1c8        0x0 /usr/lib/gcc/x86_64-linux-gnu/4.4.7/../../../x86_64-linux-gnu/crti.o
 .bss           0x000000000060b1c8       0x10 /usr/lib/gcc/x86_64-linux-gnu/4.4.7/crtbegin.o
 *fill*         0x000000000060b1d8        0x8 00
 .bss           0x000000000060b1e0       0x40 blink.co
 .bss           0x000000000060b220       0x10 contiki-native.a(etimer.o)
 .bss           0x000000000060b230        0x0 contiki-native.a(contiki-main.o)
 .bss           0x000000000060b230        0x0 contiki-native.a(clock.o)
 .bss           0x000000000060b230        0x2 contiki-native.a(leds.o)
 *fill*         0x000000000060b232        0x2 00
 .bss           0x000000000060b234        0x1 contiki-native.a(leds-arch.o)
 *fill*         0x000000000060b235        0x3 00
 .bss           0x000000000060b238        0x0 contiki-native.a(button-sensor.o)
 .bss           0x000000000060b238        0x4 contiki-native.a(pir-sensor.o)
 .bss           0x000000000060b23c        0x0 contiki-native.a(vib-sensor.o)
 .bss           0x000000000060b23c        0x9 contiki-native.a(sensors.o)
 *fill*         0x000000000060b245       0x1b 00
 .bss           0x000000000060b260      0x341 contiki-native.a(process.o)
                0x000000000060b260                process_list
                0x000000000060b268                process_current
 *fill*         0x000000000060b5a1        0x3 00
 .bss           0x000000000060b5a4        0x0 contiki-native.a(procinit.o)
 .bss           0x000000000060b5a4        0x0 contiki-native.a(autostart.o)
 *fill*         0x000000000060b5a4       0x1c 00
 .bss           0x000000000060b5c0      0x140 contiki-native.a(serial-line.o)
 .bss           0x000000000060b700        0x0 contiki-native.a(timer.o)
 .bss           0x000000000060b700        0x9 contiki-native.a(ctimer.o)
 *fill*         0x000000000060b709        0x3 00
 .bss           0x000000000060b70c        0x0 contiki-native.a(ringbuf.o)
 .bss           0x000000000060b70c        0x0 contiki-native.a(netstack.o)
 *fill*         0x000000000060b70c       0x14 00
 .bss           0x000000000060b720      0x2d0 contiki-native.a(tcpip.o)
 .bss           0x000000000060b9f0        0x0 contiki-native.a(uip-split.o)
 .bss           0x000000000060b9f0        0x0 contiki-native.a(nullradio.o)
 .bss           0x000000000060b9f0        0x8 contiki-native.a(rime.o)
 .bss           0x000000000060b9f8        0x0 contiki-native.a(rimestats.o)
 .bss           0x000000000060b9f8       0x18 contiki-native.a(announcement.o)
 *fill*         0x000000000060ba10       0x10 00
 .bss           0x000000000060ba20       0xd8 contiki-native.a(broadcast-annou)
 .bss           0x000000000060baf8        0x0 contiki-native.a(broadcast.o)
 .bss           0x000000000060baf8        0x0 contiki-native.a(abc.o)
 .bss           0x000000000060baf8        0x0 contiki-native.a(chameleon.o)
 .bss           0x000000000060baf8        0x8 contiki-native.a(channel.o)
 .bss           0x000000000060bb00        0x0 contiki-native.a(chameleon-bitop)
 .bss           0x000000000060bb00        0x0 contiki-native.a(nullmac.o)
 .bss           0x000000000060bb00        0x0 contiki-native.a(nullrdc.o)
 .bss           0x000000000060bb00        0x0 contiki-native.a(mac.o)
 .bss           0x000000000060bb00        0x0 contiki-native.a(framer-nullmac.)
 .bss           0x000000000060bb00        0x0 contiki-native.a(list.o)
 .bss           0x000000000060bb00        0x0 contiki-native.a(random.o)
 .bss           0x000000000060bb00       0xd2 contiki-native.a(packetbuf.o)
 *fill*         0x000000000060bbd2        0xe 00
 .bss           0x000000000060bbe0      0x690 contiki-native.a(queuebuf.o)
 .bss           0x000000000060c270       0x12 contiki-native.a(uip.o)
                0x000000000060c270                uip_ethaddr
 *fill*         0x000000000060c282        0x2 00
 .bss           0x000000000060c284        0x0 contiki-native.a(rimeaddr.o)
 .bss           0x000000000060c284        0x0 contiki-native.a(memb.o)
 .bss           0x000000000060c284        0x0 /usr/lib/x86_64-linux-gnu/libc_nonshared.a(elf-init.oS)
 .bss           0x000000000060c284        0x0 /usr/lib/gcc/x86_64-linux-gnu/4.4.7/crtend.o
 .bss           0x000000000060c284        0x0 /usr/lib/gcc/x86_64-linux-gnu/4.4.7/../../../x86_64-linux-gnu/crtn.o
 *(COMMON)
 COMMON         0x000000000060c284        0x4 contiki-native.a(contiki-main.o)
                0x000000000060c284                sensors_flags
 COMMON         0x000000000060c288        0x1 contiki-native.a(sensors.o)
                0x000000000060c288                sensors_event
 COMMON         0x000000000060c289        0x1 contiki-native.a(serial-line.o)
                0x000000000060c289                serial_line_event_message
 COMMON         0x000000000060c28a        0x1 contiki-native.a(tcpip.o)
                0x000000000060c28a                tcpip_event
 *fill*         0x000000000060c28b        0x5 00
 COMMON         0x000000000060c290        0x8 contiki-native.a(rime.o)
                0x000000000060c290                rime_mac
 *fill*         0x000000000060c298        0x8 00
 COMMON         0x000000000060c2a0       0x90 contiki-native.a(rimestats.o)
                0x000000000060c2a0                rimestats
 *fill*         0x000000000060c330       0x10 00
 COMMON         0x000000000060c340       0x38 contiki-native.a(packetbuf.o)
                0x000000000060c340                packetbuf_attrs
                0x000000000060c370                packetbuf_addrs
 *fill*         0x000000000060c378        0x8 00
 COMMON         0x000000000060c380      0xb30 contiki-native.a(uip.o)
                0x000000000060c380                uip_draddr
                0x000000000060c384                uip_slen
                0x000000000060c386                uip_acc32
                0x000000000060c3a0                uip_conns
                0x000000000060cb20                uip_netmask
                0x000000000060cb24                uip_hostaddr
                0x000000000060cb28                uip_appdata
                0x000000000060cb30                uip_flags
                0x000000000060cb40                uip_aligned_buf
                0x000000000060cd00                uip_listenports
                0x000000000060cd50                uip_len
                0x000000000060cd58                uip_sappdata
                0x000000000060cd60                uip_udp_conns
                0x000000000060cea0                uip_udp_conn
                0x000000000060cea8                uip_conn
 COMMON         0x000000000060ceb0        0x2 contiki-native.a(rimeaddr.o)
                0x000000000060ceb0                rimeaddr_node_addr
                0x000000000060ceb8                . = ALIGN ((. != 0x0)?0x8:0x1)
 *fill*         0x000000000060ceb2        0x6 00

.lbss
 *(.dynlbss)
 *(.lbss .lbss.* .gnu.linkonce.lb.*)
 *(LARGE_COMMON)
                0x000000000060ceb8                . = ALIGN (0x8)

.lrodata
 *(.lrodata .lrodata.* .gnu.linkonce.lr.*)

.ldata          0x0000000000a0ceb8        0x0
 *(.ldata .ldata.* .gnu.linkonce.l.*)
                0x0000000000a0ceb8                . = ALIGN ((. != 0x0)?0x8:0x1)
                0x0000000000a0ceb8                . = ALIGN (0x8)
                0x0000000000a0ceb8                _end = .
                0x0000000000a0ceb8                PROVIDE (end, .)
                0x0000000000a0ceb8                . = DATA_SEGMENT_END (.)

.stab
 *(.stab)

.stabstr
 *(.stabstr)

.stab.excl
 *(.stab.excl)

.stab.exclstr
 *(.stab.exclstr)

.stab.index
 *(.stab.index)

.stab.indexstr
 *(.stab.indexstr)

.comment        0x0000000000000000       0x54
 *(.comment)
 .comment       0x0000000000000000       0x2a /usr/lib/gcc/x86_64-linux-gnu/4.4.7/crtbegin.o
                                         0x2b (size before relaxing)
 .comment       0x0000000000000000       0x2b blink.co
 .comment       0x0000000000000000       0x2b contiki-native.a(etimer.o)
 .comment       0x0000000000000000       0x2b contiki-native.a(contiki-main.o)
 .comment       0x0000000000000000       0x2b contiki-native.a(clock.o)
 .comment       0x0000000000000000       0x2b contiki-native.a(leds.o)
 .comment       0x0000000000000000       0x2b contiki-native.a(leds-arch.o)
 .comment       0x0000000000000000       0x2b contiki-native.a(button-sensor.o)
 .comment       0x0000000000000000       0x2b contiki-native.a(pir-sensor.o)
 .comment       0x0000000000000000       0x2b contiki-native.a(vib-sensor.o)
 .comment       0x0000000000000000       0x2b contiki-native.a(sensors.o)
 .comment       0x0000000000000000       0x2b contiki-native.a(process.o)
 .comment       0x0000000000000000       0x2b contiki-native.a(procinit.o)
 .comment       0x0000000000000000       0x2b contiki-native.a(autostart.o)
 .comment       0x0000000000000000       0x2b contiki-native.a(serial-line.o)
 .comment       0x0000000000000000       0x2b contiki-native.a(timer.o)
 .comment       0x0000000000000000       0x2b contiki-native.a(ctimer.o)
 .comment       0x0000000000000000       0x2b contiki-native.a(ringbuf.o)
 .comment       0x0000000000000000       0x2b contiki-native.a(netstack.o)
 .comment       0x0000000000000000       0x2b contiki-native.a(tcpip.o)
 .comment       0x0000000000000000       0x2b contiki-native.a(uip-split.o)
 .comment       0x0000000000000000       0x2b contiki-native.a(nullradio.o)
 .comment       0x0000000000000000       0x2b contiki-native.a(rime.o)
 .comment       0x0000000000000000       0x2b contiki-native.a(rimestats.o)
 .comment       0x0000000000000000       0x2b contiki-native.a(announcement.o)
 .comment       0x0000000000000000       0x2b contiki-native.a(broadcast-annou)
 .comment       0x0000000000000000       0x2b contiki-native.a(broadcast.o)
 .comment       0x0000000000000000       0x2b contiki-native.a(abc.o)
 .comment       0x0000000000000000       0x2b contiki-native.a(chameleon.o)
 .comment       0x0000000000000000       0x2b contiki-native.a(channel.o)
 .comment       0x0000000000000000       0x2b contiki-native.a(chameleon-bitop)
 .comment       0x0000000000000000       0x2b contiki-native.a(nullmac.o)
 .comment       0x0000000000000000       0x2b contiki-native.a(nullrdc.o)
 .comment       0x0000000000000000       0x2b contiki-native.a(mac.o)
 .comment       0x0000000000000000       0x2b contiki-native.a(framer-nullmac.)
 .comment       0x0000000000000000       0x2b contiki-native.a(list.o)
 .comment       0x0000000000000000       0x2b contiki-native.a(random.o)
 .comment       0x0000000000000000       0x2b contiki-native.a(packetbuf.o)
 .comment       0x0000000000000000       0x2b contiki-native.a(queuebuf.o)
 .comment       0x0000000000000000       0x2b contiki-native.a(uip.o)
 .comment       0x0000000000000000       0x2b contiki-native.a(rimeaddr.o)
 .comment       0x0000000000000000       0x2b contiki-native.a(memb.o)
 .comment       0x000000000000002a       0x2a /usr/lib/x86_64-linux-gnu/libc_nonshared.a(elf-init.oS)
                                         0x2b (size before relaxing)
 .comment       0x0000000000000000       0x2b /usr/lib/gcc/x86_64-linux-gnu/4.4.7/crtend.o

.debug
 *(.debug)

.line
 *(.line)

.debug_srcinfo
 *(.debug_srcinfo)

.debug_sfnames
 *(.debug_sfnames)

.debug_aranges  0x0000000000000000      0x780
 *(.debug_aranges)
 .debug_aranges
                0x0000000000000000       0x30 blink.co
 .debug_aranges
                0x0000000000000030       0x30 contiki-native.a(etimer.o)
 .debug_aranges
                0x0000000000000060       0x30 contiki-native.a(contiki-main.o)
 .debug_aranges
                0x0000000000000090       0x30 contiki-native.a(clock.o)
 .debug_aranges
                0x00000000000000c0       0x30 contiki-native.a(leds.o)
 .debug_aranges
                0x00000000000000f0       0x30 contiki-native.a(leds-arch.o)
 .debug_aranges
                0x0000000000000120       0x30 contiki-native.a(button-sensor.o)
 .debug_aranges
                0x0000000000000150       0x30 contiki-native.a(pir-sensor.o)
 .debug_aranges
                0x0000000000000180       0x30 contiki-native.a(vib-sensor.o)
 .debug_aranges
                0x00000000000001b0       0x30 contiki-native.a(sensors.o)
 .debug_aranges
                0x00000000000001e0       0x30 contiki-native.a(process.o)
 .debug_aranges
                0x0000000000000210       0x30 contiki-native.a(procinit.o)
 .debug_aranges
                0x0000000000000240       0x30 contiki-native.a(autostart.o)
 .debug_aranges
                0x0000000000000270       0x30 contiki-native.a(serial-line.o)
 .debug_aranges
                0x00000000000002a0       0x30 contiki-native.a(timer.o)
 .debug_aranges
                0x00000000000002d0       0x30 contiki-native.a(ctimer.o)
 .debug_aranges
                0x0000000000000300       0x30 contiki-native.a(ringbuf.o)
 .debug_aranges
                0x0000000000000330       0x30 contiki-native.a(netstack.o)
 .debug_aranges
                0x0000000000000360       0x30 contiki-native.a(tcpip.o)
 .debug_aranges
                0x0000000000000390       0x30 contiki-native.a(uip-split.o)
 .debug_aranges
                0x00000000000003c0       0x30 contiki-native.a(nullradio.o)
 .debug_aranges
                0x00000000000003f0       0x30 contiki-native.a(rime.o)
 .debug_aranges
                0x0000000000000420       0x30 contiki-native.a(announcement.o)
 .debug_aranges
                0x0000000000000450       0x30 contiki-native.a(broadcast-annou)
 .debug_aranges
                0x0000000000000480       0x30 contiki-native.a(broadcast.o)
 .debug_aranges
                0x00000000000004b0       0x30 contiki-native.a(abc.o)
 .debug_aranges
                0x00000000000004e0       0x30 contiki-native.a(chameleon.o)
 .debug_aranges
                0x0000000000000510       0x30 contiki-native.a(channel.o)
 .debug_aranges
                0x0000000000000540       0x30 contiki-native.a(chameleon-bitop)
 .debug_aranges
                0x0000000000000570       0x30 contiki-native.a(nullmac.o)
 .debug_aranges
                0x00000000000005a0       0x30 contiki-native.a(nullrdc.o)
 .debug_aranges
                0x00000000000005d0       0x30 contiki-native.a(mac.o)
 .debug_aranges
                0x0000000000000600       0x30 contiki-native.a(framer-nullmac.)
 .debug_aranges
                0x0000000000000630       0x30 contiki-native.a(list.o)
 .debug_aranges
                0x0000000000000660       0x30 contiki-native.a(random.o)
 .debug_aranges
                0x0000000000000690       0x30 contiki-native.a(packetbuf.o)
 .debug_aranges
                0x00000000000006c0       0x30 contiki-native.a(queuebuf.o)
 .debug_aranges
                0x00000000000006f0       0x30 contiki-native.a(uip.o)
 .debug_aranges
                0x0000000000000720       0x30 contiki-native.a(rimeaddr.o)
 .debug_aranges
                0x0000000000000750       0x30 contiki-native.a(memb.o)

.debug_pubnames
                0x0000000000000000     0x14a9
 *(.debug_pubnames)
 .debug_pubnames
                0x0000000000000000       0x3c blink.co
 .debug_pubnames
                0x000000000000003c      0x109 contiki-native.a(etimer.o)
 .debug_pubnames
                0x0000000000000145       0x62 contiki-native.a(contiki-main.o)
 .debug_pubnames
                0x00000000000001a7       0x43 contiki-native.a(clock.o)
 .debug_pubnames
                0x00000000000001ea       0x75 contiki-native.a(leds.o)
 .debug_pubnames
                0x000000000000025f       0x49 contiki-native.a(leds-arch.o)
 .debug_pubnames
                0x00000000000002a8       0x35 contiki-native.a(button-sensor.o)
 .debug_pubnames
                0x00000000000002dd       0x38 contiki-native.a(pir-sensor.o)
 .debug_pubnames
                0x0000000000000315       0x38 contiki-native.a(vib-sensor.o)
 .debug_pubnames
                0x000000000000034d       0x80 contiki-native.a(sensors.o)
 .debug_pubnames
                0x00000000000003cd       0xf7 contiki-native.a(process.o)
 .debug_pubnames
                0x00000000000004c4       0x24 contiki-native.a(procinit.o)
 .debug_pubnames
                0x00000000000004e8       0x39 contiki-native.a(autostart.o)
 .debug_pubnames
                0x0000000000000521       0x78 contiki-native.a(serial-line.o)
 .debug_pubnames
                0x0000000000000599       0x68 contiki-native.a(timer.o)
 .debug_pubnames
                0x0000000000000601       0x8b contiki-native.a(ctimer.o)
 .debug_pubnames
                0x000000000000068c       0x69 contiki-native.a(ringbuf.o)
 .debug_pubnames
                0x00000000000006f5       0x24 contiki-native.a(netstack.o)
 .debug_pubnames
                0x0000000000000719      0x116 contiki-native.a(tcpip.o)
 .debug_pubnames
                0x000000000000082f       0x27 contiki-native.a(uip-split.o)
 .debug_pubnames
                0x0000000000000856       0x27 contiki-native.a(nullradio.o)
 .debug_pubnames
                0x000000000000087d       0x6c contiki-native.a(rime.o)
 .debug_pubnames
                0x00000000000008e9       0x20 contiki-native.a(rimestats.o)
 .debug_pubnames
                0x0000000000000909      0x144 contiki-native.a(announcement.o)
 .debug_pubnames
                0x0000000000000a4d       0x7d contiki-native.a(broadcast-annou)
 .debug_pubnames
                0x0000000000000aca       0x4c contiki-native.a(broadcast.o)
 .debug_pubnames
                0x0000000000000b16       0x55 contiki-native.a(abc.o)
 .debug_pubnames
                0x0000000000000b6b       0x64 contiki-native.a(chameleon.o)
 .debug_pubnames
                0x0000000000000bcf       0x74 contiki-native.a(channel.o)
 .debug_pubnames
                0x0000000000000c43       0x6b contiki-native.a(chameleon-bitop)
 .debug_pubnames
                0x0000000000000cae       0x25 contiki-native.a(nullmac.o)
 .debug_pubnames
                0x0000000000000cd3       0x25 contiki-native.a(nullrdc.o)
 .debug_pubnames
                0x0000000000000cf8       0x2d contiki-native.a(mac.o)
 .debug_pubnames
                0x0000000000000d25       0x25 contiki-native.a(framer-nullmac.)
 .debug_pubnames
                0x0000000000000d4a       0xc3 contiki-native.a(list.o)
 .debug_pubnames
                0x0000000000000e0d       0x32 contiki-native.a(random.o)
 .debug_pubnames
                0x0000000000000e3f      0x280 contiki-native.a(packetbuf.o)
 .debug_pubnames
                0x00000000000010bf       0xff contiki-native.a(queuebuf.o)
 .debug_pubnames
                0x00000000000011be      0x225 contiki-native.a(uip.o)
 .debug_pubnames
                0x00000000000013e3       0x79 contiki-native.a(rimeaddr.o)
 .debug_pubnames
                0x000000000000145c       0x4d contiki-native.a(memb.o)

.debug_info     0x0000000000000000     0xaa4a
 *(.debug_info .gnu.linkonce.wi.*)
 .debug_info    0x0000000000000000      0x29d blink.co
 .debug_info    0x000000000000029d      0x542 contiki-native.a(etimer.o)
 .debug_info    0x00000000000007df      0x797 contiki-native.a(contiki-main.o)
 .debug_info    0x0000000000000f76      0x148 contiki-native.a(clock.o)
 .debug_info    0x00000000000010be      0x205 contiki-native.a(leds.o)
 .debug_info    0x00000000000012c3       0xb2 contiki-native.a(leds-arch.o)
 .debug_info    0x0000000000001375      0x1c5 contiki-native.a(button-sensor.o)
 .debug_info    0x000000000000153a      0x1ee contiki-native.a(pir-sensor.o)
 .debug_info    0x0000000000001728      0x1d0 contiki-native.a(vib-sensor.o)
 .debug_info    0x00000000000018f8      0x3f0 contiki-native.a(sensors.o)
 .debug_info    0x0000000000001ce8      0x84c contiki-native.a(process.o)
 .debug_info    0x0000000000002534      0x19d contiki-native.a(procinit.o)
 .debug_info    0x00000000000026d1      0x1ca contiki-native.a(autostart.o)
 .debug_info    0x000000000000289b      0x340 contiki-native.a(serial-line.o)
 .debug_info    0x0000000000002bdb      0x1a6 contiki-native.a(timer.o)
 .debug_info    0x0000000000002d81      0x4d5 contiki-native.a(ctimer.o)
 .debug_info    0x0000000000003256      0x1de contiki-native.a(ringbuf.o)
 .debug_info    0x0000000000003434      0x35c contiki-native.a(netstack.o)
 .debug_info    0x0000000000003790      0xd43 contiki-native.a(tcpip.o)
 .debug_info    0x00000000000044d3      0x35c contiki-native.a(uip-split.o)
 .debug_info    0x000000000000482f      0x31d contiki-native.a(nullradio.o)
 .debug_info    0x0000000000004b4c      0x59a contiki-native.a(rime.o)
 .debug_info    0x00000000000050e6      0x154 contiki-native.a(rimestats.o)
 .debug_info    0x000000000000523a      0x44a contiki-native.a(announcement.o)
 .debug_info    0x0000000000005684      0xb25 contiki-native.a(broadcast-annou)
 .debug_info    0x00000000000061a9      0x4bf contiki-native.a(broadcast.o)
 .debug_info    0x0000000000006668      0x3c6 contiki-native.a(abc.o)
 .debug_info    0x0000000000006a2e      0x58f contiki-native.a(chameleon.o)
 .debug_info    0x0000000000006fbd      0x265 contiki-native.a(channel.o)
 .debug_info    0x0000000000007222      0x6af contiki-native.a(chameleon-bitop)
 .debug_info    0x00000000000078d1      0x332 contiki-native.a(nullmac.o)
 .debug_info    0x0000000000007c03      0x58d contiki-native.a(nullrdc.o)
 .debug_info    0x0000000000008190      0x11d contiki-native.a(mac.o)
 .debug_info    0x00000000000082ad      0x23f contiki-native.a(framer-nullmac.)
 .debug_info    0x00000000000084ec      0x37c contiki-native.a(list.o)
 .debug_info    0x0000000000008868       0xcc contiki-native.a(random.o)
 .debug_info    0x0000000000008934      0x7b5 contiki-native.a(packetbuf.o)
 .debug_info    0x00000000000090e9      0x5e5 contiki-native.a(queuebuf.o)
 .debug_info    0x00000000000096ce      0xfd5 contiki-native.a(uip.o)
 .debug_info    0x000000000000a6a3      0x1a4 contiki-native.a(rimeaddr.o)
 .debug_info    0x000000000000a847      0x203 contiki-native.a(memb.o)

.debug_abbrev   0x0000000000000000     0x3c8d
 *(.debug_abbrev)
 .debug_abbrev  0x0000000000000000      0x14f blink.co
 .debug_abbrev  0x000000000000014f      0x1fd contiki-native.a(etimer.o)
 .debug_abbrev  0x000000000000034c      0x22e contiki-native.a(contiki-main.o)
 .debug_abbrev  0x000000000000057a       0xc3 contiki-native.a(clock.o)
 .debug_abbrev  0x000000000000063d       0xba contiki-native.a(leds.o)
 .debug_abbrev  0x00000000000006f7       0x80 contiki-native.a(leds-arch.o)
 .debug_abbrev  0x0000000000000777       0xce contiki-native.a(button-sensor.o)
 .debug_abbrev  0x0000000000000845       0xee contiki-native.a(pir-sensor.o)
 .debug_abbrev  0x0000000000000933       0xdb contiki-native.a(vib-sensor.o)
 .debug_abbrev  0x0000000000000a0e      0x209 contiki-native.a(sensors.o)
 .debug_abbrev  0x0000000000000c17      0x2d8 contiki-native.a(process.o)
 .debug_abbrev  0x0000000000000eef       0xf9 contiki-native.a(procinit.o)
 .debug_abbrev  0x0000000000000fe8       0xf5 contiki-native.a(autostart.o)
 .debug_abbrev  0x00000000000010dd      0x1ac contiki-native.a(serial-line.o)
 .debug_abbrev  0x0000000000001289       0xf4 contiki-native.a(timer.o)
 .debug_abbrev  0x000000000000137d      0x1c0 contiki-native.a(ctimer.o)
 .debug_abbrev  0x000000000000153d       0xe1 contiki-native.a(ringbuf.o)
 .debug_abbrev  0x000000000000161e       0xd3 contiki-native.a(netstack.o)
 .debug_abbrev  0x00000000000016f1      0x3b5 contiki-native.a(tcpip.o)
 .debug_abbrev  0x0000000000001aa6      0x139 contiki-native.a(uip-split.o)
 .debug_abbrev  0x0000000000001bdf      0x125 contiki-native.a(nullradio.o)
 .debug_abbrev  0x0000000000001d04      0x1cd contiki-native.a(rime.o)
 .debug_abbrev  0x0000000000001ed1       0x5d contiki-native.a(rimestats.o)
 .debug_abbrev  0x0000000000001f2e      0x199 contiki-native.a(announcement.o)
 .debug_abbrev  0x00000000000020c7      0x29d contiki-native.a(broadcast-annou)
 .debug_abbrev  0x0000000000002364      0x1a4 contiki-native.a(broadcast.o)
 .debug_abbrev  0x0000000000002508      0x164 contiki-native.a(abc.o)
 .debug_abbrev  0x000000000000266c      0x15e contiki-native.a(chameleon.o)
 .debug_abbrev  0x00000000000027ca      0x13b contiki-native.a(channel.o)
 .debug_abbrev  0x0000000000002905      0x2c8 contiki-native.a(chameleon-bitop)
 .debug_abbrev  0x0000000000002bcd      0x16d contiki-native.a(nullmac.o)
 .debug_abbrev  0x0000000000002d3a      0x1e6 contiki-native.a(nullrdc.o)
 .debug_abbrev  0x0000000000002f20       0xa0 contiki-native.a(mac.o)
 .debug_abbrev  0x0000000000002fc0      0x101 contiki-native.a(framer-nullmac.)
 .debug_abbrev  0x00000000000030c1      0x16f contiki-native.a(list.o)
 .debug_abbrev  0x0000000000003230       0x6e contiki-native.a(random.o)
 .debug_abbrev  0x000000000000329e      0x2d9 contiki-native.a(packetbuf.o)
 .debug_abbrev  0x0000000000003577      0x1fc contiki-native.a(queuebuf.o)
 .debug_abbrev  0x0000000000003773      0x309 contiki-native.a(uip.o)
 .debug_abbrev  0x0000000000003a7c       0xf7 contiki-native.a(rimeaddr.o)
 .debug_abbrev  0x0000000000003b73      0x11a contiki-native.a(memb.o)

.debug_line     0x0000000000000000     0x32d0
 *(.debug_line)
 .debug_line    0x0000000000000000       0xf4 blink.co
 .debug_line    0x00000000000000f4      0x177 contiki-native.a(etimer.o)
 .debug_line    0x000000000000026b      0x2a1 contiki-native.a(contiki-main.o)
 .debug_line    0x000000000000050c       0xba contiki-native.a(clock.o)
 .debug_line    0x00000000000005c6       0x89 contiki-native.a(leds.o)
 .debug_line    0x000000000000064f       0x6f contiki-native.a(leds-arch.o)
 .debug_line    0x00000000000006be       0xa3 contiki-native.a(button-sensor.o)
 .debug_line    0x0000000000000761       0xa1 contiki-native.a(pir-sensor.o)
 .debug_line    0x0000000000000802       0xa0 contiki-native.a(vib-sensor.o)
 .debug_line    0x00000000000008a2      0x10f contiki-native.a(sensors.o)
 .debug_line    0x00000000000009b1      0x1ce contiki-native.a(process.o)
 .debug_line    0x0000000000000b7f       0xa5 contiki-native.a(procinit.o)
 .debug_line    0x0000000000000c24       0xad contiki-native.a(autostart.o)
 .debug_line    0x0000000000000cd1      0x118 contiki-native.a(serial-line.o)
 .debug_line    0x0000000000000de9       0xd7 contiki-native.a(timer.o)
 .debug_line    0x0000000000000ec0      0x181 contiki-native.a(ctimer.o)
 .debug_line    0x0000000000001041       0xbe contiki-native.a(ringbuf.o)
 .debug_line    0x00000000000010ff       0xf0 contiki-native.a(netstack.o)
 .debug_line    0x00000000000011ef      0x22a contiki-native.a(tcpip.o)
 .debug_line    0x0000000000001419      0x16a contiki-native.a(uip-split.o)
 .debug_line    0x0000000000001583       0x9a contiki-native.a(nullradio.o)
 .debug_line    0x000000000000161d      0x18c contiki-native.a(rime.o)
 .debug_line    0x00000000000017a9       0x83 contiki-native.a(rimestats.o)
 .debug_line    0x000000000000182c      0x12b contiki-native.a(announcement.o)
 .debug_line    0x0000000000001957      0x2cb contiki-native.a(broadcast-annou)
 .debug_line    0x0000000000001c22      0x122 contiki-native.a(broadcast.o)
 .debug_line    0x0000000000001d44       0xf8 contiki-native.a(abc.o)
 .debug_line    0x0000000000001e3c      0x17e contiki-native.a(chameleon.o)
 .debug_line    0x0000000000001fba      0x122 contiki-native.a(channel.o)
 .debug_line    0x00000000000020dc      0x225 contiki-native.a(chameleon-bitop)
 .debug_line    0x0000000000002301       0xd2 contiki-native.a(nullmac.o)
 .debug_line    0x00000000000023d3      0x169 contiki-native.a(nullrdc.o)
 .debug_line    0x000000000000253c       0x8d contiki-native.a(mac.o)
 .debug_line    0x00000000000025c9      0x10c contiki-native.a(framer-nullmac.)
 .debug_line    0x00000000000026d5       0xe0 contiki-native.a(list.o)
 .debug_line    0x00000000000027b5       0x61 contiki-native.a(random.o)
 .debug_line    0x0000000000002816      0x21f contiki-native.a(packetbuf.o)
 .debug_line    0x0000000000002a35      0x1d1 contiki-native.a(queuebuf.o)
 .debug_line    0x0000000000002c06      0x4c2 contiki-native.a(uip.o)
 .debug_line    0x00000000000030c8       0xef contiki-native.a(rimeaddr.o)
 .debug_line    0x00000000000031b7      0x119 contiki-native.a(memb.o)

.debug_frame
 *(.debug_frame)

.debug_str      0x0000000000000000     0x255b
 *(.debug_str)
 .debug_str     0x0000000000000000      0x10b blink.co
                                        0x17f (size before relaxing)
 .debug_str     0x000000000000010b      0x152 contiki-native.a(etimer.o)
                                        0x286 (size before relaxing)
 .debug_str     0x000000000000025d      0x297 contiki-native.a(contiki-main.o)
                                        0x3dd (size before relaxing)
 .debug_str     0x00000000000004f4       0x54 contiki-native.a(clock.o)
                                        0x120 (size before relaxing)
 .debug_str     0x0000000000000548       0x7b contiki-native.a(leds.o)
                                        0x11b (size before relaxing)
 .debug_str     0x00000000000005c3       0x60 contiki-native.a(leds-arch.o)
                                         0xa0 (size before relaxing)
 .debug_str     0x0000000000000623       0x46 contiki-native.a(button-sensor.o)
                                        0x110 (size before relaxing)
 .debug_str     0x0000000000000669       0x5c contiki-native.a(pir-sensor.o)
                                        0x123 (size before relaxing)
 .debug_str     0x00000000000006c5       0x49 contiki-native.a(vib-sensor.o)
                                        0x110 (size before relaxing)
 .debug_str     0x000000000000070e       0xb1 contiki-native.a(sensors.o)
                                        0x205 (size before relaxing)
 .debug_str     0x00000000000007bf      0x165 contiki-native.a(process.o)
                                        0x3ec (size before relaxing)
 .debug_str     0x0000000000000924       0x37 contiki-native.a(procinit.o)
                                        0x11e (size before relaxing)
 .debug_str     0x000000000000095b       0x49 contiki-native.a(autostart.o)
                                        0x131 (size before relaxing)
 .debug_str     0x00000000000009a4       0xc3 contiki-native.a(serial-line.o)
                                        0x1f0 (size before relaxing)
 .debug_str     0x0000000000000a67       0x36 contiki-native.a(timer.o)
                                        0x11b (size before relaxing)
 .debug_str     0x0000000000000a9d       0xd6 contiki-native.a(ctimer.o)
                                        0x21a (size before relaxing)
 .debug_str     0x0000000000000b73       0x6b contiki-native.a(ringbuf.o)
                                        0x12e (size before relaxing)
 .debug_str     0x0000000000000bde       0xe6 contiki-native.a(netstack.o)
                                        0x1b4 (size before relaxing)
 .debug_str     0x0000000000000cc4      0x2fc contiki-native.a(tcpip.o)
                                        0x49b (size before relaxing)
 .debug_str     0x0000000000000fc0       0x7c contiki-native.a(uip-split.o)
                                        0x1fa (size before relaxing)
 .debug_str     0x000000000000103c       0x8e contiki-native.a(nullradio.o)
                                        0x13a (size before relaxing)
 .debug_str     0x00000000000010ca      0x1a7 contiki-native.a(rime.o)
                                        0x301 (size before relaxing)
 .debug_str     0x0000000000001271       0x2f contiki-native.a(rimestats.o)
                                        0x101 (size before relaxing)
 .debug_str     0x00000000000012a0      0x1b9 contiki-native.a(announcement.o)
                                        0x2bc (size before relaxing)
 .debug_str     0x0000000000001459      0x1d5 contiki-native.a(broadcast-annou)
                                        0x56c (size before relaxing)
 .debug_str     0x000000000000162e      0x367 contiki-native.a(broadcast.o)
                                        0x4b1 (size before relaxing)
 .debug_str     0x0000000000001995       0x58 contiki-native.a(abc.o)
                                        0x44a (size before relaxing)
 .debug_str     0x00000000000019ed       0x93 contiki-native.a(chameleon.o)
                                        0x5d3 (size before relaxing)
 .debug_str     0x0000000000001a80       0x9a contiki-native.a(channel.o)
                                        0x183 (size before relaxing)
 .debug_str     0x0000000000001b1a       0xf0 contiki-native.a(chameleon-bitop)
                                        0x513 (size before relaxing)
 .debug_str     0x0000000000001c0a       0x46 contiki-native.a(nullmac.o)
                                        0x173 (size before relaxing)
 .debug_str     0x0000000000001c50       0x50 contiki-native.a(nullrdc.o)
                                        0x564 (size before relaxing)
 .debug_str     0x0000000000001ca0       0x3f contiki-native.a(mac.o)
                                        0x146 (size before relaxing)
 .debug_str     0x0000000000001cdf       0x3f contiki-native.a(framer-nullmac.)
                                        0x3e8 (size before relaxing)
 .debug_str     0x0000000000001d1e       0xb7 contiki-native.a(list.o)
                                         0xff (size before relaxing)
 .debug_str     0x0000000000001dd5       0x69 contiki-native.a(random.o)
                                         0xfa (size before relaxing)
 .debug_str     0x0000000000001e3e      0x252 contiki-native.a(packetbuf.o)
                                        0x643 (size before relaxing)
 .debug_str     0x0000000000002090      0x13b contiki-native.a(queuebuf.o)
                                        0x55f (size before relaxing)
 .debug_str     0x00000000000021cb      0x2cf contiki-native.a(uip.o)
                                        0x5e5 (size before relaxing)
 .debug_str     0x000000000000249a       0x6c contiki-native.a(rimeaddr.o)
                                        0x136 (size before relaxing)
 .debug_str     0x0000000000002506       0x55 contiki-native.a(memb.o)
                                        0x116 (size before relaxing)

.debug_loc      0x0000000000000000     0x6de8
 *(.debug_loc)
 .debug_loc     0x0000000000000000      0x15f blink.co
 .debug_loc     0x000000000000015f      0x6f7 contiki-native.a(etimer.o)
 .debug_loc     0x0000000000000856      0x219 contiki-native.a(contiki-main.o)
 .debug_loc     0x0000000000000a6f       0x70 contiki-native.a(clock.o)
 .debug_loc     0x0000000000000adf      0x26f contiki-native.a(leds.o)
 .debug_loc     0x0000000000000d4e       0x38 contiki-native.a(button-sensor.o)
 .debug_loc     0x0000000000000d86       0x5b contiki-native.a(pir-sensor.o)
 .debug_loc     0x0000000000000de1       0x38 contiki-native.a(vib-sensor.o)
 .debug_loc     0x0000000000000e19      0x3da contiki-native.a(sensors.o)
 .debug_loc     0x00000000000011f3      0x5d0 contiki-native.a(process.o)
 .debug_loc     0x00000000000017c3       0x96 contiki-native.a(procinit.o)
 .debug_loc     0x0000000000001859      0x198 contiki-native.a(autostart.o)
 .debug_loc     0x00000000000019f1      0x2af contiki-native.a(serial-line.o)
 .debug_loc     0x0000000000001ca0      0x1c8 contiki-native.a(timer.o)
 .debug_loc     0x0000000000001e68      0x650 contiki-native.a(ctimer.o)
 .debug_loc     0x00000000000024b8       0x46 contiki-native.a(ringbuf.o)
 .debug_loc     0x00000000000024fe       0x38 contiki-native.a(netstack.o)
 .debug_loc     0x0000000000002536      0x916 contiki-native.a(tcpip.o)
 .debug_loc     0x0000000000002e4c       0x38 contiki-native.a(uip-split.o)
 .debug_loc     0x0000000000002e84       0x59 contiki-native.a(nullradio.o)
 .debug_loc     0x0000000000002edd      0x420 contiki-native.a(rime.o)
 .debug_loc     0x00000000000032fd      0x560 contiki-native.a(announcement.o)
 .debug_loc     0x000000000000385d      0x536 contiki-native.a(broadcast-annou)
 .debug_loc     0x0000000000003d93      0x30e contiki-native.a(broadcast.o)
 .debug_loc     0x00000000000040a1      0x2e8 contiki-native.a(abc.o)
 .debug_loc     0x0000000000004389      0x1a5 contiki-native.a(chameleon.o)
 .debug_loc     0x000000000000452e      0x2b5 contiki-native.a(channel.o)
 .debug_loc     0x00000000000047e3      0xadd contiki-native.a(chameleon-bitop)
 .debug_loc     0x00000000000052c0      0x149 contiki-native.a(nullmac.o)
 .debug_loc     0x0000000000005409      0x203 contiki-native.a(nullrdc.o)
 .debug_loc     0x000000000000560c      0x149 contiki-native.a(mac.o)
 .debug_loc     0x0000000000005755       0x70 contiki-native.a(framer-nullmac.)
 .debug_loc     0x00000000000057c5      0x31b contiki-native.a(list.o)
 .debug_loc     0x0000000000005ae0       0x93 contiki-native.a(random.o)
 .debug_loc     0x0000000000005b73      0x4a8 contiki-native.a(packetbuf.o)
 .debug_loc     0x000000000000601b      0x2ba contiki-native.a(queuebuf.o)
 .debug_loc     0x00000000000062d5      0x997 contiki-native.a(uip.o)
 .debug_loc     0x0000000000006c6c       0x36 contiki-native.a(rimeaddr.o)
 .debug_loc     0x0000000000006ca2      0x146 contiki-native.a(memb.o)

.debug_macinfo
 *(.debug_macinfo)

.debug_weaknames
 *(.debug_weaknames)

.debug_funcnames
 *(.debug_funcnames)

.debug_typenames
 *(.debug_typenames)

.debug_varnames
 *(.debug_varnames)

.debug_pubtypes
 *(.debug_pubtypes)

.debug_ranges   0x0000000000000000      0x150
 *(.debug_ranges)
 .debug_ranges  0x0000000000000000       0x90 contiki-native.a(contiki-main.o)
 .debug_ranges  0x0000000000000090       0x30 contiki-native.a(tcpip.o)
 .debug_ranges  0x00000000000000c0       0x30 contiki-native.a(broadcast-annou)
 .debug_ranges  0x00000000000000f0       0x60 contiki-native.a(chameleon-bitop)

.gnu.attributes
 *(.gnu.attributes)

/DISCARD/
 *(.note.GNU-stack)
 *(.gnu_debuglink)
 *(.gnu.lto_*)
OUTPUT(blink.native elf64-x86-64)
