Archive member included because of file (symbol)

contiki-redbee-econotag.a(rimeaddr.o)
                              obj_redbee-econotag/contiki-mc1322x-main.o (rimeaddr_copy)
contiki-redbee-econotag.a(rime.o)
                              obj_redbee-econotag/contiki-mc1322x-main.o (rime_driver)
contiki-redbee-econotag.a(rimestats.o)
                              contiki-redbee-econotag.a(rime.o) (rimestats)
contiki-redbee-econotag.a(announcement.o)
                              contiki-redbee-econotag.a(rime.o) (announcement_init)
contiki-redbee-econotag.a(broadcast-annou)
                              contiki-redbee-econotag.a(rime.o) (broadcast_announcement_init)
contiki-redbee-econotag.a(broadcast.o)
                              contiki-redbee-econotag.a(broadcast-annou) (broadcast_send)
contiki-redbee-econotag.a(abc.o)
                              contiki-redbee-econotag.a(rime.o) (abc_input)
contiki-redbee-econotag.a(chameleon.o)
                              contiki-redbee-econotag.a(rime.o) (chameleon_parse)
contiki-redbee-econotag.a(channel.o)
                              contiki-redbee-econotag.a(abc.o) (channel_close)
contiki-redbee-econotag.a(chameleon-bitop)
                              contiki-redbee-econotag.a(chameleon.o) (chameleon_bitopt)
contiki-redbee-econotag.a(sicslowmac.o)
                              obj_redbee-econotag/contiki-mc1322x-main.o (sicslowmac_driver)
contiki-redbee-econotag.a(csma.o)
                              obj_redbee-econotag/contiki-mc1322x-main.o (csma_driver)
contiki-redbee-econotag.a(process.o)
                              obj_redbee-econotag/contiki-mc1322x-main.o (process_init)
contiki-redbee-econotag.a(autostart.o)
                              obj_redbee-econotag/contiki-mc1322x-main.o (autostart_start)
contiki-redbee-econotag.a(memb.o)
                              contiki-redbee-econotag.a(csma.o) (memb_alloc)
contiki-redbee-econotag.a(list.o)
                              contiki-redbee-econotag.a(announcement.o) (list_init)
contiki-redbee-econotag.a(etimer.o)
                              hello-world.co (etimer_reset)
contiki-redbee-econotag.a(ctimer.o)
                              contiki-redbee-econotag.a(csma.o) (ctimer_expired)
contiki-redbee-econotag.a(random.o)
                              contiki-redbee-econotag.a(broadcast-annou) (random_rand)
contiki-redbee-econotag.a(packetbuf.o)
                              contiki-redbee-econotag.a(chameleon-bitop) (packetbuf_hdrreduce)
contiki-redbee-econotag.a(queuebuf.o)
                              contiki-redbee-econotag.a(csma.o) (queuebuf_to_packetbuf)
contiki-redbee-econotag.a(clock.o)
                              obj_redbee-econotag/contiki-mc1322x-main.o (clock_init)
contiki-redbee-econotag.a(button-sensor.o)
                              obj_redbee-econotag/contiki-mc1322x-main.o (button_sensor)
contiki-redbee-econotag.a(sensors.o)
                              contiki-redbee-econotag.a(button-sensor.o) (sensors_changed)
contiki-redbee-econotag.a(contiki-crm.o)
                              obj_redbee-econotag/contiki-mc1322x-main.o (cal_ring_osc)
contiki-redbee-econotag.a(contiki-maca.o)
                              contiki-redbee-econotag.a(sicslowmac.o) (contiki_maca_driver)
contiki-redbee-econotag.a(contiki-misc.o)
                              contiki-redbee-econotag.a(random.o) (srand)
contiki-redbee-econotag.a(leds.o)
                              obj_redbee-econotag/contiki-mc1322x-main.o (leds_init)
contiki-redbee-econotag.a(contiki-uart.o)
                              obj_redbee-econotag/contiki-mc1322x-main.o (uart1_input_handler)
contiki-redbee-econotag.a(dbg-printf.o)
                              hello-world.co (printf)
contiki-redbee-econotag.a(strformat.o)
                              contiki-redbee-econotag.a(dbg-printf.o) (format_str_v)
contiki-redbee-econotag.a(maca.o)
                              contiki-redbee-econotag.a(contiki-maca.o) (free_packet)
contiki-redbee-econotag.a(nvm.o)
                              obj_redbee-econotag/contiki-mc1322x-main.o (nvm_detect)
contiki-redbee-econotag.a(uart1.o)
                              obj_redbee-econotag/contiki-mc1322x-main.o (uart1_getc)
contiki-redbee-econotag.a(default_lowleve)
                              obj_redbee-econotag/contiki-mc1322x-main.o (default_vreg_init)
contiki-redbee-econotag.a(isr.o)
                              obj_redbee-econotag/start.o (irq)
contiki-redbee-econotag.a(frame802154.o)
                              contiki-redbee-econotag.a(sicslowmac.o) (frame802154_parse)
contiki-redbee-econotag.a(mac.o)
                              contiki-redbee-econotag.a(csma.o) (mac_call_sent_callback)
contiki-redbee-econotag.a(timer.o)
                              contiki-redbee-econotag.a(etimer.o) (timer_reset)
contiki-redbee-econotag.a(debug-uart.o)
                              contiki-redbee-econotag.a(dbg-printf.o) (dbg_send_bytes)
contiki-redbee-econotag.a(leds-arch.o)
[...]
Memory Configuration

Name             Origin             Length             Attributes
ram              0x00400000         0x00018000         xrw
*default*        0x00000000         0xffffffff

Linker script and memory map

LOAD hello-world.co
LOAD obj_redbee-econotag/contiki-mc1322x-main.o
LOAD obj_redbee-econotag/start.o
LOAD obj_redbee-econotag/symbols.o
LOAD contiki-redbee-econotag.a
LOAD contiki-redbee-econotag.a
START GROUP
LOAD /usr/local/cs97/CodeSourcery/Sourcery_G++_Lite/bin/../lib/gcc/arm-none-eabi/4.3.2/libgcc.a
LOAD /usr/local/cs97/CodeSourcery/Sourcery_G++_Lite/bin/../lib/gcc/arm-none-eabi/4.3.2/../../../../arm-none-eabi/lib/libc.a
END GROUP
                0x00000400                SYS_STACK_SIZE = 0x400
                0x00000100                IRQ_STACK_SIZE = 0x100
                0x00000100                FIQ_STACK_SIZE = 0x100
                0x00000100                SVC_STACK_SIZE = 0x100
                0x00000010                ABT_STACK_SIZE = 0x10
                0x00000010                UND_STACK_SIZE = 0x10
                0x00001000                HEAP_SIZE = 0x1000
                0x00400000                PROVIDE (__executable_start, 0x400000)
                0x00400000                . = 0x400000

.text           0x00400000     0x6e14
 *(.start)
 .start         0x00400000      0x8b4 obj_redbee-econotag/start.o
                0x00400890                _bss_start
                0x00400894                _bss_end
                0x00400000                _start
 *(.irq)
 .irq           0x004008b4      0x1e8 contiki-redbee-econotag.a(isr.o)
                0x004008b4                irq
 *(.text .stub .text.* .gnu.linkonce.t.*)
 .text          0x00400a9c       0x50 hello-world.co
 .text          0x00400aec      0x398 obj_redbee-econotag/contiki-mc1322x-main.o
                0x00400b50                .real_start_ofuip_log
                0x00400b64                set_rimeaddr
                0x00400cb8                .real_start_ofmain
                0x00400c24                init_lowlevel
                0x00400b24                .real_start_ofoui_to_eui64
                0x00400b1c                oui_to_eui64
                0x00400af4                .real_start_ofiab_to_eui64
                0x00400cb0                main
                0x00400b48                uip_log
                0x00400aec                iab_to_eui64
                0x00400b6c                .real_start_ofset_rimeaddr
                0x00400c2c                .real_start_ofinit_lowlevel
 .text          0x00400e84        0x0 obj_redbee-econotag/start.o
 .text          0x00400e84        0x0 obj_redbee-econotag/symbols.o
 .text          0x00400e84       0x64 contiki-redbee-econotag.a(rimeaddr.o)
                0x00400ecc                rimeaddr_set_node_addr
                0x00400ea8                .real_start_ofrimeaddr_cmp
                0x00400ed4                .real_start_ofrimeaddr_set_node_addr
                0x00400e84                rimeaddr_copy
                0x00400e8c                .real_start_ofrimeaddr_copy
                0x00400ea0                rimeaddr_cmp
 .text          0x00400ee8      0x13c contiki-redbee-econotag.a(rime.o)
                0x00400f74                .real_start_ofrime_output
                0x00400ff0                .real_start_ofrime_sniffer_remove
                0x00401004                rime_sniffer_add
                0x00400fe8                rime_sniffer_remove
                0x0040100c                .real_start_ofrime_sniffer_add
                0x00400f6c                rime_output
 .text          0x00401024        0x0 contiki-redbee-econotag.a(rimestats.o)
 .text          0x00401024      0x1c8 contiki-redbee-econotag.a(announcement.o)
                0x00401190                .real_start_ofannouncement_register
                0x00401054                announcement_set_value
                0x00401188                announcement_register
                0x00401024                announcement_remove_value
                0x00401124                announcement_heard
                0x0040105c                .real_start_ofannouncement_set_value
                0x00401170                .real_start_ofannouncement_remove
                0x0040102c                .real_start_ofannouncement_remove_value
                0x004010f4                announcement_register_observer_callback
                0x004010e0                announcement_register_listen_callback
                0x004010c0                announcement_listen
                0x0040112c                .real_start_ofannouncement_heard
                0x00401110                .real_start_ofannouncement_list
                0x00401094                .real_start_ofannouncement_bump
                0x004011d4                .real_start_ofannouncement_init
                0x004010e8                .real_start_ofannouncement_register_listen_callback
                0x0040108c                announcement_bump
                0x004010c8                .real_start_ofannouncement_listen
                0x004011cc                announcement_init
                0x00401108                announcement_list
                0x00401168                announcement_remove
                0x004010fc                .real_start_ofannouncement_register_observer_callback
 .text          0x004011ec      0x1d0 contiki-redbee-econotag.a(broadcast-annou)
                0x00401238                .real_start_ofbroadcast_announcement_init
                0x004011f8                .real_start_ofbroadcast_announcement_beacon_interval
                0x004011f0                broadcast_announcement_beacon_interval
                0x0040120c                .real_start_ofbroadcast_announcement_stop
                0x00401204                broadcast_announcement_stop
                0x00401230                broadcast_announcement_init
 .text          0x004013bc       0xac contiki-redbee-econotag.a(broadcast.o)
                0x00401434                broadcast_open
                0x00401420                broadcast_close
                0x00401428                .real_start_ofbroadcast_close
                0x004013d0                broadcast_send
                0x0040143c                .real_start_ofbroadcast_open
                0x004013d8                .real_start_ofbroadcast_send
 .text          0x00401468       0x88 contiki-redbee-econotag.a(abc.o)
                0x0040149c                abc_send
                0x00401468                abc_input
                0x004014c4                abc_open
                0x00401480                abc_sent
                0x004014b8                .real_start_ofabc_close
                0x004014a4                .real_start_ofabc_send
                0x004014b0                abc_close
                0x004014cc                .real_start_ofabc_open
                0x00401488                .real_start_ofabc_sent
                0x00401470                .real_start_ofabc_input
 .text          0x004014f0       0xa0 contiki-redbee-econotag.a(chameleon.o)
                0x0040155c                chameleon_hdrsize
                0x00401564                .real_start_ofchameleon_hdrsize
                0x00401578                chameleon_init
                0x0040152c                chameleon_create
                0x00401534                .real_start_ofchameleon_create
                0x00401500                chameleon_parse
                0x00401508                .real_start_ofchameleon_parse
                0x00401580                .real_start_ofchameleon_init
 .text          0x00401590       0xac contiki-redbee-econotag.a(channel.o)
                0x00401590                channel_lookup
                0x004015c4                .real_start_ofchannel_close
                0x00401628                .real_start_ofchannel_init
                0x004015f8                channel_set_attributes
                0x00401620                channel_init
                0x00401600                .real_start_ofchannel_set_attributes
                0x004015d8                channel_open
                0x00401598                .real_start_ofchannel_lookup
                0x004015bc                channel_close
                0x004015e0                .real_start_ofchannel_open
 .text          0x0040163c      0x2ec contiki-redbee-econotag.a(chameleon-bitop)
                0x0040163c                get_bits_in_byte
                0x00401714                .real_start_ofset_bits_in_byte
                0x00401738                set_bits
                0x0040170c                set_bits_in_byte
                0x00401670                .real_start_ofget_bits
                0x00401644                .real_start_ofget_bits_in_byte
                0x00401668                get_bits
                0x00401740                .real_start_ofset_bits
 .text          0x00401928      0x220 contiki-redbee-econotag.a(sicslowmac.o)
 .text          0x00401b48      0x2ac contiki-redbee-econotag.a(csma.o)
 .text          0x00401df4      0x2fc contiki-redbee-econotag.a(process.o)
                0x00401fb0                .real_start_ofprocess_post_synch
                0x00401fd0                .real_start_ofprocess_start
                0x00401e48                process_post
                0x00401dfc                .real_start_ofprocess_alloc_event
                0x00401e30                process_nevents
                0x00401fc8                process_start
                0x00401fa8                process_post_synch
                0x00402040                .real_start_ofprocess_run
                0x004020d8                .real_start_ofprocess_exit
                0x00401e98                process_poll
                0x00401df4                process_alloc_event
                0x004020d0                process_exit
                0x00401e38                .real_start_ofprocess_nevents
                0x00401ec4                process_is_running
                0x00401ea0                .real_start_ofprocess_poll
                0x00401e0c                process_init
                0x00401e50                .real_start_ofprocess_post
                0x00401ecc                .real_start_ofprocess_is_running
                0x00402038                process_run
                0x00401e14                .real_start_ofprocess_init
 .text          0x004020f0       0x40 contiki-redbee-econotag.a(autostart.o)
                0x00402118                .real_start_ofautostart_start
                0x004020f8                .real_start_ofautostart_exit
                0x004020f0                autostart_exit
                0x00402110                autostart_start
 .text          0x00402130       0xd8 contiki-redbee-econotag.a(memb.o)
                0x00402138                .real_start_ofmemb_alloc
                0x004021e4                .real_start_ofmemb_init
                0x004021b0                .real_start_ofmemb_inmemb
                0x00402130                memb_alloc
                0x00402168                memb_free
                0x004021dc                memb_init
                0x004021a8                memb_inmemb
                0x00402170                .real_start_ofmemb_free
 .text          0x00402208      0x174 contiki-redbee-econotag.a(list.o)
                0x0040234c                .real_start_oflist_insert
                0x00402290                .real_start_oflist_pop
                0x00402224                list_copy
                0x004022dc                list_push
                0x00402288                list_pop
                0x004022fc                list_add
                0x00402328                list_length
                0x00402234                list_tail
                0x00402304                .real_start_oflist_add
                0x00402218                list_head
                0x00402344                list_insert
                0x00402254                list_chop
                0x004022ac                .real_start_oflist_remove
                0x0040222c                .real_start_oflist_copy
                0x00402330                .real_start_oflist_length
                0x00402210                .real_start_oflist_init
                0x0040225c                .real_start_oflist_chop
                0x00402368                list_item_next
                0x0040223c                .real_start_oflist_tail
                0x00402208                list_init
                0x00402220                .real_start_oflist_head
                0x004022e4                .real_start_oflist_push
                0x00402370                .real_start_oflist_item_next
                0x004022a4                list_remove
 .text          0x0040237c      0x268 contiki-redbee-econotag.a(etimer.o)
                0x00402384                .real_start_ofetimer_expired
                0x004023ac                etimer_pending
                0x004025ac                etimer_reset
                0x004023b4                .real_start_ofetimer_pending
                0x00402474                .real_start_ofetimer_adjust
                0x004025c8                etimer_set
                0x0040246c                etimer_adjust
                0x004025b4                .real_start_ofetimer_reset
                0x00402590                etimer_restart
                0x00402490                .real_start_ofetimer_request_poll
                0x004023a0                etimer_start_time
                0x004025d0                .real_start_ofetimer_set
                0x004023c4                etimer_next_expiration_time
                0x00402488                etimer_request_poll
                0x00402394                .real_start_ofetimer_expiration_time
                0x0040238c                etimer_expiration_time
                0x004023a8                .real_start_ofetimer_start_time
                0x00402428                etimer_stop
                0x00402598                .real_start_ofetimer_restart
                0x0040237c                etimer_expired
                0x00402430                .real_start_ofetimer_stop
                0x004023cc                .real_start_ofetimer_next_expiration_time
 .text          0x004025e4      0x214 contiki-redbee-econotag.a(ctimer.o)
                0x00402728                ctimer_set
                0x004026e0                ctimer_restart
                0x004027d0                .real_start_ofctimer_init
                0x00402780                ctimer_reset
                0x004027c8                ctimer_init
                0x004026e8                .real_start_ofctimer_restart
                0x004026b4                .real_start_ofctimer_stop
                0x00402730                .real_start_ofctimer_set
                0x00402678                .real_start_ofctimer_expired
                0x00402670                ctimer_expired
                0x004026ac                ctimer_stop
                0x00402788                .real_start_ofctimer_reset
 .text          0x004027f8       0x2c contiki-redbee-econotag.a(random.o)
                0x004027f8                random_rand
                0x00402800                .real_start_ofrandom_rand
                0x00402818                .real_start_ofrandom_init
                0x00402810                random_init
 .text          0x00402824      0x394 contiki-redbee-econotag.a(packetbuf.o)
                0x004029f4                packetbuf_copyto
                0x004028d0                packetbuf_is_reference
                0x004029c4                packetbuf_attr_copyto
                0x00402a80                .real_start_ofpacketbuf_compact
                0x0040282c                .real_start_ofpacketbuf_clear_hdr
                0x00402b80                packetbuf_copyfrom
                0x00402838                packetbuf_hdr_remove
                0x0040289c                .real_start_ofpacketbuf_dataptr
                0x004028d8                .real_start_ofpacketbuf_is_reference
                0x00402880                packetbuf_set_datalen
                0x00402964                .real_start_ofpacketbuf_hdralloc
                0x00402908                packetbuf_datalen
                0x00402990                packetbuf_attr_copyfrom
                0x004028f4                packetbuf_reference_ptr
                0x00402b64                .real_start_ofpacketbuf_reference
                0x00402998                .real_start_ofpacketbuf_attr_copyfrom
                0x00402824                packetbuf_clear_hdr
                0x00402a48                packetbuf_copyto_hdr
                0x00402910                .real_start_ofpacketbuf_datalen
                0x004029fc                .real_start_ofpacketbuf_copyto
                0x00402938                packetbuf_totlen
                0x00402940                .real_start_ofpacketbuf_totlen
                0x00402858                .real_start_ofpacketbuf_hdrreduce
                0x00402b5c                packetbuf_reference
                0x0040295c                packetbuf_hdralloc
                0x00402b34                .real_start_ofpacketbuf_clear
                0x0040291c                packetbuf_hdrlen
                0x004028b4                packetbuf_hdrptr
                0x00402840                .real_start_ofpacketbuf_hdr_remove
                0x00402a50                .real_start_ofpacketbuf_copyto_hdr
                0x004028bc                .real_start_ofpacketbuf_hdrptr
                0x00402ae0                .real_start_ofpacketbuf_attr_clear
                0x004029cc                .real_start_ofpacketbuf_attr_copyto
                0x00402888                .real_start_ofpacketbuf_set_datalen
                0x004028fc                .real_start_ofpacketbuf_reference_ptr
                0x00402850                packetbuf_hdrreduce
                0x00402894                packetbuf_dataptr
                0x00402a78                packetbuf_compact
                0x00402b2c                packetbuf_clear
                0x00402b88                .real_start_ofpacketbuf_copyfrom
                0x00402ad8                packetbuf_attr_clear
                0x00402924                .real_start_ofpacketbuf_hdrlen
 .text          0x00402bb8      0x1cc contiki-redbee-econotag.a(queuebuf.o)
                0x00402bc4                queuebuf_addr
                0x00402bf8                queuebuf_dataptr
                0x00402bb8                queuebuf_datalen
                0x00402c38                .real_start_ofqueuebuf_to_packetbuf
                0x00402c9c                queuebuf_free
                0x00402d60                queuebuf_init
                0x00402bec                queuebuf_debug_print
                0x00402bd8                queuebuf_attr
                0x00402cf4                queuebuf_new_from_packetbuf
                0x00402cd8                queuebuf_update_attr_from_packetbuf
                0x00402bc0                .real_start_ofqueuebuf_datalen
                0x00402bf4                .real_start_ofqueuebuf_debug_print
                0x00402be0                .real_start_ofqueuebuf_attr
                0x00402c30                queuebuf_to_packetbuf
                0x00402ca4                .real_start_ofqueuebuf_free
                0x00402d68                .real_start_ofqueuebuf_init
                0x00402c00                .real_start_ofqueuebuf_dataptr
                0x00402bcc                .real_start_ofqueuebuf_addr
                0x00402ce0                .real_start_ofqueuebuf_update_attr_from_packetbuf
                0x00402cfc                .real_start_ofqueuebuf_new_from_packetbuf
 .text          0x00402d84      0x110 contiki-redbee-econotag.a(clock.o)
                0x00402e04                .real_start_ofclock_delay
                0x00402e20                .real_start_oftmr0_isr
                0x00402d84                clock_init
                0x00402d8c                .real_start_ofclock_init
                0x00402de8                clock_seconds
                0x00402ddc                .real_start_ofclock_time
                0x00402dfc                clock_delay
                0x00402e18                tmr0_isr
                0x00402dd4                clock_time
                0x00402df0                .real_start_ofclock_seconds
 .text          0x00402e94       0xd0 contiki-redbee-econotag.a(button-sensor.o)
                0x00402f24                kbi4_isr
                0x00402f2c                .real_start_ofkbi4_isr
 .text          0x00402f64      0x19c contiki-redbee-econotag.a(sensors.o)
                0x00403080                sensors_find
                0x00402f8c                sensors_first
                0x00403088                .real_start_ofsensors_find
                0x004030d4                .real_start_ofsensors_changed
                0x00402f94                .real_start_ofsensors_first
                0x00402fa0                sensors_next
                0x004030cc                sensors_changed
                0x00402fa8                .real_start_ofsensors_next
 .text          0x00403100      0x164 contiki-redbee-econotag.a(contiki-crm.o)
                0x00403140                cal_ring_osc
                0x00403200                .real_start_ofenable_32khz_xtal
                0x00403100                sleep
                0x00403148                .real_start_ofcal_ring_osc
                0x004031f8                enable_32khz_xtal
                0x00403108                .real_start_ofsleep
 .text          0x00403264      0x278 contiki-redbee-econotag.a(contiki-maca.o)
                0x00403288                .real_start_ofcontiki_maca_channel_clear
                0x004033fc                .real_start_ofcontiki_maca_read
                0x004032f0                .real_start_ofmaca_tx_callback
                0x004032e8                maca_tx_callback
                0x004033f4                contiki_maca_read
                0x004032b8                .real_start_ofcontiki_maca_on_request
                0x00403300                maca_rx_callback
                0x0040328c                contiki_maca_receiving_packet
                0x004032b0                contiki_maca_on_request
                0x00403358                contiki_maca_transmit
                0x0040327c                .real_start_ofcontiki_maca_init
                0x00403360                .real_start_ofcontiki_maca_transmit
                0x004033c0                .real_start_ofcontiki_maca_send
                0x004032cc                contiki_maca_off_request
                0x00403324                .real_start_ofcontiki_maca_prepare
                0x00403308                .real_start_ofmaca_rx_callback
                0x00403274                contiki_maca_init
                0x004032a0                .real_start_ofcontiki_maca_pending_packet
                0x00403280                contiki_maca_channel_clear
                0x004033b8                contiki_maca_send
                0x00403294                .real_start_ofcontiki_maca_receiving_packet
                0x00403298                contiki_maca_pending_packet
                0x0040331c                contiki_maca_prepare
                0x004032d4                .real_start_ofcontiki_maca_off_request
 .text          0x004034dc       0x74 contiki-redbee-econotag.a(contiki-misc.o)
                0x004034e4                .real_start_ofraise
                0x00403510                _sbrk
                0x004034fc                rand
                0x004034e8                srand
                0x004034f0                .real_start_ofsrand
                0x00403518                .real_start_of_sbrk
                0x00403504                .real_start_ofrand
                0x004034dc                raise
 .text          0x00403550      0x100 contiki-redbee-econotag.a(leds.o)
                0x00403588                leds_toggle
                0x00403600                .real_start_ofleds_blink
                0x004035c0                leds_on
                0x0040359c                leds_off
                0x004035e4                leds_get
                0x00403568                leds_invert
                0x00403570                .real_start_ofleds_invert
                0x004035a4                .real_start_ofleds_off
                0x004035f8                leds_blink
                0x004035ec                .real_start_ofleds_get
                0x00403590                .real_start_ofleds_toggle
                0x00403638                .real_start_ofleds_init
                0x004035c8                .real_start_ofleds_on
                0x00403630                leds_init
 .text          0x00403650       0x14 contiki-redbee-econotag.a(contiki-uart.o)
                0x00403658                .real_start_ofuart1_set_input
                0x00403650                uart1_set_input
 .text          0x00403664       0x44 contiki-redbee-econotag.a(dbg-printf.o)
                0x00403664                printf
                0x0040366c                .real_start_ofprintf
 .text          0x004036a8      0x7f8 contiki-redbee-econotag.a(strformat.o)
                0x00403e78                format_str
                0x00403e80                .real_start_offormat_str
                0x00403754                format_str_v
                0x0040375c                .real_start_offormat_str_v
 .text          0x00403ea0      0xfa8 contiki-redbee-econotag.a(maca.o)
                0x00403ea8                .real_start_ofbad_packet_bounds
                0x004044b8                .real_start_ofmaca_off
                0x00404190                .real_start_oftx_packet
                0x00404350                .real_start_ofinsert_at_rx_head
                0x004045d8                set_channel
                0x00404800                .real_start_ofradio_init
                0x004040c8                post_tx
                0x00404560                set_power
                0x00403ea0                bad_packet_bounds
                0x004047f8                radio_init
                0x0040428c                free_tx_head
                0x00404538                set_demodulator_type
                0x004042e8                .real_start_ofadd_to_rx
                0x00404294                .real_start_offree_tx_head
                0x0040407c                .real_start_ofrx_packet
                0x00404da0                Print_Packets
                0x004044e4                .real_start_ofmaca_on
                0x00404474                flyback_init
                0x004043b8                .real_start_ofinit_phy
                0x00403f14                free_packet
                0x00404540                .real_start_ofset_demodulator_type
                0x00404734                .real_start_ofinit_from_flash
                0x00403eac                count_packets
                0x004040d0                .real_start_ofpost_tx
                0x0040451c                .real_start_ofget_ctov
                0x0040421c                .real_start_offree_all_packets
                0x00404b30                decode_status
                0x00403f78                get_free_packet
                0x004042e0                add_to_rx
                0x00403fcc                post_receive
                0x004044b0                maca_off
                0x00404b68                check_maca
                0x0040447c                .real_start_offlyback_init
                0x00404348                insert_at_rx_head
                0x00403f1c                .real_start_offree_packet
                0x0040472c                init_from_flash
                0x004046a4                exec_init_entry
                0x004045e0                .real_start_ofset_channel
                0x00404214                free_all_packets
                0x00403eb4                .real_start_ofcount_packets
                0x004049f0                .real_start_ofmaca_init
                0x004046ac                .real_start_ofexec_init_entry
                0x004044dc                maca_on
                0x004043b0                init_phy
                0x004049e8                maca_init
                0x00404a50                ResumeMACASync
                0x00404514                get_ctov
                0x00404418                reset_maca
                0x00404188                tx_packet
                0x00404568                .real_start_ofset_power
                0x00404420                .real_start_ofreset_maca
                0x00404c20                .real_start_ofmaca_isr
                0x00404c18                maca_isr
                0x00403fd4                .real_start_ofpost_receive
                0x00404074                rx_packet
                0x00403ecc                bound_check
                0x00403ed4                .real_start_ofbound_check
                0x00404b70                .real_start_ofcheck_maca
                0x00404da8                .real_start_ofPrint_Packets
                0x00404a58                .real_start_ofResumeMACASync
                0x00404b38                .real_start_ofdecode_status
                0x00403f80                .real_start_ofget_free_packet
 .text          0x00404e48        0x0 contiki-redbee-econotag.a(nvm.o)
 .text          0x00404e48      0x1a4 contiki-redbee-econotag.a(uart1.o)
                0x00404f00                .real_start_ofuart1_putc
                0x00404f94                uart1_getc
                0x00404f9c                .real_start_ofuart1_getc
                0x00404e48                uart1_isr
                0x00404e50                .real_start_ofuart1_isr
                0x00404ef8                uart1_putc
 .text          0x00404fec      0x1f8 contiki-redbee-econotag.a(default_lowleve)
                0x00405038                uart1_init
                0x00404ff4                .real_start_ofdefault_vreg_init
                0x00405040                .real_start_ofuart1_init
                0x00404fec                default_vreg_init
                0x00405114                uart2_init
                0x0040511c                .real_start_ofuart2_init
 .text          0x004051e4       0x10 contiki-redbee-econotag.a(isr.o)
                0x004051e4                irq_register_timer_handler
 .text          0x004051f4      0x2fc contiki-redbee-econotag.a(frame802154.o)
                0x004053ac                frame802154_create
                0x00405214                .real_start_offrame802154_parse
                0x0040520c                frame802154_parse
                0x004054b8                frame802154_hdrlen
                0x004054c0                .real_start_offrame802154_hdrlen
                0x004053b4                .real_start_offrame802154_create
 .text          0x004054f0       0x24 contiki-redbee-econotag.a(mac.o)
                0x004054f8                .real_start_ofmac_call_sent_callback
                0x004054f0                mac_call_sent_callback
 .text          0x00405514       0x8c contiki-redbee-econotag.a(timer.o)
                0x00405574                .real_start_oftimer_restart
                0x00405548                timer_expired
                0x00405528                timer_remaining
                0x00405550                .real_start_oftimer_expired
                0x0040558c                .real_start_oftimer_set
                0x0040551c                .real_start_oftimer_reset
                0x00405584                timer_set
                0x0040556c                timer_restart
                0x00405514                timer_reset
                0x00405530                .real_start_oftimer_remaining
 .text          0x004055a0       0x30 contiki-redbee-econotag.a(debug-uart.o)
                0x004055a0                dbg_send_bytes
                0x004055a8                .real_start_ofdbg_send_bytes
 .text          0x004055d0       0xe4 contiki-redbee-econotag.a(leds-arch.o)
                0x004055d0                leds_arch_init
                0x0040561c                leds_arch_get
                0x00405664                .real_start_ofleds_arch_set
                0x004055d8                .real_start_ofleds_arch_init
                0x00405624                .real_start_ofleds_arch_get
                0x0040565c                leds_arch_set
 .text          0x004056b4      0x1a4 contiki-redbee-econotag.a(uart2.o)
                0x004056b4                uart2_isr
                0x004056bc                .real_start_ofuart2_isr
                0x0040576c                .real_start_ofuart2_putc
                0x00405800                uart2_getc
                0x00405764                uart2_putc
                0x00405808                .real_start_ofuart2_getc
 .text          0x00405858      0x114 /usr/local/cs97/CodeSourcery/Sourcery_G++_Lite/bin/../lib/gcc/arm-none-eabi/4.3.2/libgcc.a(_udivsi3.o)
                0x00405858                __udivsi3
                0x00405858                __aeabi_uidiv
                0x0040594c                __aeabi_uidivmod
 .text          0x0040596c      0x148 /usr/local/cs97/CodeSourcery/Sourcery_G++_Lite/bin/../lib/gcc/arm-none-eabi/4.3.2/libgcc.a(_divsi3.o)
                0x0040596c                __aeabi_idiv
                0x0040596c                __divsi3
                0x00405a94                __aeabi_idivmod
 .text          0x00405ab4        0x4 /usr/local/cs97/CodeSourcery/Sourcery_G++_Lite/bin/../lib/gcc/arm-none-eabi/4.3.2/libgcc.a(_dvmd_tls.o)
                0x00405ab4                __aeabi_ldiv0
                0x00405ab4                __aeabi_idiv0
 .text          0x00405ab8       0x3c /usr/local/cs97/CodeSourcery/Sourcery_G++_Lite/bin/../lib/gcc/arm-none-eabi/4.3.2/libgcc.a(_aeabi_uldivmod.o)
                0x00405ab8                __aeabi_uldivmod
 .text          0x00405af4       0x80 /usr/local/cs97/CodeSourcery/Sourcery_G++_Lite/bin/../lib/gcc/arm-none-eabi/4.3.2/libgcc.a(bpabi.o)
                0x00405af4                __gnu_uldivmod_helper
                0x00405b34                __gnu_ldivmod_helper
 .text          0x00405b74      0x56c /usr/local/cs97/CodeSourcery/Sourcery_G++_Lite/bin/../lib/gcc/arm-none-eabi/4.3.2/libgcc.a(_divdi3.o)
                0x00405b74                __divdi3
 .text          0x004060e0      0x4fc /usr/local/cs97/CodeSourcery/Sourcery_G++_Lite/bin/../lib/gcc/arm-none-eabi/4.3.2/libgcc.a(_udivdi3.o)
                0x004060e0                __udivdi3
 .text          0x004065dc        0x0 /usr/local/cs97/CodeSourcery/Sourcery_G++_Lite/bin/../lib/gcc/arm-none-eabi/4.3.2/libgcc.a(_clz.o)
 .text          0x004065dc       0xac /usr/local/cs97/CodeSourcery/Sourcery_G++_Lite/bin/../lib/gcc/arm-none-eabi/4.3.2/../../../../arm-none-eabi/lib/libc.a(lib_a-memcmp.o)
                0x004065dc                memcmp
 .text          0x00406688       0xfc /usr/local/cs97/CodeSourcery/Sourcery_G++_Lite/bin/../lib/gcc/arm-none-eabi/4.3.2/../../../../arm-none-eabi/lib/libc.a(lib_a-memcpy.o)
                0x00406688                memcpy
 .text          0x00406784       0xd0 /usr/local/cs97/CodeSourcery/Sourcery_G++_Lite/bin/../lib/gcc/arm-none-eabi/4.3.2/../../../../arm-none-eabi/lib/libc.a(lib_a-memset.o)
                0x00406784                memset
 .text          0x00406854       0x9c /usr/local/cs97/CodeSourcery/Sourcery_G++_Lite/bin/../lib/gcc/arm-none-eabi/4.3.2/../../../../arm-none-eabi/lib/libc.a(lib_a-strlen.o)
                0x00406854                strlen
 .text          0x004068f0      0x144 /usr/local/cs97/CodeSourcery/Sourcery_G++_Lite/bin/../lib/gcc/arm-none-eabi/4.3.2/../../../../arm-none-eabi/lib/libc.a(lib_a-strncmp.o)
                0x004068f0                strncmp
 *(.gnu.warning)
 *(.glue_7t)
 .glue_7t       0x00406a34        0x0 hello-world.co
 .glue_7t       0x00406a34        0x0 obj_redbee-econotag/contiki-mc1322x-main.o
 .glue_7t       0x00406a34        0x0 obj_redbee-econotag/start.o
 .glue_7t       0x00406a34        0x0 obj_redbee-econotag/symbols.o
 .glue_7t       0x00406a34        0x0 contiki-redbee-econotag.a(rimeaddr.o)
 .glue_7t       0x00406a34        0x0 contiki-redbee-econotag.a(rime.o)
 .glue_7t       0x00406a34        0x0 contiki-redbee-econotag.a(rimestats.o)
 .glue_7t       0x00406a34        0x0 contiki-redbee-econotag.a(announcement.o)
 .glue_7t       0x00406a34        0x0 contiki-redbee-econotag.a(broadcast-annou)
 .glue_7t       0x00406a34        0x0 contiki-redbee-econotag.a(broadcast.o)
 .glue_7t       0x00406a34        0x0 contiki-redbee-econotag.a(abc.o)
 .glue_7t       0x00406a34        0x0 contiki-redbee-econotag.a(chameleon.o)
 .glue_7t       0x00406a34        0x0 contiki-redbee-econotag.a(channel.o)
 .glue_7t       0x00406a34        0x0 contiki-redbee-econotag.a(chameleon-bitop)
 .glue_7t       0x00406a34        0x0 contiki-redbee-econotag.a(sicslowmac.o)
 .glue_7t       0x00406a34        0x0 contiki-redbee-econotag.a(csma.o)
 .glue_7t       0x00406a34        0x0 contiki-redbee-econotag.a(process.o)
 .glue_7t       0x00406a34        0x0 contiki-redbee-econotag.a(autostart.o)
 .glue_7t       0x00406a34        0x0 contiki-redbee-econotag.a(memb.o)
 .glue_7t       0x00406a34        0x0 contiki-redbee-econotag.a(list.o)
 .glue_7t       0x00406a34        0x0 contiki-redbee-econotag.a(etimer.o)
 .glue_7t       0x00406a34        0x0 contiki-redbee-econotag.a(ctimer.o)
 .glue_7t       0x00406a34        0x0 contiki-redbee-econotag.a(random.o)
 .glue_7t       0x00406a34        0x0 contiki-redbee-econotag.a(packetbuf.o)
 .glue_7t       0x00406a34        0x0 contiki-redbee-econotag.a(queuebuf.o)
 .glue_7t       0x00406a34        0x0 contiki-redbee-econotag.a(clock.o)
 .glue_7t       0x00406a34        0x0 contiki-redbee-econotag.a(button-sensor.o)
 .glue_7t       0x00406a34        0x0 contiki-redbee-econotag.a(sensors.o)
 .glue_7t       0x00406a34        0x0 contiki-redbee-econotag.a(contiki-crm.o)
 .glue_7t       0x00406a34        0x0 contiki-redbee-econotag.a(contiki-maca.o)
 .glue_7t       0x00406a34        0x0 contiki-redbee-econotag.a(contiki-misc.o)
 .glue_7t       0x00406a34        0x0 contiki-redbee-econotag.a(leds.o)
 .glue_7t       0x00406a34        0x0 contiki-redbee-econotag.a(contiki-uart.o)
 .glue_7t       0x00406a34        0x0 contiki-redbee-econotag.a(dbg-printf.o)
 .glue_7t       0x00406a34        0x0 contiki-redbee-econotag.a(strformat.o)
 .glue_7t       0x00406a34        0x0 contiki-redbee-econotag.a(maca.o)
 .glue_7t       0x00406a34        0x0 contiki-redbee-econotag.a(nvm.o)
 .glue_7t       0x00406a34        0x0 contiki-redbee-econotag.a(uart1.o)
 .glue_7t       0x00406a34        0x0 contiki-redbee-econotag.a(default_lowleve)
 .glue_7t       0x00406a34        0x0 contiki-redbee-econotag.a(isr.o)
 .glue_7t       0x00406a34        0x0 contiki-redbee-econotag.a(frame802154.o)
 .glue_7t       0x00406a34        0x0 contiki-redbee-econotag.a(mac.o)
 .glue_7t       0x00406a34        0x0 contiki-redbee-econotag.a(timer.o)
 .glue_7t       0x00406a34        0x0 contiki-redbee-econotag.a(debug-uart.o)
 .glue_7t       0x00406a34        0x0 contiki-redbee-econotag.a(leds-arch.o)
 .glue_7t       0x00406a34        0x0 contiki-redbee-econotag.a(uart2.o)
 .glue_7t       0x00406a34        0x0 /usr/local/cs97/CodeSourcery/Sourcery_G++_Lite/bin/../lib/gcc/arm-none-eabi/4.3.2/libgcc.a(_udivsi3.o)
 .glue_7t       0x00406a34        0x0 /usr/local/cs97/CodeSourcery/Sourcery_G++_Lite/bin/../lib/gcc/arm-none-eabi/4.3.2/libgcc.a(_divsi3.o)
 .glue_7t       0x00406a34        0x0 /usr/local/cs97/CodeSourcery/Sourcery_G++_Lite/bin/../lib/gcc/arm-none-eabi/4.3.2/libgcc.a(_dvmd_tls.o)
 .glue_7t       0x00406a34        0x0 /usr/local/cs97/CodeSourcery/Sourcery_G++_Lite/bin/../lib/gcc/arm-none-eabi/4.3.2/libgcc.a(_aeabi_uldivmod.o)
 .glue_7t       0x00406a34        0x0 /usr/local/cs97/CodeSourcery/Sourcery_G++_Lite/bin/../lib/gcc/arm-none-eabi/4.3.2/libgcc.a(bpabi.o)
 .glue_7t       0x00406a34        0x0 /usr/local/cs97/CodeSourcery/Sourcery_G++_Lite/bin/../lib/gcc/arm-none-eabi/4.3.2/libgcc.a(_divdi3.o)
 .glue_7t       0x00406a34        0x0 /usr/local/cs97/CodeSourcery/Sourcery_G++_Lite/bin/../lib/gcc/arm-none-eabi/4.3.2/libgcc.a(_udivdi3.o)
 .glue_7t       0x00406a34        0x0 /usr/local/cs97/CodeSourcery/Sourcery_G++_Lite/bin/../lib/gcc/arm-none-eabi/4.3.2/libgcc.a(_clz.o)
 .glue_7t       0x00406a34        0x0 /usr/local/cs97/CodeSourcery/Sourcery_G++_Lite/bin/../lib/gcc/arm-none-eabi/4.3.2/../../../../arm-none-eabi/lib/libc.a(lib_a-memcmp.o)
 .glue_7t       0x00406a34        0x0 /usr/local/cs97/CodeSourcery/Sourcery_G++_Lite/bin/../lib/gcc/arm-none-eabi/4.3.2/../../../../arm-none-eabi/lib/libc.a(lib_a-memcpy.o)
 .glue_7t       0x00406a34        0x0 /usr/local/cs97/CodeSourcery/Sourcery_G++_Lite/bin/../lib/gcc/arm-none-eabi/4.3.2/../../../../arm-none-eabi/lib/libc.a(lib_a-memset.o)
 .glue_7t       0x00406a34        0x0 /usr/local/cs97/CodeSourcery/Sourcery_G++_Lite/bin/../lib/gcc/arm-none-eabi/4.3.2/../../../../arm-none-eabi/lib/libc.a(lib_a-strlen.o)
 .glue_7t       0x00406a34      0x3e0 /usr/local/cs97/CodeSourcery/Sourcery_G++_Lite/bin/../lib/gcc/arm-none-eabi/4.3.2/../../../../arm-none-eabi/lib/libc.a(lib_a-strncmp.o)
                0x00406a88                __set_power_change_to_arm
                0x00406a68                __uart1_init_change_to_arm
                0x00406b20                __chameleon_init_change_to_arm
                0x00406d24                __memb_inmemb_from_thumb
                0x00406ab4                __ctimer_init_from_thumb
                0x00406ce0                __process_post_change_to_arm
                0x00406da4                __get_free_packet_from_thumb
                0x00406d64                __etimer_pending_from_thumb
                0x00406c44                __rimeaddr_cmp_from_thumb
                0x00406d04                __etimer_stop_from_thumb
                0x00406ae0                __process_run_change_to_arm
                0x00406c1c                __memset_from_thumb
                0x00406ab0                __process_start_change_to_arm
                0x00406be0                __channel_set_attributes_change_to_arm
                0x00406cb8                __memb_init_change_to_arm
                0x00406bdc                __channel_set_attributes_from_thumb
                0x00406bf4                __channel_open_from_thumb
                0x00406a50                __rimeaddr_copy_change_to_arm
                0x00406b48                __list_remove_change_to_arm
                0x00406b9c                __random_rand_from_thumb
                0x00406dd0                __leds_arch_get_change_to_arm
                0x00406cd0                __process_poll_change_to_arm
                0x00406e00                __maca_rx_callback_change_to_arm
                0x00406d68                __etimer_pending_change_to_arm
                0x00406db0                __tx_packet_change_to_arm
                0x00406da0                ____aeabi_uidiv_change_to_arm
                0x00406dac                __tx_packet_from_thumb
                0x00406c20                __memset_change_to_arm
                0x00406be8                __rime_output_change_to_arm
                0x00406bb0                __announcement_list_change_to_arm
                0x00406c34                __packetbuf_datalen_from_thumb
                0x00406cdc                __process_post_from_thumb
                0x00406c54                __frame802154_create_from_thumb
                0x00406af0                __list_head_change_to_arm
                0x00406b34                __packetbuf_compact_from_thumb
                0x00406a38                __etimer_set_change_to_arm
                0x00406c38                __packetbuf_datalen_change_to_arm
                0x00406cac                __mac_call_sent_callback_from_thumb
                0x00406c0c                __packetbuf_hdralloc_from_thumb
                0x00406cbc                __process_exit_from_thumb
                0x00406a6c                __default_vreg_init_from_thumb
                0x00406d08                __etimer_stop_change_to_arm
                0x00406d88                __process_alloc_event_change_to_arm
                0x00406d38                __packetbuf_attr_copyfrom_change_to_arm
                0x00406d90                __strlen_change_to_arm
                0x00406d78                __etimer_request_poll_change_to_arm
                0x00406abc                ____aeabi_idiv_from_thumb
                0x00406bd8                __abc_open_change_to_arm
                0x00406c84                __ctimer_expired_from_thumb
                0x00406d40                __packetbuf_attr_copyto_change_to_arm
                0x00406d6c                __etimer_next_expiration_time_from_thumb
                0x00406b84                __memcpy_from_thumb
                0x00406cc0                __process_exit_change_to_arm
                0x00406d9c                ____aeabi_uidiv_from_thumb
                0x00406cd8                __timer_expired_change_to_arm
                0x00406c9c                __queuebuf_free_from_thumb
                0x00406b60                __ctimer_stop_change_to_arm
                0x00406e10                __uart1_putc_change_to_arm
                0x00406de8                __format_str_v_change_to_arm
                0x00406b54                __list_init_from_thumb
                0x00406d1c                __srand_from_thumb
                0x00406cf8                __timer_set_change_to_arm
                0x00406cec                __timer_reset_from_thumb
                0x00406c24                __packetbuf_hdrreduce_from_thumb
                0x00406d44                __packetbuf_is_reference_from_thumb
                0x00406a5c                __rimeaddr_set_node_addr_from_thumb
                0x00406d98                __strncmp_change_to_arm
                0x00406b00                __abc_input_change_to_arm
                0x00406b1c                __chameleon_init_from_thumb
                0x00406a60                __rimeaddr_set_node_addr_change_to_arm
                0x00406c78                __list_push_change_to_arm
                0x00406c2c                __channel_lookup_from_thumb
                0x00406af4                __list_item_next_from_thumb
                0x00406bc8                __abc_send_change_to_arm
                0x00406c94                __queuebuf_to_packetbuf_from_thumb
                0x00406bc4                __abc_send_from_thumb
                0x00406ba4                ____aeabi_uidivmod_from_thumb
                0x00406aa0                __leds_init_change_to_arm
                0x00406ad8                __uart1_getc_change_to_arm
                0x00406d50                __packetbuf_reference_ptr_change_to_arm
                0x00406c30                __channel_lookup_change_to_arm
                0x00406c18                __packetbuf_hdrptr_change_to_arm
                0x00406b08                __queuebuf_init_change_to_arm
                0x00406b70                __broadcast_open_change_to_arm
                0x00406ac8                __autostart_start_change_to_arm
                0x00406acc                __check_maca_from_thumb
                0x00406bec                __channel_close_from_thumb
                0x00406aa8                __process_init_change_to_arm
                0x00406db4                __rx_packet_from_thumb
                0x00406cb4                __memb_init_from_thumb
                0x00406bac                __announcement_list_from_thumb
                0x00406a3c                __printf_from_thumb
                0x00406a84                __set_power_from_thumb
                0x00406b04                __queuebuf_init_from_thumb
                0x00406c28                __packetbuf_hdrreduce_change_to_arm
                0x00406cc8                __clock_time_change_to_arm
                0x00406d7c                __sensors_changed_from_thumb
                0x00406b80                __packetbuf_dataptr_change_to_arm
                0x00406a9c                __leds_init_from_thumb
                0x00406b6c                __broadcast_open_from_thumb
                0x00406c70                __queuebuf_new_from_packetbuf_change_to_arm
                0x00406ad0                __check_maca_change_to_arm
                0x00406ca0                __queuebuf_free_change_to_arm
                0x00406a64                __uart1_init_from_thumb
                0x00406cf4                __timer_set_from_thumb
                0x00406af8                __list_item_next_change_to_arm
                0x00406c74                __list_push_from_thumb
                0x00406da8                __get_free_packet_change_to_arm
                0x00406bb4                __packetbuf_set_datalen_from_thumb
                0x00406be4                __rime_output_from_thumb
                0x00406dc8                __leds_arch_set_change_to_arm
                0x00406cb0                __mac_call_sent_callback_change_to_arm
                0x00406a90                __cal_ring_osc_change_to_arm
                0x00406a8c                __cal_ring_osc_from_thumb
                0x00406b18                __announcement_init_change_to_arm
                0x00406b0c                __packetbuf_clear_from_thumb
                0x00406a74                __maca_init_from_thumb
                0x00406dec                __dbg_send_bytes_from_thumb
                0x00406b44                __list_remove_from_thumb
                0x00406afc                __abc_input_from_thumb
                0x00406a34                __etimer_set_from_thumb
                0x00406ac4                __autostart_start_from_thumb
                0x00406b74                __announcement_register_observer_callback_from_thumb
                0x00406ba0                __random_rand_change_to_arm
                0x00406c40                __frame802154_parse_change_to_arm
                0x00406bbc                __broadcast_send_from_thumb
                0x00406d70                __etimer_next_expiration_time_change_to_arm
                0x00406ab8                __ctimer_init_change_to_arm
                0x00406d74                __etimer_request_poll_from_thumb
                0x00406d4c                __packetbuf_reference_ptr_from_thumb
                0x00406d28                __memb_inmemb_change_to_arm
                0x00406a94                __clock_init_from_thumb
                0x00406ae8                __chameleon_parse_change_to_arm
                0x00406ce8                __timer_restart_change_to_arm
                0x00406a80                __set_channel_change_to_arm
                0x00406d20                __srand_change_to_arm
                0x00406a78                __maca_init_change_to_arm
                0x00406b94                __ctimer_set_from_thumb
                0x00406dd4                __clock_delay_from_thumb
                0x00406dbc                __free_packet_from_thumb
                0x00406cf0                __timer_reset_change_to_arm
                0x00406c08                __chameleon_hdrsize_change_to_arm
                0x00406ca8                __queuebuf_update_attr_from_packetbuf_change_to_arm
                0x00406c04                __chameleon_hdrsize_from_thumb
                0x00406ad4                __uart1_getc_from_thumb
                0x00406d48                __packetbuf_is_reference_change_to_arm
                0x00406d80                __sensors_changed_change_to_arm
                0x00406a70                __default_vreg_init_change_to_arm
                0x00406c68                __memb_alloc_change_to_arm
                0x00406aac                __process_start_from_thumb
                0x00406b38                __packetbuf_compact_change_to_arm
                0x00406b2c                __chameleon_create_from_thumb
                0x00406df4                ____aeabi_uldivmod_from_thumb
                0x00406e04                __maca_tx_callback_from_thumb
                0x00406d34                __packetbuf_attr_copyfrom_from_thumb
                0x00406b4c                __list_add_from_thumb
                0x00406b78                __announcement_register_observer_callback_change_to_arm
                0x00406d00                __etimer_expired_change_to_arm
                0x00406d60                __packetbuf_copyto_change_to_arm
                0x00406ba8                ____aeabi_uidivmod_change_to_arm
                0x00406b64                __broadcast_close_from_thumb
                0x00406bf8                __channel_open_change_to_arm
                0x00406b28                __broadcast_announcement_init_change_to_arm
                0x00406b8c                __announcement_heard_from_thumb
                0x00406c6c                __queuebuf_new_from_packetbuf_from_thumb
                0x00406dcc                __leds_arch_get_from_thumb
                0x00406ca4                __queuebuf_update_attr_from_packetbuf_from_thumb
                0x00406bb8                __packetbuf_set_datalen_change_to_arm
                0x00406b10                __packetbuf_clear_change_to_arm
                0x00406b3c                __abc_sent_from_thumb
                0x00406c88                __ctimer_expired_change_to_arm
                0x00406de4                __format_str_v_from_thumb
                0x00406ccc                __process_poll_from_thumb
                0x00406c90                __memb_free_change_to_arm
                0x00406a40                __printf_change_to_arm
                0x00406bc0                __broadcast_send_change_to_arm
                0x00406de0                __leds_arch_init_change_to_arm
                0x00406c7c                __list_length_from_thumb
                0x00406c48                __rimeaddr_cmp_change_to_arm
                0x00406b50                __list_add_change_to_arm
                0x00406d54                __packetbuf_copyto_hdr_from_thumb
                0x00406c3c                __frame802154_parse_from_thumb
                0x00406b58                __list_init_change_to_arm
                0x00406dfc                __maca_rx_callback_from_thumb
                0x00406a4c                __rimeaddr_copy_from_thumb
                0x00406db8                __rx_packet_change_to_arm
                0x00406d8c                __strlen_from_thumb
                0x00406c64                __memb_alloc_from_thumb
                0x00406d84                __process_alloc_event_from_thumb
                0x00406bf0                __channel_close_change_to_arm
                0x00406cc4                __clock_time_from_thumb
                0x00406d14                __rand_from_thumb
                0x00406bd0                __abc_close_change_to_arm
                0x00406c60                __packetbuf_totlen_change_to_arm
                0x00406adc                __process_run_from_thumb
                0x00406b30                __chameleon_create_change_to_arm
                0x00406aec                __list_head_from_thumb
                0x00406a54                __memcmp_from_thumb
                0x00406b68                __broadcast_close_change_to_arm
                0x00406aa4                __process_init_from_thumb
                0x00406ce4                __timer_restart_from_thumb
                0x00406c14                __packetbuf_hdrptr_from_thumb
                0x00406a7c                __set_channel_from_thumb
                0x00406a58                __memcmp_change_to_arm
                0x00406d58                __packetbuf_copyto_hdr_change_to_arm
                0x00406b14                __announcement_init_from_thumb
                0x00406d2c                __packetbuf_copyfrom_from_thumb
                0x00406c5c                __packetbuf_totlen_from_thumb
                0x00406dc4                __leds_arch_set_from_thumb
                0x00406d3c                __packetbuf_attr_copyto_from_thumb
                0x00406ae4                __chameleon_parse_from_thumb
                0x00406c00                __channel_init_change_to_arm
                0x00406df8                ____aeabi_uldivmod_change_to_arm
                0x00406c4c                __frame802154_hdrlen_from_thumb
                0x00406c50                __frame802154_hdrlen_change_to_arm
                0x00406cd4                __timer_expired_from_thumb
                0x00406d30                __packetbuf_copyfrom_change_to_arm
                0x00406bcc                __abc_close_from_thumb
                0x00406dd8                __clock_delay_change_to_arm
                0x00406ddc                __leds_arch_init_from_thumb
                0x00406e0c                __uart1_putc_from_thumb
                0x00406b24                __broadcast_announcement_init_from_thumb
                0x00406b88                __memcpy_change_to_arm
                0x00406d5c                __packetbuf_copyto_from_thumb
                0x00406cfc                __etimer_expired_from_thumb
                0x00406c8c                __memb_free_from_thumb
                0x00406b90                __announcement_heard_change_to_arm
                0x00406d94                __strncmp_from_thumb
                0x00406e08                __maca_tx_callback_change_to_arm
                0x00406b98                __ctimer_set_change_to_arm
                0x00406c10                __packetbuf_hdralloc_change_to_arm
                0x00406bd4                __abc_open_from_thumb
                0x00406ac0                ____aeabi_idiv_change_to_arm
                0x00406b5c                __ctimer_stop_from_thumb
                0x00406dc0                __free_packet_change_to_arm
                0x00406c98                __queuebuf_to_packetbuf_change_to_arm
                0x00406bfc                __channel_init_from_thumb
                0x00406a48                __etimer_reset_change_to_arm
                0x00406df0                __dbg_send_bytes_change_to_arm
                0x00406a44                __etimer_reset_from_thumb
                0x00406a98                __clock_init_change_to_arm
                0x00406d10                __etimer_restart_change_to_arm
                0x00406c80                __list_length_change_to_arm
                0x00406b7c                __packetbuf_dataptr_from_thumb
                0x00406d0c                __etimer_restart_from_thumb
                0x00406b40                __abc_sent_change_to_arm
                0x00406d18                __rand_change_to_arm
                0x00406c58                __frame802154_create_change_to_arm
 *(.glue_7)
 .glue_7        0x00406e14        0x0 hello-world.co
 .glue_7        0x00406e14        0x0 obj_redbee-econotag/contiki-mc1322x-main.o
 .glue_7        0x00406e14        0x0 obj_redbee-econotag/start.o
 .glue_7        0x00406e14        0x0 obj_redbee-econotag/symbols.o
 .glue_7        0x00406e14        0x0 contiki-redbee-econotag.a(rimeaddr.o)
 .glue_7        0x00406e14        0x0 contiki-redbee-econotag.a(rime.o)
 .glue_7        0x00406e14        0x0 contiki-redbee-econotag.a(rimestats.o)
 .glue_7        0x00406e14        0x0 contiki-redbee-econotag.a(announcement.o)
 .glue_7        0x00406e14        0x0 contiki-redbee-econotag.a(broadcast-annou)
 .glue_7        0x00406e14        0x0 contiki-redbee-econotag.a(broadcast.o)
 .glue_7        0x00406e14        0x0 contiki-redbee-econotag.a(abc.o)
 .glue_7        0x00406e14        0x0 contiki-redbee-econotag.a(chameleon.o)
 .glue_7        0x00406e14        0x0 contiki-redbee-econotag.a(channel.o)
 .glue_7        0x00406e14        0x0 contiki-redbee-econotag.a(chameleon-bitop)
 .glue_7        0x00406e14        0x0 contiki-redbee-econotag.a(sicslowmac.o)
 .glue_7        0x00406e14        0x0 contiki-redbee-econotag.a(csma.o)
 .glue_7        0x00406e14        0x0 contiki-redbee-econotag.a(process.o)
 .glue_7        0x00406e14        0x0 contiki-redbee-econotag.a(autostart.o)
 .glue_7        0x00406e14        0x0 contiki-redbee-econotag.a(memb.o)
 .glue_7        0x00406e14        0x0 contiki-redbee-econotag.a(list.o)
 .glue_7        0x00406e14        0x0 contiki-redbee-econotag.a(etimer.o)
 .glue_7        0x00406e14        0x0 contiki-redbee-econotag.a(ctimer.o)
 .glue_7        0x00406e14        0x0 contiki-redbee-econotag.a(random.o)
 .glue_7        0x00406e14        0x0 contiki-redbee-econotag.a(packetbuf.o)
 .glue_7        0x00406e14        0x0 contiki-redbee-econotag.a(queuebuf.o)
 .glue_7        0x00406e14        0x0 contiki-redbee-econotag.a(clock.o)
 .glue_7        0x00406e14        0x0 contiki-redbee-econotag.a(button-sensor.o)
 .glue_7        0x00406e14        0x0 contiki-redbee-econotag.a(sensors.o)
 .glue_7        0x00406e14        0x0 contiki-redbee-econotag.a(contiki-crm.o)
 .glue_7        0x00406e14        0x0 contiki-redbee-econotag.a(contiki-maca.o)
 .glue_7        0x00406e14        0x0 contiki-redbee-econotag.a(contiki-misc.o)
 .glue_7        0x00406e14        0x0 contiki-redbee-econotag.a(leds.o)
 .glue_7        0x00406e14        0x0 contiki-redbee-econotag.a(contiki-uart.o)
 .glue_7        0x00406e14        0x0 contiki-redbee-econotag.a(dbg-printf.o)
 .glue_7        0x00406e14        0x0 contiki-redbee-econotag.a(strformat.o)
 .glue_7        0x00406e14        0x0 contiki-redbee-econotag.a(maca.o)
 .glue_7        0x00406e14        0x0 contiki-redbee-econotag.a(nvm.o)
 .glue_7        0x00406e14        0x0 contiki-redbee-econotag.a(uart1.o)
 .glue_7        0x00406e14        0x0 contiki-redbee-econotag.a(default_lowleve)
 .glue_7        0x00406e14        0x0 contiki-redbee-econotag.a(isr.o)
 .glue_7        0x00406e14        0x0 contiki-redbee-econotag.a(frame802154.o)
 .glue_7        0x00406e14        0x0 contiki-redbee-econotag.a(mac.o)
 .glue_7        0x00406e14        0x0 contiki-redbee-econotag.a(timer.o)
 .glue_7        0x00406e14        0x0 contiki-redbee-econotag.a(debug-uart.o)
 .glue_7        0x00406e14        0x0 contiki-redbee-econotag.a(leds-arch.o)
 .glue_7        0x00406e14        0x0 contiki-redbee-econotag.a(uart2.o)
 .glue_7        0x00406e14        0x0 /usr/local/cs97/CodeSourcery/Sourcery_G++_Lite/bin/../lib/gcc/arm-none-eabi/4.3.2/libgcc.a(_udivsi3.o)
 .glue_7        0x00406e14        0x0 /usr/local/cs97/CodeSourcery/Sourcery_G++_Lite/bin/../lib/gcc/arm-none-eabi/4.3.2/libgcc.a(_divsi3.o)
 .glue_7        0x00406e14        0x0 /usr/local/cs97/CodeSourcery/Sourcery_G++_Lite/bin/../lib/gcc/arm-none-eabi/4.3.2/libgcc.a(_dvmd_tls.o)
 .glue_7        0x00406e14        0x0 /usr/local/cs97/CodeSourcery/Sourcery_G++_Lite/bin/../lib/gcc/arm-none-eabi/4.3.2/libgcc.a(_aeabi_uldivmod.o)
 .glue_7        0x00406e14        0x0 /usr/local/cs97/CodeSourcery/Sourcery_G++_Lite/bin/../lib/gcc/arm-none-eabi/4.3.2/libgcc.a(bpabi.o)
 .glue_7        0x00406e14        0x0 /usr/local/cs97/CodeSourcery/Sourcery_G++_Lite/bin/../lib/gcc/arm-none-eabi/4.3.2/libgcc.a(_divdi3.o)
 .glue_7        0x00406e14        0x0 /usr/local/cs97/CodeSourcery/Sourcery_G++_Lite/bin/../lib/gcc/arm-none-eabi/4.3.2/libgcc.a(_udivdi3.o)
 .glue_7        0x00406e14        0x0 /usr/local/cs97/CodeSourcery/Sourcery_G++_Lite/bin/../lib/gcc/arm-none-eabi/4.3.2/libgcc.a(_clz.o)
 .glue_7        0x00406e14        0x0 /usr/local/cs97/CodeSourcery/Sourcery_G++_Lite/bin/../lib/gcc/arm-none-eabi/4.3.2/../../../../arm-none-eabi/lib/libc.a(lib_a-memcmp.o)
 .glue_7        0x00406e14        0x0 /usr/local/cs97/CodeSourcery/Sourcery_G++_Lite/bin/../lib/gcc/arm-none-eabi/4.3.2/../../../../arm-none-eabi/lib/libc.a(lib_a-memcpy.o)
 .glue_7        0x00406e14        0x0 /usr/local/cs97/CodeSourcery/Sourcery_G++_Lite/bin/../lib/gcc/arm-none-eabi/4.3.2/../../../../arm-none-eabi/lib/libc.a(lib_a-memset.o)
 .glue_7        0x00406e14        0x0 /usr/local/cs97/CodeSourcery/Sourcery_G++_Lite/bin/../lib/gcc/arm-none-eabi/4.3.2/../../../../arm-none-eabi/lib/libc.a(lib_a-strlen.o)
 .glue_7        0x00406e14        0x0 /usr/local/cs97/CodeSourcery/Sourcery_G++_Lite/bin/../lib/gcc/arm-none-eabi/4.3.2/../../../../arm-none-eabi/lib/libc.a(lib_a-strncmp.o)
 *(.vfp11_veneer)
 .vfp11_veneer  0x00406e14        0x0 hello-world.co
 .vfp11_veneer  0x00406e14        0x0 obj_redbee-econotag/contiki-mc1322x-main.o
 .vfp11_veneer  0x00406e14        0x0 obj_redbee-econotag/start.o
 .vfp11_veneer  0x00406e14        0x0 obj_redbee-econotag/symbols.o
 .vfp11_veneer  0x00406e14        0x0 contiki-redbee-econotag.a(rimeaddr.o)
 .vfp11_veneer  0x00406e14        0x0 contiki-redbee-econotag.a(rime.o)
 .vfp11_veneer  0x00406e14        0x0 contiki-redbee-econotag.a(rimestats.o)
 .vfp11_veneer  0x00406e14        0x0 contiki-redbee-econotag.a(announcement.o)
 .vfp11_veneer  0x00406e14        0x0 contiki-redbee-econotag.a(broadcast-annou)
 .vfp11_veneer  0x00406e14        0x0 contiki-redbee-econotag.a(broadcast.o)
 .vfp11_veneer  0x00406e14        0x0 contiki-redbee-econotag.a(abc.o)
 .vfp11_veneer  0x00406e14        0x0 contiki-redbee-econotag.a(chameleon.o)
 .vfp11_veneer  0x00406e14        0x0 contiki-redbee-econotag.a(channel.o)
 .vfp11_veneer  0x00406e14        0x0 contiki-redbee-econotag.a(chameleon-bitop)
 .vfp11_veneer  0x00406e14        0x0 contiki-redbee-econotag.a(sicslowmac.o)
 .vfp11_veneer  0x00406e14        0x0 contiki-redbee-econotag.a(csma.o)
 .vfp11_veneer  0x00406e14        0x0 contiki-redbee-econotag.a(process.o)
 .vfp11_veneer  0x00406e14        0x0 contiki-redbee-econotag.a(autostart.o)
 .vfp11_veneer  0x00406e14        0x0 contiki-redbee-econotag.a(memb.o)
 .vfp11_veneer  0x00406e14        0x0 contiki-redbee-econotag.a(list.o)
 .vfp11_veneer  0x00406e14        0x0 contiki-redbee-econotag.a(etimer.o)
 .vfp11_veneer  0x00406e14        0x0 contiki-redbee-econotag.a(ctimer.o)
 .vfp11_veneer  0x00406e14        0x0 contiki-redbee-econotag.a(random.o)
 .vfp11_veneer  0x00406e14        0x0 contiki-redbee-econotag.a(packetbuf.o)
 .vfp11_veneer  0x00406e14        0x0 contiki-redbee-econotag.a(queuebuf.o)
 .vfp11_veneer  0x00406e14        0x0 contiki-redbee-econotag.a(clock.o)
 .vfp11_veneer  0x00406e14        0x0 contiki-redbee-econotag.a(button-sensor.o)
 .vfp11_veneer  0x00406e14        0x0 contiki-redbee-econotag.a(sensors.o)
 .vfp11_veneer  0x00406e14        0x0 contiki-redbee-econotag.a(contiki-crm.o)
 .vfp11_veneer  0x00406e14        0x0 contiki-redbee-econotag.a(contiki-maca.o)
 .vfp11_veneer  0x00406e14        0x0 contiki-redbee-econotag.a(contiki-misc.o)
 .vfp11_veneer  0x00406e14        0x0 contiki-redbee-econotag.a(leds.o)
 .vfp11_veneer  0x00406e14        0x0 contiki-redbee-econotag.a(contiki-uart.o)
 .vfp11_veneer  0x00406e14        0x0 contiki-redbee-econotag.a(dbg-printf.o)
 .vfp11_veneer  0x00406e14        0x0 contiki-redbee-econotag.a(strformat.o)
 .vfp11_veneer  0x00406e14        0x0 contiki-redbee-econotag.a(maca.o)
 .vfp11_veneer  0x00406e14        0x0 contiki-redbee-econotag.a(nvm.o)
 .vfp11_veneer  0x00406e14        0x0 contiki-redbee-econotag.a(uart1.o)
 .vfp11_veneer  0x00406e14        0x0 contiki-redbee-econotag.a(default_lowleve)
 .vfp11_veneer  0x00406e14        0x0 contiki-redbee-econotag.a(isr.o)
 .vfp11_veneer  0x00406e14        0x0 contiki-redbee-econotag.a(frame802154.o)
 .vfp11_veneer  0x00406e14        0x0 contiki-redbee-econotag.a(mac.o)
 .vfp11_veneer  0x00406e14        0x0 contiki-redbee-econotag.a(timer.o)
 .vfp11_veneer  0x00406e14        0x0 contiki-redbee-econotag.a(debug-uart.o)
 .vfp11_veneer  0x00406e14        0x0 contiki-redbee-econotag.a(leds-arch.o)
 .vfp11_veneer  0x00406e14        0x0 contiki-redbee-econotag.a(uart2.o)
 .vfp11_veneer  0x00406e14        0x0 /usr/local/cs97/CodeSourcery/Sourcery_G++_Lite/bin/../lib/gcc/arm-none-eabi/4.3.2/libgcc.a(_udivsi3.o)
 .vfp11_veneer  0x00406e14        0x0 /usr/local/cs97/CodeSourcery/Sourcery_G++_Lite/bin/../lib/gcc/arm-none-eabi/4.3.2/libgcc.a(_divsi3.o)
 .vfp11_veneer  0x00406e14        0x0 /usr/local/cs97/CodeSourcery/Sourcery_G++_Lite/bin/../lib/gcc/arm-none-eabi/4.3.2/libgcc.a(_dvmd_tls.o)
 .vfp11_veneer  0x00406e14        0x0 /usr/local/cs97/CodeSourcery/Sourcery_G++_Lite/bin/../lib/gcc/arm-none-eabi/4.3.2/libgcc.a(_aeabi_uldivmod.o)
 .vfp11_veneer  0x00406e14        0x0 /usr/local/cs97/CodeSourcery/Sourcery_G++_Lite/bin/../lib/gcc/arm-none-eabi/4.3.2/libgcc.a(bpabi.o)
 .vfp11_veneer  0x00406e14        0x0 /usr/local/cs97/CodeSourcery/Sourcery_G++_Lite/bin/../lib/gcc/arm-none-eabi/4.3.2/libgcc.a(_divdi3.o)
 .vfp11_veneer  0x00406e14        0x0 /usr/local/cs97/CodeSourcery/Sourcery_G++_Lite/bin/../lib/gcc/arm-none-eabi/4.3.2/libgcc.a(_udivdi3.o)
 .vfp11_veneer  0x00406e14        0x0 /usr/local/cs97/CodeSourcery/Sourcery_G++_Lite/bin/../lib/gcc/arm-none-eabi/4.3.2/libgcc.a(_clz.o)
 .vfp11_veneer  0x00406e14        0x0 /usr/local/cs97/CodeSourcery/Sourcery_G++_Lite/bin/../lib/gcc/arm-none-eabi/4.3.2/../../../../arm-none-eabi/lib/libc.a(lib_a-memcmp.o)
 .vfp11_veneer  0x00406e14        0x0 /usr/local/cs97/CodeSourcery/Sourcery_G++_Lite/bin/../lib/gcc/arm-none-eabi/4.3.2/../../../../arm-none-eabi/lib/libc.a(lib_a-memcpy.o)
 .vfp11_veneer  0x00406e14        0x0 /usr/local/cs97/CodeSourcery/Sourcery_G++_Lite/bin/../lib/gcc/arm-none-eabi/4.3.2/../../../../arm-none-eabi/lib/libc.a(lib_a-memset.o)
 .vfp11_veneer  0x00406e14        0x0 /usr/local/cs97/CodeSourcery/Sourcery_G++_Lite/bin/../lib/gcc/arm-none-eabi/4.3.2/../../../../arm-none-eabi/lib/libc.a(lib_a-strlen.o)
 .vfp11_veneer  0x00406e14        0x0 /usr/local/cs97/CodeSourcery/Sourcery_G++_Lite/bin/../lib/gcc/arm-none-eabi/4.3.2/../../../../arm-none-eabi/lib/libc.a(lib_a-strncmp.o)
 *(.v4_bx)
 .v4_bx         0x00406e14        0x0 hello-world.co
 .v4_bx         0x00406e14        0x0 obj_redbee-econotag/contiki-mc1322x-main.o
 .v4_bx         0x00406e14        0x0 obj_redbee-econotag/start.o
 .v4_bx         0x00406e14        0x0 obj_redbee-econotag/symbols.o
 .v4_bx         0x00406e14        0x0 contiki-redbee-econotag.a(rimeaddr.o)
 .v4_bx         0x00406e14        0x0 contiki-redbee-econotag.a(rime.o)
 .v4_bx         0x00406e14        0x0 contiki-redbee-econotag.a(rimestats.o)
 .v4_bx         0x00406e14        0x0 contiki-redbee-econotag.a(announcement.o)
 .v4_bx         0x00406e14        0x0 contiki-redbee-econotag.a(broadcast-annou)
 .v4_bx         0x00406e14        0x0 contiki-redbee-econotag.a(broadcast.o)
 .v4_bx         0x00406e14        0x0 contiki-redbee-econotag.a(abc.o)
 .v4_bx         0x00406e14        0x0 contiki-redbee-econotag.a(chameleon.o)
 .v4_bx         0x00406e14        0x0 contiki-redbee-econotag.a(channel.o)
 .v4_bx         0x00406e14        0x0 contiki-redbee-econotag.a(chameleon-bitop)
 .v4_bx         0x00406e14        0x0 contiki-redbee-econotag.a(sicslowmac.o)
 .v4_bx         0x00406e14        0x0 contiki-redbee-econotag.a(csma.o)
 .v4_bx         0x00406e14        0x0 contiki-redbee-econotag.a(process.o)
 .v4_bx         0x00406e14        0x0 contiki-redbee-econotag.a(autostart.o)
 .v4_bx         0x00406e14        0x0 contiki-redbee-econotag.a(memb.o)
 .v4_bx         0x00406e14        0x0 contiki-redbee-econotag.a(list.o)
 .v4_bx         0x00406e14        0x0 contiki-redbee-econotag.a(etimer.o)
 .v4_bx         0x00406e14        0x0 contiki-redbee-econotag.a(ctimer.o)
 .v4_bx         0x00406e14        0x0 contiki-redbee-econotag.a(random.o)
 .v4_bx         0x00406e14        0x0 contiki-redbee-econotag.a(packetbuf.o)
 .v4_bx         0x00406e14        0x0 contiki-redbee-econotag.a(queuebuf.o)
 .v4_bx         0x00406e14        0x0 contiki-redbee-econotag.a(clock.o)
 .v4_bx         0x00406e14        0x0 contiki-redbee-econotag.a(button-sensor.o)
 .v4_bx         0x00406e14        0x0 contiki-redbee-econotag.a(sensors.o)
 .v4_bx         0x00406e14        0x0 contiki-redbee-econotag.a(contiki-crm.o)
 .v4_bx         0x00406e14        0x0 contiki-redbee-econotag.a(contiki-maca.o)
 .v4_bx         0x00406e14        0x0 contiki-redbee-econotag.a(contiki-misc.o)
 .v4_bx         0x00406e14        0x0 contiki-redbee-econotag.a(leds.o)
 .v4_bx         0x00406e14        0x0 contiki-redbee-econotag.a(contiki-uart.o)
 .v4_bx         0x00406e14        0x0 contiki-redbee-econotag.a(dbg-printf.o)
 .v4_bx         0x00406e14        0x0 contiki-redbee-econotag.a(strformat.o)
 .v4_bx         0x00406e14        0x0 contiki-redbee-econotag.a(maca.o)
 .v4_bx         0x00406e14        0x0 contiki-redbee-econotag.a(nvm.o)
 .v4_bx         0x00406e14        0x0 contiki-redbee-econotag.a(uart1.o)
 .v4_bx         0x00406e14        0x0 contiki-redbee-econotag.a(default_lowleve)
 .v4_bx         0x00406e14        0x0 contiki-redbee-econotag.a(isr.o)
 .v4_bx         0x00406e14        0x0 contiki-redbee-econotag.a(frame802154.o)
 .v4_bx         0x00406e14        0x0 contiki-redbee-econotag.a(mac.o)
 .v4_bx         0x00406e14        0x0 contiki-redbee-econotag.a(timer.o)
 .v4_bx         0x00406e14        0x0 contiki-redbee-econotag.a(debug-uart.o)
 .v4_bx         0x00406e14        0x0 contiki-redbee-econotag.a(leds-arch.o)
 .v4_bx         0x00406e14        0x0 contiki-redbee-econotag.a(uart2.o)
 .v4_bx         0x00406e14        0x0 /usr/local/cs97/CodeSourcery/Sourcery_G++_Lite/bin/../lib/gcc/arm-none-eabi/4.3.2/libgcc.a(_udivsi3.o)
 .v4_bx         0x00406e14        0x0 /usr/local/cs97/CodeSourcery/Sourcery_G++_Lite/bin/../lib/gcc/arm-none-eabi/4.3.2/libgcc.a(_divsi3.o)
 .v4_bx         0x00406e14        0x0 /usr/local/cs97/CodeSourcery/Sourcery_G++_Lite/bin/../lib/gcc/arm-none-eabi/4.3.2/libgcc.a(_dvmd_tls.o)
 .v4_bx         0x00406e14        0x0 /usr/local/cs97/CodeSourcery/Sourcery_G++_Lite/bin/../lib/gcc/arm-none-eabi/4.3.2/libgcc.a(_aeabi_uldivmod.o)
 .v4_bx         0x00406e14        0x0 /usr/local/cs97/CodeSourcery/Sourcery_G++_Lite/bin/../lib/gcc/arm-none-eabi/4.3.2/libgcc.a(bpabi.o)
 .v4_bx         0x00406e14        0x0 /usr/local/cs97/CodeSourcery/Sourcery_G++_Lite/bin/../lib/gcc/arm-none-eabi/4.3.2/libgcc.a(_divdi3.o)
 .v4_bx         0x00406e14        0x0 /usr/local/cs97/CodeSourcery/Sourcery_G++_Lite/bin/../lib/gcc/arm-none-eabi/4.3.2/libgcc.a(_udivdi3.o)
 .v4_bx         0x00406e14        0x0 /usr/local/cs97/CodeSourcery/Sourcery_G++_Lite/bin/../lib/gcc/arm-none-eabi/4.3.2/libgcc.a(_clz.o)
 .v4_bx         0x00406e14        0x0 /usr/local/cs97/CodeSourcery/Sourcery_G++_Lite/bin/../lib/gcc/arm-none-eabi/4.3.2/../../../../arm-none-eabi/lib/libc.a(lib_a-memcmp.o)
 .v4_bx         0x00406e14        0x0 /usr/local/cs97/CodeSourcery/Sourcery_G++_Lite/bin/../lib/gcc/arm-none-eabi/4.3.2/../../../../arm-none-eabi/lib/libc.a(lib_a-memcpy.o)
 .v4_bx         0x00406e14        0x0 /usr/local/cs97/CodeSourcery/Sourcery_G++_Lite/bin/../lib/gcc/arm-none-eabi/4.3.2/../../../../arm-none-eabi/lib/libc.a(lib_a-memset.o)
 .v4_bx         0x00406e14        0x0 /usr/local/cs97/CodeSourcery/Sourcery_G++_Lite/bin/../lib/gcc/arm-none-eabi/4.3.2/../../../../arm-none-eabi/lib/libc.a(lib_a-strlen.o)
 .v4_bx         0x00406e14        0x0 /usr/local/cs97/CodeSourcery/Sourcery_G++_Lite/bin/../lib/gcc/arm-none-eabi/4.3.2/../../../../arm-none-eabi/lib/libc.a(lib_a-strncmp.o)

.janus_2cc_veneer
                0x00406e14        0x0
 .janus_2cc_veneer
                0x00406e14        0x0 hello-world.co
 .janus_2cc_veneer
                0x00406e14        0x0 obj_redbee-econotag/contiki-mc1322x-main.o
 .janus_2cc_veneer
                0x00406e14        0x0 obj_redbee-econotag/start.o
 .janus_2cc_veneer
                0x00406e14        0x0 obj_redbee-econotag/symbols.o
 .janus_2cc_veneer
                0x00406e14        0x0 contiki-redbee-econotag.a(rimeaddr.o)
 .janus_2cc_veneer
                0x00406e14        0x0 contiki-redbee-econotag.a(rime.o)
 .janus_2cc_veneer
                0x00406e14        0x0 contiki-redbee-econotag.a(rimestats.o)
 .janus_2cc_veneer
                0x00406e14        0x0 contiki-redbee-econotag.a(announcement.o)
 .janus_2cc_veneer
                0x00406e14        0x0 contiki-redbee-econotag.a(broadcast-annou)
 .janus_2cc_veneer
                0x00406e14        0x0 contiki-redbee-econotag.a(broadcast.o)
 .janus_2cc_veneer
                0x00406e14        0x0 contiki-redbee-econotag.a(abc.o)
 .janus_2cc_veneer
                0x00406e14        0x0 contiki-redbee-econotag.a(chameleon.o)
 .janus_2cc_veneer
                0x00406e14        0x0 contiki-redbee-econotag.a(channel.o)
 .janus_2cc_veneer
                0x00406e14        0x0 contiki-redbee-econotag.a(chameleon-bitop)
 .janus_2cc_veneer
                0x00406e14        0x0 contiki-redbee-econotag.a(sicslowmac.o)
 .janus_2cc_veneer
                0x00406e14        0x0 contiki-redbee-econotag.a(csma.o)
 .janus_2cc_veneer
                0x00406e14        0x0 contiki-redbee-econotag.a(process.o)
 .janus_2cc_veneer
                0x00406e14        0x0 contiki-redbee-econotag.a(autostart.o)
 .janus_2cc_veneer
                0x00406e14        0x0 contiki-redbee-econotag.a(memb.o)
 .janus_2cc_veneer
                0x00406e14        0x0 contiki-redbee-econotag.a(list.o)
 .janus_2cc_veneer
                0x00406e14        0x0 contiki-redbee-econotag.a(etimer.o)
 .janus_2cc_veneer
                0x00406e14        0x0 contiki-redbee-econotag.a(ctimer.o)
 .janus_2cc_veneer
                0x00406e14        0x0 contiki-redbee-econotag.a(random.o)
 .janus_2cc_veneer
                0x00406e14        0x0 contiki-redbee-econotag.a(packetbuf.o)
 .janus_2cc_veneer
                0x00406e14        0x0 contiki-redbee-econotag.a(queuebuf.o)
 .janus_2cc_veneer
                0x00406e14        0x0 contiki-redbee-econotag.a(clock.o)
 .janus_2cc_veneer
                0x00406e14        0x0 contiki-redbee-econotag.a(button-sensor.o)
 .janus_2cc_veneer
                0x00406e14        0x0 contiki-redbee-econotag.a(sensors.o)
 .janus_2cc_veneer
                0x00406e14        0x0 contiki-redbee-econotag.a(contiki-crm.o)
 .janus_2cc_veneer
                0x00406e14        0x0 contiki-redbee-econotag.a(contiki-maca.o)
 .janus_2cc_veneer
                0x00406e14        0x0 contiki-redbee-econotag.a(contiki-misc.o)
 .janus_2cc_veneer
                0x00406e14        0x0 contiki-redbee-econotag.a(leds.o)
 .janus_2cc_veneer
                0x00406e14        0x0 contiki-redbee-econotag.a(contiki-uart.o)
 .janus_2cc_veneer
                0x00406e14        0x0 contiki-redbee-econotag.a(dbg-printf.o)
 .janus_2cc_veneer
                0x00406e14        0x0 contiki-redbee-econotag.a(strformat.o)
 .janus_2cc_veneer
                0x00406e14        0x0 contiki-redbee-econotag.a(maca.o)
 .janus_2cc_veneer
                0x00406e14        0x0 contiki-redbee-econotag.a(nvm.o)
 .janus_2cc_veneer
                0x00406e14        0x0 contiki-redbee-econotag.a(uart1.o)
 .janus_2cc_veneer
                0x00406e14        0x0 contiki-redbee-econotag.a(default_lowleve)
 .janus_2cc_veneer
                0x00406e14        0x0 contiki-redbee-econotag.a(isr.o)
 .janus_2cc_veneer
                0x00406e14        0x0 contiki-redbee-econotag.a(frame802154.o)
 .janus_2cc_veneer
                0x00406e14        0x0 contiki-redbee-econotag.a(mac.o)
 .janus_2cc_veneer
                0x00406e14        0x0 contiki-redbee-econotag.a(timer.o)
 .janus_2cc_veneer
                0x00406e14        0x0 contiki-redbee-econotag.a(debug-uart.o)
 .janus_2cc_veneer
                0x00406e14        0x0 contiki-redbee-econotag.a(leds-arch.o)
 .janus_2cc_veneer
                0x00406e14        0x0 contiki-redbee-econotag.a(uart2.o)
 .janus_2cc_veneer
                0x00406e14        0x0 /usr/local/cs97/CodeSourcery/Sourcery_G++_Lite/bin/../lib/gcc/arm-none-eabi/4.3.2/libgcc.a(_udivsi3.o)
 .janus_2cc_veneer
                0x00406e14        0x0 /usr/local/cs97/CodeSourcery/Sourcery_G++_Lite/bin/../lib/gcc/arm-none-eabi/4.3.2/libgcc.a(_divsi3.o)
 .janus_2cc_veneer
                0x00406e14        0x0 /usr/local/cs97/CodeSourcery/Sourcery_G++_Lite/bin/../lib/gcc/arm-none-eabi/4.3.2/libgcc.a(_dvmd_tls.o)
 .janus_2cc_veneer
                0x00406e14        0x0 /usr/local/cs97/CodeSourcery/Sourcery_G++_Lite/bin/../lib/gcc/arm-none-eabi/4.3.2/libgcc.a(_aeabi_uldivmod.o)
 .janus_2cc_veneer
                0x00406e14        0x0 /usr/local/cs97/CodeSourcery/Sourcery_G++_Lite/bin/../lib/gcc/arm-none-eabi/4.3.2/libgcc.a(bpabi.o)
 .janus_2cc_veneer
                0x00406e14        0x0 /usr/local/cs97/CodeSourcery/Sourcery_G++_Lite/bin/../lib/gcc/arm-none-eabi/4.3.2/libgcc.a(_divdi3.o)
 .janus_2cc_veneer
                0x00406e14        0x0 /usr/local/cs97/CodeSourcery/Sourcery_G++_Lite/bin/../lib/gcc/arm-none-eabi/4.3.2/libgcc.a(_udivdi3.o)
 .janus_2cc_veneer
                0x00406e14        0x0 /usr/local/cs97/CodeSourcery/Sourcery_G++_Lite/bin/../lib/gcc/arm-none-eabi/4.3.2/libgcc.a(_clz.o)
 .janus_2cc_veneer
                0x00406e14        0x0 /usr/local/cs97/CodeSourcery/Sourcery_G++_Lite/bin/../lib/gcc/arm-none-eabi/4.3.2/../../../../arm-none-eabi/lib/libc.a(lib_a-memcmp.o)
 .janus_2cc_veneer
                0x00406e14        0x0 /usr/local/cs97/CodeSourcery/Sourcery_G++_Lite/bin/../lib/gcc/arm-none-eabi/4.3.2/../../../../arm-none-eabi/lib/libc.a(lib_a-memcpy.o)
 .janus_2cc_veneer
                0x00406e14        0x0 /usr/local/cs97/CodeSourcery/Sourcery_G++_Lite/bin/../lib/gcc/arm-none-eabi/4.3.2/../../../../arm-none-eabi/lib/libc.a(lib_a-memset.o)
 .janus_2cc_veneer
                0x00406e14        0x0 /usr/local/cs97/CodeSourcery/Sourcery_G++_Lite/bin/../lib/gcc/arm-none-eabi/4.3.2/../../../../arm-none-eabi/lib/libc.a(lib_a-strlen.o)
 .janus_2cc_veneer
                0x00406e14        0x0 /usr/local/cs97/CodeSourcery/Sourcery_G++_Lite/bin/../lib/gcc/arm-none-eabi/4.3.2/../../../../arm-none-eabi/lib/libc.a(lib_a-strncmp.o)

.interp
 *(.interp)

.note.gnu.build-id
 *(.note.gnu.build-id)

.hash
 *(.hash)

.gnu.hash
 *(.gnu.hash)

.dynsym
 *(.dynsym)

.dynstr
 *(.dynstr)

.gnu.version
 *(.gnu.version)

.gnu.version_d
 *(.gnu.version_d)

.gnu.version_r
 *(.gnu.version_r)

.rel.dyn
 *(.rel.init)
 *(.rel.text .rel.text.* .rel.gnu.linkonce.t.*)
 *(.rel.fini)
 *(.rel.rodata .rel.rodata.* .rel.gnu.linkonce.r.*)
 *(.rel.data.rel.ro* .rel.gnu.linkonce.d.rel.ro.*)
 *(.rel.data .rel.data.* .rel.gnu.linkonce.d.*)
 *(.rel.tdata .rel.tdata.* .rel.gnu.linkonce.td.*)
 *(.rel.tbss .rel.tbss.* .rel.gnu.linkonce.tb.*)
 *(.rel.ctors)
 *(.rel.dtors)
 *(.rel.got)
 *(.rel.bss .rel.bss.* .rel.gnu.linkonce.b.*)

.rela.dyn
 *(.rela.init)
 *(.rela.text .rela.text.* .rela.gnu.linkonce.t.*)
 *(.rela.fini)
 *(.rela.rodata .rela.rodata.* .rela.gnu.linkonce.r.*)
 *(.rela.data .rela.data.* .rela.gnu.linkonce.d.*)
 *(.rela.tdata .rela.tdata.* .rela.gnu.linkonce.td.*)
 *(.rela.tbss .rela.tbss.* .rela.gnu.linkonce.tb.*)
 *(.rela.ctors)
 *(.rela.dtors)
 *(.rela.got)
 *(.rela.bss .rela.bss.* .rela.gnu.linkonce.b.*)

.rel.plt
 *(.rel.plt)

.rela.plt
 *(.rela.plt)

.init
 *(.init)

.plt
 *(.plt)

.fini
 *(.fini)
                0x00406e14                PROVIDE (__etext, .)
                0x00406e14                PROVIDE (_etext, .)
                0x00406e14                PROVIDE (etext, .)

.rodata         0x00406e14      0x7a8
 *(.rodata .rodata.* .gnu.linkonce.r.*)
 .rodata        0x00406e14        0x8 hello-world.co
                0x00406e14                autostart_processes
 .rodata.str1.1
                0x00406e1c       0x26 hello-world.co
 .rodata        0x00406e42        0x8 obj_redbee-econotag/contiki-mc1322x-main.o
                0x00406e42                addr_ff
 .rodata.str1.1
                0x00406e4a       0x6d obj_redbee-econotag/contiki-mc1322x-main.o
                                 0x6f (size before relaxing)
 *fill*         0x00406eb7        0x1 00
 .rodata        0x00406eb8        0xc obj_redbee-econotag/symbols.o
                0x00406ebc                symbols
                0x00406eb8                symbols_nelts
 .rodata        0x00406ec4        0x8 contiki-redbee-econotag.a(rimeaddr.o)
                0x00406ec4                rimeaddr_null
 .rodata        0x00406ecc        0xc contiki-redbee-econotag.a(rime.o)
                0x00406ecc                rime_driver
 .rodata.str1.1
                0x00406ed8        0x5 contiki-redbee-econotag.a(rime.o)
 *fill*         0x00406edd        0x3 00
 .rodata        0x00406ee0        0x8 contiki-redbee-econotag.a(broadcast-annou)
 .rodata.str1.1
                0x00406ee8       0x1d contiki-redbee-econotag.a(broadcast-annou)
 *fill*         0x00406f05        0x3 00
 .rodata        0x00406f08        0xc contiki-redbee-econotag.a(broadcast.o)
 .rodata        0x00406f14        0x2 contiki-redbee-econotag.a(abc.o)
 *fill*         0x00406f16        0x2 00
 .rodata        0x00406f18       0x18 contiki-redbee-econotag.a(chameleon-bitop)
                0x00406f24                chameleon_bitopt
 .rodata        0x00406f30       0x1c contiki-redbee-econotag.a(sicslowmac.o)
                0x00406f30                sicslowmac_driver
 .rodata.str1.1
                0x00406f4c        0xb contiki-redbee-econotag.a(sicslowmac.o)
 *fill*         0x00406f57        0x1 00
 .rodata        0x00406f58       0x1c contiki-redbee-econotag.a(csma.o)
                0x00406f58                csma_driver
 .rodata.str1.1
                0x00406f74        0x5 contiki-redbee-econotag.a(csma.o)
 .rodata.str1.1
                0x00406f79        0xc contiki-redbee-econotag.a(etimer.o)
 .rodata.str1.1
                0x00406f85        0xf contiki-redbee-econotag.a(ctimer.o)
 .rodata        0x00406f94        0x4 contiki-redbee-econotag.a(packetbuf.o)
 .rodata        0x00406f98       0x10 contiki-redbee-econotag.a(button-sensor.o)
                0x00406f98                button_sensor
 .rodata.str1.1
                0x00406fa8        0x7 contiki-redbee-econotag.a(button-sensor.o)
 .rodata.str1.1
                0x00406faf        0x8 contiki-redbee-econotag.a(sensors.o)
 .rodata.str1.1
                0x00406fb7       0xd1 contiki-redbee-econotag.a(contiki-crm.o)
 .rodata        0x00407088       0x28 contiki-redbee-econotag.a(contiki-maca.o)
                0x00407088                contiki_maca_driver
 .rodata.str1.1
                0x004070b0        0xd contiki-redbee-econotag.a(contiki-maca.o)
 .rodata        0x004070bd       0x20 contiki-redbee-econotag.a(strformat.o)
 .rodata.str1.1
                0x004070dd       0x35 contiki-redbee-econotag.a(strformat.o)
                                 0x37 (size before relaxing)
 *fill*         0x00407112        0x2 00
 .rodata        0x00407114      0x338 contiki-redbee-econotag.a(maca.o)
                0x004072e4                data_cal5
                0x00407234                VCODivI
                0x0040719c                PAVAL
                0x00407244                VCODivF
                0x004072c4                data_cal3_seq2
                0x004072cc                addr_cal3_seq3
                0x004072a4                addr_cal3_seq1
                0x004073a0                data_reg_rep
                0x00407294                addr_seq2
                0x004072d0                data_cal3_seq3
                0x004072d4                addr_cal5
                0x0040728c                data_seq1
                0x004072b0                data_cal3_seq1
                0x0040729c                data_seq2
                0x00407150                PSMVAL
                0x004072bc                addr_cal3_seq2
                0x004071e8                AIMVAL
                0x004072f4                addr_reg_rep
                0x00407284                addr_seq1
 .rodata.str1.1
                0x0040744c       0x70 contiki-redbee-econotag.a(maca.o)
                                 0x73 (size before relaxing)
 .rodata        0x004074bc      0x100 /usr/local/cs97/CodeSourcery/Sourcery_G++_Lite/bin/../lib/gcc/arm-none-eabi/4.3.2/libgcc.a(_clz.o)
                0x004074bc                __clz_tab

.ARM.extab      0x004075bc        0x0
 .ARM.extab     0x004075bc        0x0 /usr/local/cs97/CodeSourcery/Sourcery_G++_Lite/bin/../lib/gcc/arm-none-eabi/4.3.2/libgcc.a(_divdi3.o)
 .ARM.extab     0x004075bc        0x0 /usr/local/cs97/CodeSourcery/Sourcery_G++_Lite/bin/../lib/gcc/arm-none-eabi/4.3.2/libgcc.a(_udivdi3.o)

.ARM.exidx      0x004075bc       0x10
 .ARM.exidx     0x004075bc        0x8 /usr/local/cs97/CodeSourcery/Sourcery_G++_Lite/bin/../lib/gcc/arm-none-eabi/4.3.2/libgcc.a(_divdi3.o)
 .ARM.exidx     0x004075c4        0x8 /usr/local/cs97/CodeSourcery/Sourcery_G++_Lite/bin/../lib/gcc/arm-none-eabi/4.3.2/libgcc.a(_udivdi3.o)

.rodata1
 *(.rodata1)

.eh_frame_hdr
 *(.eh_frame_hdr)

.eh_frame
 *(.eh_frame)

.gcc_except_table
 *(.gcc_except_table .gcc_except_table.*)
                0x004075cc                . = ALIGN (0x4)
                0x004075cc                . = (0x4 DATA_SEGMENT_ALIGN 0x4)

.eh_frame
 *(.eh_frame)

.gcc_except_table
 *(.gcc_except_table .gcc_except_table.*)

.tdata
 *(.tdata .tdata.* .gnu.linkonce.td.*)

.tbss
 *(.tbss .tbss.* .gnu.linkonce.tb.*)
 *(.tcommon)

.preinit_array  0x004075cc        0x0
                0x004075cc                PROVIDE (__preinit_array_start, .)
 *(.preinit_array)
                0x004075cc                PROVIDE (__preinit_array_end, .)

.init_array     0x004075cc        0x0
                0x004075cc                PROVIDE (__init_array_start, .)
 *(SORT(.init_array.*))
 *(.init_array)
                0x004075cc                PROVIDE (__init_array_end, .)

.fini_array     0x004075cc        0x0
                0x004075cc                PROVIDE (__fini_array_start, .)
 *(.fini_array)
 *(SORT(.fini_array.*))
                0x004075cc                PROVIDE (__fini_array_end, .)

.ctors
 *crtbegin.o(.ctors)
 *crtbegin?.o(.ctors)
 *(EXCLUDE_FILE(*crtend?.o *crtend.o) .ctors)
 *(SORT(.ctors.*))
 *(.ctors)

.dtors
 *crtbegin.o(.dtors)
 *crtbegin?.o(.dtors)
 *(EXCLUDE_FILE(*crtend?.o *crtend.o) .dtors)
 *(SORT(.dtors.*))
 *(.dtors)

.jcr
 *(.jcr)

.data.rel.ro
 *(.data.rel.ro.local* .gnu.linkonce.d.rel.ro.local.*)
 *(.data.rel.ro* .gnu.linkonce.d.rel.ro.*)

.dynamic
 *(.dynamic)
                0x004075cc                . = (. DATA_SEGMENT_RELRO_END 0x0)

.got
 *(.got.plt)
 *(.got)

.data           0x004075cc       0xc0
                0x004075cc                __data_start = .
 *(.data .data.* .gnu.linkonce.d.*)
 .data          0x004075cc       0x10 hello-world.co
                0x004075cc                hello_world_process
 .data          0x004075dc        0x8 obj_redbee-econotag/contiki-mc1322x-main.o
                0x004075dc                sensors
 .data          0x004075e4        0x0 obj_redbee-econotag/start.o
 .data          0x004075e4        0x0 obj_redbee-econotag/symbols.o
 .data          0x004075e4        0x0 contiki-redbee-econotag.a(rimeaddr.o)
 .data          0x004075e4        0x0 contiki-redbee-econotag.a(rime.o)
 .data          0x004075e4        0x0 contiki-redbee-econotag.a(rimestats.o)
 .data          0x004075e4        0x0 contiki-redbee-econotag.a(announcement.o)
 .data          0x004075e4        0x0 contiki-redbee-econotag.a(broadcast-annou)
 .data          0x004075e4        0x0 contiki-redbee-econotag.a(broadcast.o)
 .data          0x004075e4        0x0 contiki-redbee-econotag.a(abc.o)
 .data          0x004075e4        0x0 contiki-redbee-econotag.a(chameleon.o)
 .data          0x004075e4        0x0 contiki-redbee-econotag.a(channel.o)
 .data          0x004075e4        0x0 contiki-redbee-econotag.a(chameleon-bitop)
 .data          0x004075e4        0x0 contiki-redbee-econotag.a(sicslowmac.o)
 .data          0x004075e4        0xc contiki-redbee-econotag.a(csma.o)
 .data          0x004075f0        0x0 contiki-redbee-econotag.a(process.o)
 .data          0x004075f0        0x0 contiki-redbee-econotag.a(autostart.o)
 .data          0x004075f0        0x0 contiki-redbee-econotag.a(memb.o)
 .data          0x004075f0        0x0 contiki-redbee-econotag.a(list.o)
 .data          0x004075f0       0x10 contiki-redbee-econotag.a(etimer.o)
                0x004075f0                etimer_process
 .data          0x00407600       0x10 contiki-redbee-econotag.a(ctimer.o)
                0x00407600                ctimer_process
 .data          0x00407610        0x0 contiki-redbee-econotag.a(random.o)
 .data          0x00407610        0x0 contiki-redbee-econotag.a(packetbuf.o)
 .data          0x00407610       0x18 contiki-redbee-econotag.a(queuebuf.o)
 .data          0x00407628        0x0 contiki-redbee-econotag.a(clock.o)
 .data          0x00407628        0x0 contiki-redbee-econotag.a(button-sensor.o)
 .data          0x00407628       0x10 contiki-redbee-econotag.a(sensors.o)
                0x00407628                sensors_process
 .data          0x00407638        0x0 contiki-redbee-econotag.a(contiki-crm.o)
 .data          0x00407638       0x10 contiki-redbee-econotag.a(contiki-maca.o)
                0x00407638                contiki_maca_process
 .data          0x00407648        0x0 contiki-redbee-econotag.a(contiki-misc.o)
 .data          0x00407648        0x0 contiki-redbee-econotag.a(leds.o)
 .data          0x00407648        0x0 contiki-redbee-econotag.a(contiki-uart.o)
 .data          0x00407648        0x8 contiki-redbee-econotag.a(dbg-printf.o)
 .data          0x00407650        0x0 contiki-redbee-econotag.a(strformat.o)
 .data          0x00407650       0x18 contiki-redbee-econotag.a(maca.o)
                0x00407664                get_lqi
                0x00407651                ctov
                0x00407650                prm_mode
 .data          0x00407668       0x14 contiki-redbee-econotag.a(nvm.o)
                0x00407674                nvm_erase
                0x00407678                nvm_setsvar
                0x0040766c                nvm_read
                0x00407670                nvm_write
                0x00407668                nvm_detect
 .data          0x0040767c        0x0 contiki-redbee-econotag.a(uart1.o)
 .data          0x0040767c        0x0 contiki-redbee-econotag.a(default_lowleve)
 .data          0x0040767c       0x10 contiki-redbee-econotag.a(isr.o)
 .data          0x0040768c        0x0 contiki-redbee-econotag.a(frame802154.o)
 .data          0x0040768c        0x0 contiki-redbee-econotag.a(mac.o)
 .data          0x0040768c        0x0 contiki-redbee-econotag.a(timer.o)
 .data          0x0040768c        0x0 contiki-redbee-econotag.a(debug-uart.o)