Archive member included because of file (symbol)

contiki-redbee-econotag.a(rimeaddr.o)
                              obj_redbee-econotag/contiki-mc1322x-main.o (rimeaddr_copy)
contiki-redbee-econotag.a(nullmac.o)
                              obj_redbee-econotag/contiki-mc1322x-main.o (nullmac_driver)
contiki-redbee-econotag.a(nullrdc.o)
                              obj_redbee-econotag/contiki-mc1322x-main.o (nullrdc_driver)
contiki-redbee-econotag.a(mac.o)
                              contiki-redbee-econotag.a(nullrdc.o) (mac_call_sent_callback)
contiki-redbee-econotag.a(framer-802154.o)
                              contiki-redbee-econotag.a(nullrdc.o) (framer_802154)
contiki-redbee-econotag.a(rpl-dag.o)
                              unicast-receiver.co (rpl_get_dag)
contiki-redbee-econotag.a(rpl-icmp6.o)
                              contiki-redbee-econotag.a(rpl-dag.o) (dao_output)
contiki-redbee-econotag.a(rpl-timers.o)
                              contiki-redbee-econotag.a(rpl-dag.o) (rpl_schedule_dao)
contiki-redbee-econotag.a(rpl-of-etx.o)
                              contiki-redbee-econotag.a(rpl-dag.o) (rpl_of_etx)
contiki-redbee-econotag.a(process.o)
                              obj_redbee-econotag/contiki-mc1322x-main.o (process_init)
contiki-redbee-econotag.a(autostart.o)
                              obj_redbee-econotag/contiki-mc1322x-main.o (autostart_start)
contiki-redbee-econotag.a(memb.o)
                              contiki-redbee-econotag.a(rpl-dag.o) (memb_alloc)
contiki-redbee-econotag.a(list.o)
                              contiki-redbee-econotag.a(rpl-dag.o) (list_init)
contiki-redbee-econotag.a(etimer.o)
                              contiki-redbee-econotag.a(rpl-timers.o) (etimer_expired)
contiki-redbee-econotag.a(ctimer.o)
                              contiki-redbee-econotag.a(rpl-dag.o) (ctimer_stop)
contiki-redbee-econotag.a(stimer.o)
                              contiki-redbee-econotag.a(rpl-icmp6.o) (stimer_set)
contiki-redbee-econotag.a(random.o)
                              contiki-redbee-econotag.a(framer-802154.o) (random_rand)
contiki-redbee-econotag.a(uip-debug.o)
                              unicast-receiver.co (uip_debug_ipaddr_print)
contiki-redbee-econotag.a(packetbuf.o)
                              contiki-redbee-econotag.a(framer-802154.o) (packetbuf_hdrreduce)
contiki-redbee-econotag.a(queuebuf.o)
                              obj_redbee-econotag/contiki-mc1322x-main.o (queuebuf_init)
contiki-redbee-econotag.a(uip6.o)
                              contiki-redbee-econotag.a(rpl-icmp6.o) (uip_ext_len)
contiki-redbee-econotag.a(tcpip.o)
                              contiki-redbee-econotag.a(uip6.o) (tcpip_uipcall)
contiki-redbee-econotag.a(simple-udp.o)
                              unicast-receiver.co (simple_udp_register)
contiki-redbee-econotag.a(uip-icmp6.o)
                              contiki-redbee-econotag.a(rpl-icmp6.o) (uip_icmp6_send)
contiki-redbee-econotag.a(uip-nd6.o)
                              contiki-redbee-econotag.a(uip6.o) (uip_nd6_na_input)
contiki-redbee-econotag.a(sicslowpan.o)
                              obj_redbee-econotag/contiki-mc1322x-main.o (sicslowpan_driver)
contiki-redbee-econotag.a(neighbor-info.o)
                              contiki-redbee-econotag.a(sicslowpan.o) (neighbor_info_packet_received)
contiki-redbee-econotag.a(uip-ds6.o)
                              contiki-redbee-econotag.a(rpl-dag.o) (uip_ds6_defrt_rm)
contiki-redbee-econotag.a(servreg-hack.o)
                              unicast-receiver.co (servreg_hack_init)
contiki-redbee-econotag.a(clock.o)
                              obj_redbee-econotag/contiki-mc1322x-main.o (clock_init)
contiki-redbee-econotag.a(button-sensor.o)
                              obj_redbee-econotag/contiki-mc1322x-main.o (button_sensor)
contiki-redbee-econotag.a(sensors.o)
                              contiki-redbee-econotag.a(button-sensor.o) (sensors_changed)
contiki-redbee-econotag.a(watchdog.o)
                              contiki-redbee-econotag.a(sicslowpan.o) (watchdog_periodic)
contiki-redbee-econotag.a(contiki-crm.o)
                              obj_redbee-econotag/contiki-mc1322x-main.o (cal_ring_osc)
contiki-redbee-econotag.a(contiki-maca.o)
                              contiki-redbee-econotag.a(nullrdc.o) (contiki_maca_driver)
contiki-redbee-econotag.a(contiki-misc.o)
                              contiki-redbee-econotag.a(random.o) (srand)
contiki-redbee-econotag.a(leds.o)
                              obj_redbee-econotag/contiki-mc1322x-main.o (leds_init)
contiki-redbee-econotag.a(contiki-uart.o)
                              obj_redbee-econotag/contiki-mc1322x-main.o (uart1_input_handler)
contiki-redbee-econotag.a(dbg-printf.o)
                              unicast-receiver.co (printf)
contiki-redbee-econotag.a(strformat.o)
                              contiki-redbee-econotag.a(dbg-printf.o) (format_str_v)
contiki-redbee-econotag.a(maca.o)
[...]
Memory Configuration

Name             Origin             Length             Attributes
ram              0x00400000         0x00018000         xrw
*default*        0x00000000         0xffffffff

Linker script and memory map

LOAD unicast-receiver.co
LOAD obj_redbee-econotag/contiki-mc1322x-main.o
LOAD obj_redbee-econotag/start.o
LOAD obj_redbee-econotag/symbols.o
LOAD contiki-redbee-econotag.a
LOAD contiki-redbee-econotag.a
START GROUP
LOAD /usr/local/cs97/CodeSourcery/Sourcery_G++_Lite/bin/../lib/gcc/arm-none-eabi/4.3.2/libgcc.a
LOAD /usr/local/cs97/CodeSourcery/Sourcery_G++_Lite/bin/../lib/gcc/arm-none-eabi/4.3.2/../../../../arm-none-eabi/lib/libc.a
END GROUP
                0x00000400                SYS_STACK_SIZE = 0x400
                0x00000100                IRQ_STACK_SIZE = 0x100
                0x00000100                FIQ_STACK_SIZE = 0x100
                0x00000100                SVC_STACK_SIZE = 0x100
                0x00000010                ABT_STACK_SIZE = 0x10
                0x00000010                UND_STACK_SIZE = 0x10
                0x00001000                HEAP_SIZE = 0x1000
                0x00400000                PROVIDE (__executable_start, 0x400000)
                0x00400000                . = 0x400000

.text           0x00400000     0xcab8
 *(.start)
 .start         0x00400000      0x8b4 obj_redbee-econotag/start.o
                0x00400890                _bss_start
                0x00400894                _bss_end
                0x00400000                _start
 *(.irq)
 .irq           0x004008b4      0x1e8 contiki-redbee-econotag.a(isr.o)
                0x004008b4                irq
 *(.text .stub .text.* .gnu.linkonce.t.*)
 .text          0x00400a9c      0x138 unicast-receiver.co
 .text          0x00400bd4      0x464 obj_redbee-econotag/contiki-mc1322x-main.o
                0x00400c38                .real_start_ofuip_log
                0x00400c4c                set_rimeaddr
                0x00400da0                .real_start_ofmain
                0x00400d0c                init_lowlevel
                0x00400c0c                .real_start_ofoui_to_eui64
                0x00400c04                oui_to_eui64
                0x00400bdc                .real_start_ofiab_to_eui64
                0x00400d98                main
                0x00400c30                uip_log
                0x00400bd4                iab_to_eui64
                0x00400c54                .real_start_ofset_rimeaddr
                0x00400d14                .real_start_ofinit_lowlevel
 .text          0x00401038        0x0 obj_redbee-econotag/start.o
 .text          0x00401038        0x0 obj_redbee-econotag/symbols.o
 .text          0x00401038       0x64 contiki-redbee-econotag.a(rimeaddr.o)
                0x00401080                rimeaddr_set_node_addr
                0x0040105c                .real_start_ofrimeaddr_cmp
                0x00401088                .real_start_ofrimeaddr_set_node_addr
                0x00401038                rimeaddr_copy
                0x00401040                .real_start_ofrimeaddr_copy
                0x00401054                rimeaddr_cmp
 .text          0x0040109c       0x58 contiki-redbee-econotag.a(nullmac.o)
 .text          0x004010f4      0x188 contiki-redbee-econotag.a(nullrdc.o)
 .text          0x0040127c       0x24 contiki-redbee-econotag.a(mac.o)
                0x00401284                .real_start_ofmac_call_sent_callback
                0x0040127c                mac_call_sent_callback
 .text          0x004012a0      0x1dc contiki-redbee-econotag.a(framer-802154.o)
 .text          0x0040147c      0x8e8 contiki-redbee-econotag.a(rpl-dag.o)
                0x004018a8                .real_start_ofrpl_process_parent_event
                0x004015d8                rpl_remove_parent
                0x00401c74                .real_start_ofrpl_free_dag
                0x00401574                .real_start_ofrpl_repair_dag
                0x0040154c                rpl_find_of
                0x00401c24                rpl_recalculate_ranks
                0x0040173c                .real_start_ofrpl_alloc_dag
                0x004016e4                rpl_set_prefix
                0x004014fc                .real_start_ofrpl_get_dag
                0x0040156c                rpl_repair_dag
                0x00401c6c                rpl_free_dag
                0x00401734                rpl_alloc_dag
                0x004015a8                .real_start_ofrpl_find_parent
                0x00401cb0                rpl_set_root
                0x00401798                .real_start_ofrpl_set_default_route
                0x004018a0                rpl_process_parent_event
                0x004017e0                .real_start_ofrpl_select_parent
                0x00401c2c                .real_start_ofrpl_recalculate_ranks
                0x00401688                rpl_add_parent
                0x00401cb8                .real_start_ofrpl_set_root
                0x00401924                rpl_process_dio
                0x004014f4                rpl_get_dag
                0x004016ec                .real_start_ofrpl_set_prefix
                0x00401660                rpl_local_repair
                0x004015e0                .real_start_ofrpl_remove_parent
                0x004015a0                rpl_find_parent
                0x00401690                .real_start_ofrpl_add_parent
                0x00401554                .real_start_ofrpl_find_of
                0x004017d8                rpl_select_parent
                0x0040192c                .real_start_ofrpl_process_dio
                0x00401668                .real_start_ofrpl_local_repair
                0x00401790                rpl_set_default_route
 .text          0x00401d64      0x7cc contiki-redbee-econotag.a(rpl-icmp6.o)
                0x00401db4                dao_ack_output
                0x00402108                .real_start_ofuip_rpl_input
                0x004024dc                .real_start_ofdis_output
                0x00401f00                .real_start_ofdio_output
                0x00401ef8                dio_output
                0x00402100                uip_rpl_input
                0x00401df0                dao_output
                0x00401dbc                .real_start_ofdao_ack_output
                0x004024d4                dis_output
                0x00401df8                .real_start_ofdao_output
 .text          0x00402530      0x234 contiki-redbee-econotag.a(rpl-timers.o)
                0x00402620                .real_start_ofrpl_reset_periodic_timer
                0x00402538                .real_start_ofrpl_schedule_dao
                0x004025e4                .real_start_ofrpl_reset_dio_timer
                0x004025dc                rpl_reset_dio_timer
                0x00402618                rpl_reset_periodic_timer
                0x00402530                rpl_schedule_dao
 .text          0x00402764       0xec contiki-redbee-econotag.a(rpl-of-etx.o)
 .text          0x00402850      0x2fc contiki-redbee-econotag.a(process.o)
                0x00402a0c                .real_start_ofprocess_post_synch
                0x00402a2c                .real_start_ofprocess_start
                0x004028a4                process_post
                0x00402858                .real_start_ofprocess_alloc_event
                0x0040288c                process_nevents
                0x00402a24                process_start
                0x00402a04                process_post_synch
                0x00402a9c                .real_start_ofprocess_run
                0x00402b34                .real_start_ofprocess_exit
                0x004028f4                process_poll
                0x00402850                process_alloc_event
                0x00402b2c                process_exit
                0x00402894                .real_start_ofprocess_nevents
                0x00402920                process_is_running
                0x004028fc                .real_start_ofprocess_poll
                0x00402868                process_init
                0x004028ac                .real_start_ofprocess_post
                0x00402928                .real_start_ofprocess_is_running
                0x00402a94                process_run
                0x00402870                .real_start_ofprocess_init
 .text          0x00402b4c       0x40 contiki-redbee-econotag.a(autostart.o)
                0x00402b74                .real_start_ofautostart_start
                0x00402b54                .real_start_ofautostart_exit
                0x00402b4c                autostart_exit
                0x00402b6c                autostart_start
 .text          0x00402b8c       0xd8 contiki-redbee-econotag.a(memb.o)
                0x00402b94                .real_start_ofmemb_alloc
                0x00402c40                .real_start_ofmemb_init
                0x00402c0c                .real_start_ofmemb_inmemb
                0x00402b8c                memb_alloc
                0x00402bc4                memb_free
                0x00402c38                memb_init
                0x00402c04                memb_inmemb
                0x00402bcc                .real_start_ofmemb_free
 .text          0x00402c64      0x174 contiki-redbee-econotag.a(list.o)
                0x00402da8                .real_start_oflist_insert
                0x00402cec                .real_start_oflist_pop
                0x00402c80                list_copy
                0x00402d38                list_push
                0x00402ce4                list_pop
                0x00402d58                list_add
                0x00402d84                list_length
                0x00402c90                list_tail
                0x00402d60                .real_start_oflist_add
                0x00402c74                list_head
                0x00402da0                list_insert
                0x00402cb0                list_chop
                0x00402d08                .real_start_oflist_remove
                0x00402c88                .real_start_oflist_copy
                0x00402d8c                .real_start_oflist_length
                0x00402c6c                .real_start_oflist_init
                0x00402cb8                .real_start_oflist_chop
                0x00402dc4                list_item_next
                0x00402c98                .real_start_oflist_tail
                0x00402c64                list_init
                0x00402c7c                .real_start_oflist_head
                0x00402d40                .real_start_oflist_push
                0x00402dcc                .real_start_oflist_item_next
                0x00402d00                list_remove
 .text          0x00402dd8      0x268 contiki-redbee-econotag.a(etimer.o)
                0x00402de0                .real_start_ofetimer_expired
                0x00402e08                etimer_pending
                0x00403008                etimer_reset
                0x00402e10                .real_start_ofetimer_pending
                0x00402ed0                .real_start_ofetimer_adjust
                0x00403024                etimer_set
                0x00402ec8                etimer_adjust
                0x00403010                .real_start_ofetimer_reset
                0x00402fec                etimer_restart
                0x00402eec                .real_start_ofetimer_request_poll
                0x00402dfc                etimer_start_time
                0x0040302c                .real_start_ofetimer_set
                0x00402e20                etimer_next_expiration_time
                0x00402ee4                etimer_request_poll
                0x00402df0                .real_start_ofetimer_expiration_time
                0x00402de8                etimer_expiration_time
                0x00402e04                .real_start_ofetimer_start_time
                0x00402e84                etimer_stop
                0x00402ff4                .real_start_ofetimer_restart
                0x00402dd8                etimer_expired
                0x00402e8c                .real_start_ofetimer_stop
                0x00402e28                .real_start_ofetimer_next_expiration_time
 .text          0x00403040      0x214 contiki-redbee-econotag.a(ctimer.o)
                0x00403184                ctimer_set
                0x0040313c                ctimer_restart
                0x0040322c                .real_start_ofctimer_init
                0x004031dc                ctimer_reset
                0x00403224                ctimer_init
                0x00403144                .real_start_ofctimer_restart
                0x00403110                .real_start_ofctimer_stop
                0x0040318c                .real_start_ofctimer_set
                0x004030d4                .real_start_ofctimer_expired
                0x004030cc                ctimer_expired
                0x00403108                ctimer_stop
                0x004031e4                .real_start_ofctimer_reset
 .text          0x00403254       0xb0 contiki-redbee-econotag.a(stimer.o)
                0x004032f0                .real_start_ofstimer_set
                0x00403268                stimer_elapsed
                0x004032d8                .real_start_ofstimer_restart
                0x004032ac                .real_start_ofstimer_expired
                0x00403270                .real_start_ofstimer_elapsed
                0x00403284                stimer_remaining
                0x004032d0                stimer_restart
                0x0040328c                .real_start_ofstimer_remaining
                0x0040325c                .real_start_ofstimer_reset
                0x00403254                stimer_reset
                0x004032a4                stimer_expired
                0x004032e8                stimer_set
 .text          0x00403304       0x2c contiki-redbee-econotag.a(random.o)
                0x00403304                random_rand
                0x0040330c                .real_start_ofrandom_rand
                0x00403324                .real_start_ofrandom_init
                0x0040331c                random_init
 .text          0x00403330       0xa0 contiki-redbee-econotag.a(uip-debug.o)
                0x00403330                uip_debug_lladdr_print
                0x0040336c                .real_start_ofuip_debug_ipaddr_print
                0x00403338                .real_start_ofuip_debug_lladdr_print
                0x00403364                uip_debug_ipaddr_print
 .text          0x004033d0      0x394 contiki-redbee-econotag.a(packetbuf.o)
                0x004035a0                packetbuf_copyto
                0x0040347c                packetbuf_is_reference
                0x00403570                packetbuf_attr_copyto
                0x0040362c                .real_start_ofpacketbuf_compact
                0x004033d8                .real_start_ofpacketbuf_clear_hdr
                0x0040372c                packetbuf_copyfrom
                0x004033e4                packetbuf_hdr_remove
                0x00403448                .real_start_ofpacketbuf_dataptr
                0x00403484                .real_start_ofpacketbuf_is_reference
                0x0040342c                packetbuf_set_datalen
                0x00403510                .real_start_ofpacketbuf_hdralloc
                0x004034b4                packetbuf_datalen
                0x0040353c                packetbuf_attr_copyfrom
                0x004034a0                packetbuf_reference_ptr
                0x00403710                .real_start_ofpacketbuf_reference
                0x00403544                .real_start_ofpacketbuf_attr_copyfrom
                0x004033d0                packetbuf_clear_hdr
                0x004035f4                packetbuf_copyto_hdr
                0x004034bc                .real_start_ofpacketbuf_datalen
                0x004035a8                .real_start_ofpacketbuf_copyto
                0x004034e4                packetbuf_totlen
                0x004034ec                .real_start_ofpacketbuf_totlen
                0x00403404                .real_start_ofpacketbuf_hdrreduce
                0x00403708                packetbuf_reference
                0x00403508                packetbuf_hdralloc
                0x004036e0                .real_start_ofpacketbuf_clear
                0x004034c8                packetbuf_hdrlen
                0x00403460                packetbuf_hdrptr
                0x004033ec                .real_start_ofpacketbuf_hdr_remove
                0x004035fc                .real_start_ofpacketbuf_copyto_hdr
                0x00403468                .real_start_ofpacketbuf_hdrptr
                0x0040368c                .real_start_ofpacketbuf_attr_clear
                0x00403578                .real_start_ofpacketbuf_attr_copyto
                0x00403434                .real_start_ofpacketbuf_set_datalen
                0x004034a8                .real_start_ofpacketbuf_reference_ptr
                0x004033fc                packetbuf_hdrreduce
                0x00403440                packetbuf_dataptr
                0x00403624                packetbuf_compact
                0x004036d8                packetbuf_clear
                0x00403734                .real_start_ofpacketbuf_copyfrom
                0x00403684                packetbuf_attr_clear
                0x004034d0                .real_start_ofpacketbuf_hdrlen
 .text          0x00403764      0x1cc contiki-redbee-econotag.a(queuebuf.o)
                0x00403770                queuebuf_addr
                0x004037a4                queuebuf_dataptr
                0x00403764                queuebuf_datalen
                0x004037e4                .real_start_ofqueuebuf_to_packetbuf
                0x00403848                queuebuf_free
                0x0040390c                queuebuf_init
                0x00403798                queuebuf_debug_print
                0x00403784                queuebuf_attr
                0x004038a0                queuebuf_new_from_packetbuf
                0x00403884                queuebuf_update_attr_from_packetbuf
                0x0040376c                .real_start_ofqueuebuf_datalen
                0x004037a0                .real_start_ofqueuebuf_debug_print
                0x0040378c                .real_start_ofqueuebuf_attr
                0x004037dc                queuebuf_to_packetbuf
                0x00403850                .real_start_ofqueuebuf_free
                0x00403914                .real_start_ofqueuebuf_init
                0x004037ac                .real_start_ofqueuebuf_dataptr
                0x00403778                .real_start_ofqueuebuf_addr
                0x0040388c                .real_start_ofqueuebuf_update_attr_from_packetbuf
                0x004038a8                .real_start_ofqueuebuf_new_from_packetbuf
 .text          0x00403930     0x1718 contiki-redbee-econotag.a(uip6.o)
                0x004039ec                uip_unlisten
                0x00403930                uip_add32
                0x00403938                .real_start_ofuip_add32
                0x00403c74                .real_start_ofuip_icmp6chksum
                0x00403db0                uip_process
                0x00403ac0                .real_start_ofuip_connect
                0x00404f04                uip_udp_new
                0x00403ca4                uip_htonl
                0x00403a30                uip_listen
                0x00403cd4                .real_start_ofuip_send
                0x00404fd8                .real_start_ofuip_init
                0x00403c6c                uip_icmp6chksum
                0x004039f4                .real_start_ofuip_unlisten
                0x00403aa0                uip_htons
                0x00403c54                uip_tcpchksum
                0x00403ab8                uip_connect
                0x00403cac                .real_start_ofuip_htonl
                0x00403c5c                .real_start_ofuip_tcpchksum
                0x00403c44                .real_start_ofuip_udpchksum
                0x00403db8                .real_start_ofuip_process
                0x00403aa8                .real_start_ofuip_htons
                0x00403c84                uip_chksum
                0x00403a38                .real_start_ofuip_listen
                0x00404f0c                .real_start_ofuip_udp_new
                0x00403c8c                .real_start_ofuip_chksum
                0x00404fd0                uip_init
                0x00403c3c                uip_udpchksum
                0x00403ccc                uip_send
 .text          0x00405048      0x644 contiki-redbee-econotag.a(tcpip.o)
                0x00405080                tcp_attach
                0x00405604                .real_start_oftcp_listen
                0x004055b8                udp_broadcast_new
                0x00405098                udp_attach
                0x004051c8                .real_start_oftcpip_input
                0x0040512c                tcpip_uipcall
                0x00405218                .real_start_oftcpip_poll_udp
                0x00405048                tcpip_output
                0x00405074                .real_start_oftcpip_set_outputfunc
                0x00405050                .real_start_oftcpip_output
                0x004055fc                tcp_listen
                0x00405598                .real_start_ofudp_new
                0x004050b8                .real_start_oftcp_unlisten
                0x004051f0                tcpip_poll_tcp
                0x004051f8                .real_start_oftcpip_poll_tcp
                0x00405658                tcp_connect
                0x00405230                tcpip_ipv6_output
                0x004050b0                tcp_unlisten
                0x00405660                .real_start_oftcp_connect
                0x00405134                .real_start_oftcpip_uipcall
                0x004051c0                tcpip_input
                0x00405088                .real_start_oftcp_attach
                0x0040506c                tcpip_set_outputfunc
                0x00405238                .real_start_oftcpip_ipv6_output
                0x00405210                tcpip_poll_udp
                0x00405590                udp_new
                0x004050a0                .real_start_ofudp_attach
                0x004055c0                .real_start_ofudp_broadcast_new
 .text          0x0040568c      0x1bc contiki-redbee-econotag.a(simple-udp.o)
                0x0040580c                simple_udp_send
                0x0040574c                .real_start_ofsimple_udp_register
                0x00405744                simple_udp_register
                0x004057d8                .real_start_ofsimple_udp_sendto
                0x00405814                .real_start_ofsimple_udp_send
                0x004057d0                simple_udp_sendto
 .text          0x00405848      0x294 contiki-redbee-econotag.a(uip-icmp6.o)
                0x00405848                uip_icmp6_send
                0x004058e0                .real_start_ofuip_icmp6_echo_request_input
                0x00405850                .real_start_ofuip_icmp6_send
                0x0040599c                .real_start_ofuip_icmp6_error_output
                0x00405994                uip_icmp6_error_output
                0x004058d8                uip_icmp6_echo_request_input
 .text          0x00405adc      0x610 contiki-redbee-econotag.a(uip-nd6.o)
                0x00405e0c                .real_start_ofuip_nd6_ns_input
                0x00405d04                uip_nd6_ns_output
                0x00405d0c                .real_start_ofuip_nd6_ns_output
                0x00405adc                uip_nd6_na_input
                0x00405e04                uip_nd6_ns_input
                0x00405ae4                .real_start_ofuip_nd6_na_input
 .text          0x004060ec      0xe38 contiki-redbee-econotag.a(sicslowpan.o)
                0x004067ec                sicslowpan_init
                0x004067f4                .real_start_ofsicslowpan_init
 .text          0x00406f24      0x164 contiki-redbee-econotag.a(neighbor-info.o)
                0x00406f64                .real_start_ofneighbor_info_subscribe
                0x00406fc4                neighbor_info_packet_sent
                0x00406f5c                neighbor_info_subscribe
                0x00406f3c                .real_start_ofneighbor_info_get_metric
                0x00406fa0                .real_start_ofneighbor_info_packet_received
                0x00406fcc                .real_start_ofneighbor_info_packet_sent
                0x00406f98                neighbor_info_packet_received
                0x00406f34                neighbor_info_get_metric
 .text          0x00407088      0xd14 contiki-redbee-econotag.a(uip-ds6.o)
                0x004076ec                .real_start_ofuip_ds6_prefix_lookup
                0x0040748c                uip_ds6_route_add
                0x00407658                uip_ds6_maddr_add
                0x00407434                .real_start_ofuip_ds6_list_loop
                0x00407638                .real_start_ofuip_ds6_dad_failed
                0x00407150                uip_ds6_maddr_rm
                0x004077cc                uip_ds6_nbr_lookup
                0x00407814                .real_start_ofuip_ds6_defrt_choose
                0x004077d4                .real_start_ofuip_ds6_nbr_lookup
                0x00407494                .real_start_ofuip_ds6_route_add
                0x00407280                uip_ds6_compute_reachable_time
                0x004079c0                uip_ds6_nbr_rm
                0x004071e8                .real_start_ofuip_ds6_select_src
                0x0040732c                uip_ds6_route_rm_by_nexthop
                0x004074f8                uip_ds6_aaddr_lookup
                0x00407168                uip_ds6_aaddr_rm
                0x00407288                .real_start_ofuip_ds6_compute_reachable_time
                0x00407188                .real_start_ofuip_ds6_route_rm
                0x004072b8                uip_ds6_dad
                0x00407594                .real_start_ofuip_ds6_maddr_lookup
                0x00407958                .real_start_ofuip_ds6_defrt_add
                0x00407c94                .real_start_ofuip_ds6_init
                0x00407660                .real_start_ofuip_ds6_maddr_add
                0x00407308                uip_ds6_set_addr_iid
                0x004072c0                .real_start_ofuip_ds6_dad
                0x004070a0                uip_ds6_prefix_rm
                0x00407158                .real_start_ofuip_ds6_maddr_rm
                0x00407198                .real_start_ofget_match_length
                0x00407c8c                uip_ds6_init
                0x004079dc                uip_ds6_nbr_add
                0x00407180                uip_ds6_route_rm
                0x00407088                uip_ds6_defrt_rm
                0x004076b4                .real_start_ofuip_ds6_addr_lookup
                0x004075d4                .real_start_ofuip_ds6_addr_rm
                0x00407190                get_match_length
                0x00407538                uip_ds6_aaddr_add
                0x00407170                .real_start_ofuip_ds6_aaddr_rm
                0x00407874                uip_ds6_addr_add
                0x004070b8                uip_ds6_get_link_local
                0x0040710c                .real_start_ofuip_ds6_get_global
                0x00407798                .real_start_ofuip_ds6_defrt_lookup
                0x00407950                uip_ds6_defrt_add
                0x004070a8                .real_start_ofuip_ds6_prefix_rm
                0x00407720                uip_ds6_prefix_add
                0x0040742c                uip_ds6_list_loop
                0x00407334                .real_start_ofuip_ds6_route_rm_by_nexthop
                0x004075cc                uip_ds6_addr_rm
                0x0040758c                uip_ds6_maddr_lookup
                0x00407790                uip_ds6_defrt_lookup
                0x004079e4                .real_start_ofuip_ds6_nbr_add
                0x00407500                .real_start_ofuip_ds6_aaddr_lookup
                0x0040737c                uip_ds6_route_lookup
                0x00407630                uip_ds6_dad_failed
                0x004076e4                uip_ds6_prefix_lookup
                0x004070c0                .real_start_ofuip_ds6_get_link_local
                0x0040780c                uip_ds6_defrt_choose
                0x004073e0                uip_ds6_is_addr_onlink
                0x00407adc                uip_ds6_periodic
                0x004079c8                .real_start_ofuip_ds6_nbr_rm
                0x00407540                .real_start_ofuip_ds6_aaddr_add
                0x00407310                .real_start_ofuip_ds6_set_addr_iid
                0x00407384                .real_start_ofuip_ds6_route_lookup
                0x004073e8                .real_start_ofuip_ds6_is_addr_onlink
                0x004071e0                uip_ds6_select_src
                0x00407ae4                .real_start_ofuip_ds6_periodic
                0x004076ac                uip_ds6_addr_lookup
                0x00407090                .real_start_ofuip_ds6_defrt_rm
                0x0040787c                .real_start_ofuip_ds6_addr_add
                0x00407728                .real_start_ofuip_ds6_prefix_add
                0x00407104                uip_ds6_get_global
 .text          0x00407d9c      0x3e8 contiki-redbee-econotag.a(servreg-hack.o)
                0x004080b8                .real_start_ofservreg_hack_lookup
                0x004080b0                servreg_hack_lookup
                0x00407e3c                .real_start_ofservreg_hack_list_head
                0x00407da8                servreg_hack_item_address
                0x004080e4                servreg_hack_register
                0x004080ec                .real_start_ofservreg_hack_register
                0x00407e34                servreg_hack_list_head
                0x00407db0                .real_start_ofservreg_hack_item_address
                0x00408070                .real_start_ofservreg_hack_init
                0x00407d9c                servreg_hack_item_id
                0x00408068                servreg_hack_init
                0x00407da4                .real_start_ofservreg_hack_item_id
 .text          0x00408184      0x110 contiki-redbee-econotag.a(clock.o)
                0x00408204                .real_start_ofclock_delay
                0x00408220                .real_start_oftmr0_isr
                0x00408184                clock_init
                0x0040818c                .real_start_ofclock_init
                0x004081e8                clock_seconds
                0x004081dc                .real_start_ofclock_time
                0x004081fc                clock_delay
                0x00408218                tmr0_isr
                0x004081d4                clock_time
                0x004081f0                .real_start_ofclock_seconds
 .text          0x00408294       0xd0 contiki-redbee-econotag.a(button-sensor.o)
                0x00408324                kbi4_isr
                0x0040832c                .real_start_ofkbi4_isr
 .text          0x00408364      0x19c contiki-redbee-econotag.a(sensors.o)
                0x00408480                sensors_find
                0x0040838c                sensors_first
                0x00408488                .real_start_ofsensors_find
                0x004084d4                .real_start_ofsensors_changed
                0x00408394                .real_start_ofsensors_first
                0x004083a0                sensors_next
                0x004084cc                sensors_changed
                0x004083a8                .real_start_ofsensors_next
 .text          0x00408500       0x3c contiki-redbee-econotag.a(watchdog.o)
                0x00408514                .real_start_ofwatchdog_start
                0x00408508                .real_start_ofwatchdog_init
                0x00408518                watchdog_periodic
                0x0040850c                watchdog_start
                0x00408524                watchdog_stop
                0x00408538                .real_start_ofwatchdog_reboot
                0x00408520                .real_start_ofwatchdog_periodic
                0x00408530                watchdog_reboot
                0x0040852c                .real_start_ofwatchdog_stop
                0x00408500                watchdog_init
 .text          0x0040853c      0x164 contiki-redbee-econotag.a(contiki-crm.o)
                0x0040857c                cal_ring_osc
                0x0040863c                .real_start_ofenable_32khz_xtal
                0x0040853c                sleep
                0x00408584                .real_start_ofcal_ring_osc
                0x00408634                enable_32khz_xtal
                0x00408544                .real_start_ofsleep
 .text          0x004086a0      0x278 contiki-redbee-econotag.a(contiki-maca.o)
                0x004086c4                .real_start_ofcontiki_maca_channel_clear
                0x00408838                .real_start_ofcontiki_maca_read
                0x0040872c                .real_start_ofmaca_tx_callback
                0x00408724                maca_tx_callback
                0x00408830                contiki_maca_read
                0x004086f4                .real_start_ofcontiki_maca_on_request
                0x0040873c                maca_rx_callback
                0x004086c8                contiki_maca_receiving_packet
                0x004086ec                contiki_maca_on_request
                0x00408794                contiki_maca_transmit
                0x004086b8                .real_start_ofcontiki_maca_init
                0x0040879c                .real_start_ofcontiki_maca_transmit
                0x004087fc                .real_start_ofcontiki_maca_send
                0x00408708                contiki_maca_off_request
                0x00408760                .real_start_ofcontiki_maca_prepare
                0x00408744                .real_start_ofmaca_rx_callback
                0x004086b0                contiki_maca_init
                0x004086dc                .real_start_ofcontiki_maca_pending_packet
                0x004086bc                contiki_maca_channel_clear
                0x004087f4                contiki_maca_send
                0x004086d0                .real_start_ofcontiki_maca_receiving_packet
                0x004086d4                contiki_maca_pending_packet
                0x00408758                contiki_maca_prepare
                0x00408710                .real_start_ofcontiki_maca_off_request
 .text          0x00408918       0x74 contiki-redbee-econotag.a(contiki-misc.o)
                0x00408920                .real_start_ofraise
                0x0040894c                _sbrk
                0x00408938                rand
                0x00408924                srand
                0x0040892c                .real_start_ofsrand
                0x00408954                .real_start_of_sbrk
                0x00408940                .real_start_ofrand
                0x00408918                raise
 .text          0x0040898c      0x100 contiki-redbee-econotag.a(leds.o)
                0x004089c4                leds_toggle
                0x00408a3c                .real_start_ofleds_blink
                0x004089fc                leds_on
                0x004089d8                leds_off
                0x00408a20                leds_get
                0x004089a4                leds_invert
                0x004089ac                .real_start_ofleds_invert
                0x004089e0                .real_start_ofleds_off
                0x00408a34                leds_blink
                0x00408a28                .real_start_ofleds_get
                0x004089cc                .real_start_ofleds_toggle
                0x00408a74                .real_start_ofleds_init
                0x00408a04                .real_start_ofleds_on
                0x00408a6c                leds_init
 .text          0x00408a8c       0x14 contiki-redbee-econotag.a(contiki-uart.o)
                0x00408a94                .real_start_ofuart1_set_input
                0x00408a8c                uart1_set_input
 .text          0x00408aa0       0x44 contiki-redbee-econotag.a(dbg-printf.o)
                0x00408aa0                printf
                0x00408aa8                .real_start_ofprintf
 .text          0x00408ae4      0x7f8 contiki-redbee-econotag.a(strformat.o)
                0x004092b4                format_str
                0x004092bc                .real_start_offormat_str
                0x00408b90                format_str_v
                0x00408b98                .real_start_offormat_str_v
 .text          0x004092dc      0xfa8 contiki-redbee-econotag.a(maca.o)
                0x004092e4                .real_start_ofbad_packet_bounds
                0x004098f4                .real_start_ofmaca_off
                0x004095cc                .real_start_oftx_packet
                0x0040978c                .real_start_ofinsert_at_rx_head
                0x00409a14                set_channel
                0x00409c3c                .real_start_ofradio_init
                0x00409504                post_tx
                0x0040999c                set_power
                0x004092dc                bad_packet_bounds
                0x00409c34                radio_init
                0x004096c8                free_tx_head
                0x00409974                set_demodulator_type
                0x00409724                .real_start_ofadd_to_rx
                0x004096d0                .real_start_offree_tx_head
                0x004094b8                .real_start_ofrx_packet
                0x0040a1dc                Print_Packets
                0x00409920                .real_start_ofmaca_on
                0x004098b0                flyback_init
                0x004097f4                .real_start_ofinit_phy
                0x00409350                free_packet
                0x0040997c                .real_start_ofset_demodulator_type
                0x00409b70                .real_start_ofinit_from_flash
                0x004092e8                count_packets
                0x0040950c                .real_start_ofpost_tx
                0x00409958                .real_start_ofget_ctov
                0x00409658                .real_start_offree_all_packets
                0x00409f6c                decode_status
                0x004093b4                get_free_packet
                0x0040971c                add_to_rx
                0x00409408                post_receive
                0x004098ec                maca_off
                0x00409fa4                check_maca
                0x004098b8                .real_start_offlyback_init
                0x00409784                insert_at_rx_head
                0x00409358                .real_start_offree_packet
                0x00409b68                init_from_flash
                0x00409ae0                exec_init_entry
                0x00409a1c                .real_start_ofset_channel
                0x00409650                free_all_packets
                0x004092f0                .real_start_ofcount_packets
                0x00409e2c                .real_start_ofmaca_init
                0x00409ae8                .real_start_ofexec_init_entry
                0x00409918                maca_on
                0x004097ec                init_phy
                0x00409e24                maca_init
                0x00409e8c                ResumeMACASync
                0x00409950                get_ctov
                0x00409854                reset_maca
                0x004095c4                tx_packet
                0x004099a4                .real_start_ofset_power
                0x0040985c                .real_start_ofreset_maca
                0x0040a05c                .real_start_ofmaca_isr
                0x0040a054                maca_isr
                0x00409410                .real_start_ofpost_receive
                0x004094b0                rx_packet
                0x00409308                bound_check
                0x00409310                .real_start_ofbound_check
                0x00409fac                .real_start_ofcheck_maca
                0x0040a1e4                .real_start_ofPrint_Packets
                0x00409e94                .real_start_ofResumeMACASync
                0x00409f74                .real_start_ofdecode_status
                0x004093bc                .real_start_ofget_free_packet
 .text          0x0040a284        0x0 contiki-redbee-econotag.a(nvm.o)
 .text          0x0040a284      0x1a4 contiki-redbee-econotag.a(uart1.o)
                0x0040a33c                .real_start_ofuart1_putc
                0x0040a3d0                uart1_getc
                0x0040a3d8                .real_start_ofuart1_getc
                0x0040a284                uart1_isr
                0x0040a28c                .real_start_ofuart1_isr
                0x0040a334                uart1_putc
 .text          0x0040a428      0x1f8 contiki-redbee-econotag.a(default_lowleve)
                0x0040a474                uart1_init
                0x0040a430                .real_start_ofdefault_vreg_init
                0x0040a47c                .real_start_ofuart1_init
                0x0040a428                default_vreg_init
                0x0040a550                uart2_init
                0x0040a558                .real_start_ofuart2_init
 .text          0x0040a620       0x10 contiki-redbee-econotag.a(isr.o)
                0x0040a620                irq_register_timer_handler
 .text          0x0040a630      0x2fc contiki-redbee-econotag.a(frame802154.o)
                0x0040a7e8                frame802154_create
                0x0040a650                .real_start_offrame802154_parse
                0x0040a648                frame802154_parse
                0x0040a8f4                frame802154_hdrlen
                0x0040a8fc                .real_start_offrame802154_hdrlen
                0x0040a7f0                .real_start_offrame802154_create
 .text          0x0040a92c      0x1ec contiki-redbee-econotag.a(rpl.o)
                0x0040aae0                .real_start_ofrpl_purge_routes
                0x0040a9fc                .real_start_ofrpl_ipv6_neighbor_callback
                0x0040aaa8                rpl_remove_routes
                0x0040a9f4                rpl_ipv6_neighbor_callback
                0x0040aa48                rpl_add_route
                0x0040a92c                rpl_init
                0x0040a934                .real_start_ofrpl_init
                0x0040aa50                .real_start_ofrpl_add_route
                0x0040aab0                .real_start_ofrpl_remove_routes
                0x0040aad8                rpl_purge_routes
 .text          0x0040ab18       0x8c contiki-redbee-econotag.a(timer.o)
                0x0040ab78                .real_start_oftimer_restart
                0x0040ab4c                timer_expired
                0x0040ab2c                timer_remaining
                0x0040ab54                .real_start_oftimer_expired
                0x0040ab90                .real_start_oftimer_set
                0x0040ab20                .real_start_oftimer_reset
                0x0040ab88                timer_set
                0x0040ab70                timer_restart
                0x0040ab18                timer_reset
                0x0040ab34                .real_start_oftimer_remaining
 .text          0x0040aba4       0xb0 contiki-redbee-econotag.a(uip-udp-packet.)
                0x0040abf8                .real_start_ofuip_udp_packet_sendto
                0x0040abac                .real_start_ofuip_udp_packet_send
                0x0040aba4                uip_udp_packet_send
                0x0040abf0                uip_udp_packet_sendto
 .text          0x0040ac54      0x2f4 contiki-redbee-econotag.a(neighbor-attr.o)
                0x0040ae30                neighbor_attr_add_neighbor
                0x0040ac70                .real_start_ofneighbor_attr_set_timeout
                0x0040ac54                neighbor_attr_get_timeout
                0x0040aeb8                neighbor_attr_set_data
                0x0040acb4                .real_start_ofneighbor_attr_list_neighbors
                0x0040acac                neighbor_attr_list_neighbors
                0x0040af10                .real_start_ofneighbor_attr_register
                0x0040adec                neighbor_attr_has_neighbor
                0x0040ad74                .real_start_ofneighbor_attr_tick
                0x0040adf4                .real_start_ofneighbor_attr_has_neighbor
                0x0040aec0                .real_start_ofneighbor_attr_set_data
                0x0040ad6c                neighbor_attr_tick
                0x0040af08                neighbor_attr_register
                0x0040ae38                .real_start_ofneighbor_attr_add_neighbor
                0x0040ac68                neighbor_attr_set_timeout
                0x0040ac5c                .real_start_ofneighbor_attr_get_timeout
                0x0040adb8                .real_start_ofneighbor_attr_remove_neighbor
                0x0040ad88                neighbor_attr_get_data
                0x0040ad90                .real_start_ofneighbor_attr_get_data
                0x0040adb0                neighbor_attr_remove_neighbor
 .text          0x0040af48       0x30 contiki-redbee-econotag.a(debug-uart.o)
                0x0040af48                dbg_send_bytes
                0x0040af50                .real_start_ofdbg_send_bytes
 .text          0x0040af78       0xe4 contiki-redbee-econotag.a(leds-arch.o)
                0x0040af78                leds_arch_init
                0x0040afc4                leds_arch_get
                0x0040b00c                .real_start_ofleds_arch_set
                0x0040af80                .real_start_ofleds_arch_init
                0x0040afcc                .real_start_ofleds_arch_get
                0x0040b004                leds_arch_set
 .text          0x0040b05c      0x1a4 contiki-redbee-econotag.a(uart2.o)
                0x0040b05c                uart2_isr
                0x0040b064                .real_start_ofuart2_isr
                0x0040b114                .real_start_ofuart2_putc
                0x0040b1a8                uart2_getc
                0x0040b10c                uart2_putc
                0x0040b1b0                .real_start_ofuart2_getc
 .text          0x0040b200      0x114 /usr/local/cs97/CodeSourcery/Sourcery_G++_Lite/bin/../lib/gcc/arm-none-eabi/4.3.2/libgcc.a(_udivsi3.o)
                0x0040b200                __udivsi3
                0x0040b200                __aeabi_uidiv
                0x0040b2f4                __aeabi_uidivmod
 .text          0x0040b314      0x148 /usr/local/cs97/CodeSourcery/Sourcery_G++_Lite/bin/../lib/gcc/arm-none-eabi/4.3.2/libgcc.a(_divsi3.o)
                0x0040b314                __aeabi_idiv
                0x0040b314                __divsi3
                0x0040b43c                __aeabi_idivmod
 .text          0x0040b45c        0x4 /usr/local/cs97/CodeSourcery/Sourcery_G++_Lite/bin/../lib/gcc/arm-none-eabi/4.3.2/libgcc.a(_dvmd_tls.o)
                0x0040b45c                __aeabi_ldiv0
                0x0040b45c                __aeabi_idiv0
 .text          0x0040b460       0x3c /usr/local/cs97/CodeSourcery/Sourcery_G++_Lite/bin/../lib/gcc/arm-none-eabi/4.3.2/libgcc.a(_aeabi_uldivmod.o)
                0x0040b460                __aeabi_uldivmod
 .text          0x0040b49c       0x80 /usr/local/cs97/CodeSourcery/Sourcery_G++_Lite/bin/../lib/gcc/arm-none-eabi/4.3.2/libgcc.a(bpabi.o)
                0x0040b49c                __gnu_uldivmod_helper
                0x0040b4dc                __gnu_ldivmod_helper
 .text          0x0040b51c      0x56c /usr/local/cs97/CodeSourcery/Sourcery_G++_Lite/bin/../lib/gcc/arm-none-eabi/4.3.2/libgcc.a(_divdi3.o)
                0x0040b51c                __divdi3
 .text          0x0040ba88      0x4fc /usr/local/cs97/CodeSourcery/Sourcery_G++_Lite/bin/../lib/gcc/arm-none-eabi/4.3.2/libgcc.a(_udivdi3.o)
                0x0040ba88                __udivdi3
 .text          0x0040bf84        0x0 /usr/local/cs97/CodeSourcery/Sourcery_G++_Lite/bin/../lib/gcc/arm-none-eabi/4.3.2/libgcc.a(_clz.o)
 .text          0x0040bf84       0xac /usr/local/cs97/CodeSourcery/Sourcery_G++_Lite/bin/../lib/gcc/arm-none-eabi/4.3.2/../../../../arm-none-eabi/lib/libc.a(lib_a-memcmp.o)
                0x0040bf84                memcmp
 .text          0x0040c030       0xfc /usr/local/cs97/CodeSourcery/Sourcery_G++_Lite/bin/../lib/gcc/arm-none-eabi/4.3.2/../../../../arm-none-eabi/lib/libc.a(lib_a-memcpy.o)
                0x0040c030                memcpy
 .text          0x0040c12c      0x144 /usr/local/cs97/CodeSourcery/Sourcery_G++_Lite/bin/../lib/gcc/arm-none-eabi/4.3.2/../../../../arm-none-eabi/lib/libc.a(lib_a-memmove.o)
                0x0040c12c                memmove
 .text          0x0040c270       0xd0 /usr/local/cs97/CodeSourcery/Sourcery_G++_Lite/bin/../lib/gcc/arm-none-eabi/4.3.2/../../../../arm-none-eabi/lib/libc.a(lib_a-memset.o)
                0x0040c270                memset
 .text          0x0040c340       0x9c /usr/local/cs97/CodeSourcery/Sourcery_G++_Lite/bin/../lib/gcc/arm-none-eabi/4.3.2/../../../../arm-none-eabi/lib/libc.a(lib_a-strlen.o)
                0x0040c340                strlen
 .text          0x0040c3dc      0x144 /usr/local/cs97/CodeSourcery/Sourcery_G++_Lite/bin/../lib/gcc/arm-none-eabi/4.3.2/../../../../arm-none-eabi/lib/libc.a(lib_a-strncmp.o)
                0x0040c3dc                strncmp
 *(.gnu.warning)
 *(.glue_7t)
 .glue_7t       0x0040c520        0x0 unicast-receiver.co
 .glue_7t       0x0040c520        0x0 obj_redbee-econotag/contiki-mc1322x-main.o
 .glue_7t       0x0040c520        0x0 obj_redbee-econotag/start.o
 .glue_7t       0x0040c520        0x0 obj_redbee-econotag/symbols.o
 .glue_7t       0x0040c520        0x0 contiki-redbee-econotag.a(rimeaddr.o)
 .glue_7t       0x0040c520        0x0 contiki-redbee-econotag.a(nullmac.o)
 .glue_7t       0x0040c520        0x0 contiki-redbee-econotag.a(nullrdc.o)
 .glue_7t       0x0040c520        0x0 contiki-redbee-econotag.a(mac.o)
 .glue_7t       0x0040c520        0x0 contiki-redbee-econotag.a(framer-802154.o)
 .glue_7t       0x0040c520        0x0 contiki-redbee-econotag.a(rpl-dag.o)
 .glue_7t       0x0040c520        0x0 contiki-redbee-econotag.a(rpl-icmp6.o)
 .glue_7t       0x0040c520        0x0 contiki-redbee-econotag.a(rpl-timers.o)
 .glue_7t       0x0040c520        0x0 contiki-redbee-econotag.a(rpl-of-etx.o)
 .glue_7t       0x0040c520        0x0 contiki-redbee-econotag.a(process.o)
 .glue_7t       0x0040c520        0x0 contiki-redbee-econotag.a(autostart.o)
 .glue_7t       0x0040c520        0x0 contiki-redbee-econotag.a(memb.o)
 .glue_7t       0x0040c520        0x0 contiki-redbee-econotag.a(list.o)
 .glue_7t       0x0040c520        0x0 contiki-redbee-econotag.a(etimer.o)
 .glue_7t       0x0040c520        0x0 contiki-redbee-econotag.a(ctimer.o)
 .glue_7t       0x0040c520        0x0 contiki-redbee-econotag.a(stimer.o)
 .glue_7t       0x0040c520        0x0 contiki-redbee-econotag.a(random.o)
 .glue_7t       0x0040c520        0x0 contiki-redbee-econotag.a(uip-debug.o)
 .glue_7t       0x0040c520        0x0 contiki-redbee-econotag.a(packetbuf.o)
 .glue_7t       0x0040c520        0x0 contiki-redbee-econotag.a(queuebuf.o)
 .glue_7t       0x0040c520        0x0 contiki-redbee-econotag.a(uip6.o)
 .glue_7t       0x0040c520        0x0 contiki-redbee-econotag.a(tcpip.o)
 .glue_7t       0x0040c520        0x0 contiki-redbee-econotag.a(simple-udp.o)
 .glue_7t       0x0040c520        0x0 contiki-redbee-econotag.a(uip-icmp6.o)
 .glue_7t       0x0040c520        0x0 contiki-redbee-econotag.a(uip-nd6.o)
 .glue_7t       0x0040c520        0x0 contiki-redbee-econotag.a(sicslowpan.o)
 .glue_7t       0x0040c520        0x0 contiki-redbee-econotag.a(neighbor-info.o)
 .glue_7t       0x0040c520        0x0 contiki-redbee-econotag.a(uip-ds6.o)
 .glue_7t       0x0040c520        0x0 contiki-redbee-econotag.a(servreg-hack.o)
 .glue_7t       0x0040c520        0x0 contiki-redbee-econotag.a(clock.o)
 .glue_7t       0x0040c520        0x0 contiki-redbee-econotag.a(button-sensor.o)
 .glue_7t       0x0040c520        0x0 contiki-redbee-econotag.a(sensors.o)
 .glue_7t       0x0040c520        0x0 contiki-redbee-econotag.a(watchdog.o)
 .glue_7t       0x0040c520        0x0 contiki-redbee-econotag.a(contiki-crm.o)
 .glue_7t       0x0040c520        0x0 contiki-redbee-econotag.a(contiki-maca.o)
 .glue_7t       0x0040c520        0x0 contiki-redbee-econotag.a(contiki-misc.o)
 .glue_7t       0x0040c520        0x0 contiki-redbee-econotag.a(leds.o)
 .glue_7t       0x0040c520        0x0 contiki-redbee-econotag.a(contiki-uart.o)
 .glue_7t       0x0040c520        0x0 contiki-redbee-econotag.a(dbg-printf.o)
 .glue_7t       0x0040c520        0x0 contiki-redbee-econotag.a(strformat.o)
 .glue_7t       0x0040c520        0x0 contiki-redbee-econotag.a(maca.o)
 .glue_7t       0x0040c520        0x0 contiki-redbee-econotag.a(nvm.o)
 .glue_7t       0x0040c520        0x0 contiki-redbee-econotag.a(uart1.o)
 .glue_7t       0x0040c520        0x0 contiki-redbee-econotag.a(default_lowleve)
 .glue_7t       0x0040c520        0x0 contiki-redbee-econotag.a(isr.o)
 .glue_7t       0x0040c520        0x0 contiki-redbee-econotag.a(frame802154.o)
 .glue_7t       0x0040c520        0x0 contiki-redbee-econotag.a(rpl.o)
 .glue_7t       0x0040c520        0x0 contiki-redbee-econotag.a(timer.o)
 .glue_7t       0x0040c520        0x0 contiki-redbee-econotag.a(uip-udp-packet.)
 .glue_7t       0x0040c520        0x0 contiki-redbee-econotag.a(neighbor-attr.o)
 .glue_7t       0x0040c520        0x0 contiki-redbee-econotag.a(debug-uart.o)
 .glue_7t       0x0040c520        0x0 contiki-redbee-econotag.a(leds-arch.o)
 .glue_7t       0x0040c520        0x0 contiki-redbee-econotag.a(uart2.o)
 .glue_7t       0x0040c520        0x0 /usr/local/cs97/CodeSourcery/Sourcery_G++_Lite/bin/../lib/gcc/arm-none-eabi/4.3.2/libgcc.a(_udivsi3.o)
 .glue_7t       0x0040c520        0x0 /usr/local/cs97/CodeSourcery/Sourcery_G++_Lite/bin/../lib/gcc/arm-none-eabi/4.3.2/libgcc.a(_divsi3.o)
 .glue_7t       0x0040c520        0x0 /usr/local/cs97/CodeSourcery/Sourcery_G++_Lite/bin/../lib/gcc/arm-none-eabi/4.3.2/libgcc.a(_dvmd_tls.o)
 .glue_7t       0x0040c520        0x0 /usr/local/cs97/CodeSourcery/Sourcery_G++_Lite/bin/../lib/gcc/arm-none-eabi/4.3.2/libgcc.a(_aeabi_uldivmod.o)
 .glue_7t       0x0040c520        0x0 /usr/local/cs97/CodeSourcery/Sourcery_G++_Lite/bin/../lib/gcc/arm-none-eabi/4.3.2/libgcc.a(bpabi.o)
 .glue_7t       0x0040c520        0x0 /usr/local/cs97/CodeSourcery/Sourcery_G++_Lite/bin/../lib/gcc/arm-none-eabi/4.3.2/libgcc.a(_divdi3.o)
 .glue_7t       0x0040c520        0x0 /usr/local/cs97/CodeSourcery/Sourcery_G++_Lite/bin/../lib/gcc/arm-none-eabi/4.3.2/libgcc.a(_udivdi3.o)
 .glue_7t       0x0040c520        0x0 /usr/local/cs97/CodeSourcery/Sourcery_G++_Lite/bin/../lib/gcc/arm-none-eabi/4.3.2/libgcc.a(_clz.o)
 .glue_7t       0x0040c520        0x0 /usr/local/cs97/CodeSourcery/Sourcery_G++_Lite/bin/../lib/gcc/arm-none-eabi/4.3.2/../../../../arm-none-eabi/lib/libc.a(lib_a-memcmp.o)
 .glue_7t       0x0040c520        0x0 /usr/local/cs97/CodeSourcery/Sourcery_G++_Lite/bin/../lib/gcc/arm-none-eabi/4.3.2/../../../../arm-none-eabi/lib/libc.a(lib_a-memcpy.o)
 .glue_7t       0x0040c520        0x0 /usr/local/cs97/CodeSourcery/Sourcery_G++_Lite/bin/../lib/gcc/arm-none-eabi/4.3.2/../../../../arm-none-eabi/lib/libc.a(lib_a-memmove.o)
 .glue_7t       0x0040c520        0x0 /usr/local/cs97/CodeSourcery/Sourcery_G++_Lite/bin/../lib/gcc/arm-none-eabi/4.3.2/../../../../arm-none-eabi/lib/libc.a(lib_a-memset.o)
 .glue_7t       0x0040c520        0x0 /usr/local/cs97/CodeSourcery/Sourcery_G++_Lite/bin/../lib/gcc/arm-none-eabi/4.3.2/../../../../arm-none-eabi/lib/libc.a(lib_a-strlen.o)
 .glue_7t       0x0040c520      0x598 /usr/local/cs97/CodeSourcery/Sourcery_G++_Lite/bin/../lib/gcc/arm-none-eabi/4.3.2/../../../../arm-none-eabi/lib/libc.a(lib_a-strncmp.o)
                0x0040c5b4                __set_power_change_to_arm
                0x0040c594                __uart1_init_change_to_arm
                0x0040c820                __memb_inmemb_from_thumb
                0x0040c5e0                __ctimer_init_from_thumb
                0x0040c74c                __rpl_add_route_change_to_arm
                0x0040c550                __rpl_set_root_from_thumb
                0x0040c8c0                __uip_unlisten_from_thumb
                0x0040c9dc                __udp_broadcast_new_change_to_arm
                0x0040c7cc                __process_post_change_to_arm
                0x0040c9cc                __rpl_ipv6_neighbor_callback_change_to_arm
                0x0040ca20                __get_free_packet_from_thumb
                0x0040c9f0                __etimer_pending_from_thumb
                0x0040c620                __rimeaddr_cmp_from_thumb
                0x0040c8fc                __uip_process_change_to_arm
                0x0040c8c4                __uip_unlisten_change_to_arm
                0x0040c9d8                __udp_broadcast_new_from_thumb
                0x0040c7f0                __etimer_stop_from_thumb
                0x0040c61c                __process_run_change_to_arm
                0x0040c898                __uip_nd6_na_input_from_thumb
                0x0040c660                __memset_from_thumb
                0x0040c5dc                __process_start_change_to_arm
                0x0040c530                __servreg_hack_init_from_thumb
                0x0040c80c                __clock_seconds_change_to_arm
                0x0040c86c                __memb_init_change_to_arm
                0x0040c6b4                __uip_ds6_defrt_rm_change_to_arm
                0x0040c57c                __rimeaddr_copy_change_to_arm
                0x0040c6bc                __list_remove_change_to_arm
                0x0040c574                __simple_udp_register_change_to_arm
                0x0040c668                __random_rand_from_thumb
                0x0040ca4c                __leds_arch_get_change_to_arm
                0x0040c568                __servreg_hack_register_from_thumb
                0x0040c8f4                __rpl_init_change_to_arm
                0x0040c7bc                __process_poll_change_to_arm
                0x0040c8a8                __uip_icmp6_echo_request_input_from_thumb
                0x0040ca7c                __maca_rx_callback_change_to_arm
                0x0040c8bc                __uip_ds6_init_change_to_arm
                0x0040c9f4                __etimer_pending_change_to_arm
                0x0040ca2c                __tx_packet_change_to_arm
                0x0040c68c                ____aeabi_uidiv_change_to_arm
                0x0040ca28                __tx_packet_from_thumb
                0x0040c664                __memset_change_to_arm
                0x0040c694                __rpl_reset_dio_timer_change_to_arm
                0x0040caa8                __uip_ds6_route_rm_from_thumb
                0x0040c750                __rpl_find_parent_from_thumb
                0x0040c9b8                __neighbor_attr_has_neighbor_from_thumb
                0x0040c640                __packetbuf_datalen_from_thumb
                0x0040c558                __rpl_get_dag_from_thumb
                0x0040c7c8                __process_post_from_thumb
                0x0040c680                __frame802154_create_from_thumb
                0x0040c69c                __list_head_change_to_arm
                0x0040c778                __uip_ds6_get_link_local_from_thumb
                0x0040c7ec                __etimer_set_change_to_arm
                0x0040c644                __packetbuf_datalen_change_to_arm
                0x0040c900                __uip_ds6_periodic_from_thumb
                0x0040c8b4                __uip_ds6_select_src_change_to_arm
                0x0040c87c                __tcpip_uipcall_change_to_arm
                0x0040c638                __mac_call_sent_callback_from_thumb
                0x0040c678                __packetbuf_hdralloc_from_thumb
                0x0040c7a8                __process_exit_from_thumb
                0x0040c79c                __dis_output_change_to_arm
                0x0040c708                __rpl_remove_routes_from_thumb
                0x0040c598                __default_vreg_init_from_thumb
                0x0040c7f4                __etimer_stop_change_to_arm
                0x0040c8e4                __process_alloc_event_change_to_arm
                0x0040c878                __tcpip_uipcall_from_thumb
                0x0040c784                __dio_output_change_to_arm
                0x0040c834                __packetbuf_attr_copyfrom_change_to_arm
                0x0040ca14                __strlen_change_to_arm
                0x0040c6f4                __rpl_schedule_dao_change_to_arm
                0x0040ca04                __etimer_request_poll_change_to_arm
                0x0040c88c                __uip_ds6_is_addr_onlink_change_to_arm
                0x0040c5f8                ____aeabi_idiv_from_thumb
                0x0040c844                __packetbuf_attr_copyto_change_to_arm
                0x0040c9f8                __etimer_next_expiration_time_from_thumb
                0x0040c690                __rpl_reset_dio_timer_from_thumb
                0x0040c5e8                __memcpy_from_thumb
                0x0040c9b4                __neighbor_attr_add_neighbor_change_to_arm
                0x0040c92c                __uip_udp_packet_sendto_change_to_arm
                0x0040c894                __uip_nd6_ns_input_change_to_arm
                0x0040c7ac                __process_exit_change_to_arm
                0x0040c688                ____aeabi_uidiv_from_thumb
                0x0040c7c4                __timer_expired_change_to_arm
                0x0040c990                __queuebuf_free_from_thumb
                0x0040c714                __ctimer_stop_change_to_arm
                0x0040cab4                __uart1_putc_change_to_arm
                0x0040ca64                __format_str_v_change_to_arm
                0x0040c6d8                __list_init_from_thumb
                0x0040c818                __srand_from_thumb
                0x0040c540                __uip_ds6_addr_add_from_thumb
                0x0040c8d8                __uip_nd6_ns_output_from_thumb
                0x0040c7e4                __timer_set_change_to_arm
                0x0040c7d8                __timer_reset_from_thumb
                0x0040c658                __packetbuf_hdrreduce_from_thumb
                0x0040c848                __packetbuf_is_reference_from_thumb
                0x0040c588                __rimeaddr_set_node_addr_from_thumb
                0x0040ca1c                __strncmp_change_to_arm
                0x0040ca94                __neighbor_info_subscribe_change_to_arm
                0x0040c58c                __rimeaddr_set_node_addr_change_to_arm
                0x0040c9ec                __list_push_change_to_arm
                0x0040c8a0                __uip_rpl_input_from_thumb
                0x0040c7a4                __ctimer_reset_change_to_arm
                0x0040c6a8                __uip_ds6_defrt_lookup_from_thumb
                0x0040c8d0                __uip_ds6_defrt_choose_from_thumb
                0x0040c8e8                __uip_init_from_thumb
                0x0040c700                __list_item_next_from_thumb
                0x0040c988                __queuebuf_to_packetbuf_from_thumb
                0x0040c768                ____aeabi_uidivmod_from_thumb
                0x0040c8a4                __uip_rpl_input_change_to_arm
                0x0040c6a4                __uip_ds6_route_rm_by_nexthop_change_to_arm
                0x0040c734                __stimer_set_change_to_arm
                0x0040c5cc                __leds_init_change_to_arm
                0x0040c614                __uart1_getc_change_to_arm
                0x0040c854                __packetbuf_reference_ptr_change_to_arm
                0x0040c62c                __packetbuf_hdrptr_change_to_arm
                0x0040c9a4                __neighbor_attr_get_data_change_to_arm
                0x0040c6b0                __uip_ds6_defrt_rm_from_thumb
                0x0040c6e8                __dao_output_from_thumb
                0x0040c8f8                __uip_process_from_thumb
                0x0040c5f4                __queuebuf_init_change_to_arm
                0x0040c920                __udp_new_from_thumb
                0x0040c604                __autostart_start_change_to_arm
                0x0040c870                __uip_icmp6_error_output_from_thumb
                0x0040c608                __check_maca_from_thumb
                0x0040c794                __rpl_recalculate_ranks_change_to_arm
                0x0040c52c                __uip_debug_ipaddr_print_change_to_arm
                0x0040c5d4                __process_init_change_to_arm
                0x0040c944                __memmove_change_to_arm
                0x0040ca30                __rx_packet_from_thumb
                0x0040c868                __memb_init_from_thumb
                0x0040c9d4                __stimer_expired_change_to_arm
                0x0040c520                __printf_from_thumb
                0x0040c6e0                __uip_ds6_defrt_add_from_thumb
                0x0040c5b0                __set_power_from_thumb
                0x0040c924                __udp_new_change_to_arm
                0x0040c5f0                __queuebuf_init_from_thumb
                0x0040c6f0                __rpl_schedule_dao_from_thumb
                0x0040c880                __uip_ds6_maddr_lookup_from_thumb
                0x0040c528                __uip_debug_ipaddr_print_from_thumb
                0x0040c65c                __packetbuf_hdrreduce_change_to_arm
                0x0040c914                __uip_listen_change_to_arm
                0x0040c7b4                __clock_time_change_to_arm
                0x0040c8b8                __uip_ds6_init_from_thumb
                0x0040ca08                __sensors_changed_from_thumb
                0x0040c54c                __uip_ds6_addr_lookup_change_to_arm
                0x0040c64c                __packetbuf_dataptr_change_to_arm
                0x0040c94c                __uip_htonl_change_to_arm
                0x0040c5c8                __leds_init_from_thumb
                0x0040c9c4                __neighbor_attr_set_data_change_to_arm
                0x0040c984                __queuebuf_new_from_packetbuf_change_to_arm
                0x0040c6e4                __uip_ds6_defrt_add_change_to_arm
                0x0040c6ec                __dao_output_change_to_arm
                0x0040c744                __uip_ds6_route_lookup_change_to_arm
                0x0040c60c                __check_maca_change_to_arm
                0x0040c994                __queuebuf_free_change_to_arm
                0x0040c590                __uart1_init_from_thumb
                0x0040c7e0                __timer_set_from_thumb
                0x0040c928                __uip_udp_packet_sendto_from_thumb
                0x0040c95c                __neighbor_info_packet_received_change_to_arm
                0x0040c704                __list_item_next_change_to_arm
                0x0040c968                __tcpip_set_outputfunc_from_thumb
                0x0040c9e8                __list_push_from_thumb
                0x0040c884                __uip_ds6_maddr_lookup_change_to_arm
                0x0040ca24                __get_free_packet_change_to_arm
                0x0040c978                __packetbuf_set_datalen_from_thumb
                0x0040ca44                __leds_arch_set_change_to_arm
                0x0040ca88                __rpl_reset_periodic_timer_from_thumb
                0x0040c63c                __mac_call_sent_callback_change_to_arm
                0x0040c5bc                __cal_ring_osc_change_to_arm
                0x0040c8cc                __process_post_synch_change_to_arm
                0x0040c9a8                __neighbor_attr_register_from_thumb
                0x0040c5b8                __cal_ring_osc_from_thumb
                0x0040c75c                __etimer_expiration_time_change_to_arm
                0x0040c838                __packetbuf_clear_from_thumb
                0x0040c5a0                __maca_init_from_thumb
                0x0040ca68                __dbg_send_bytes_from_thumb
                0x0040c53c                __uip_ds6_set_addr_iid_change_to_arm
                0x0040c6b8                __list_remove_from_thumb
                0x0040c754                __rpl_find_parent_change_to_arm
                0x0040c7e8                __etimer_set_from_thumb
                0x0040c600                __autostart_start_from_thumb
                0x0040c66c                __random_rand_change_to_arm
                0x0040c934                __uip_icmp6chksum_change_to_arm
                0x0040c654                __frame802154_parse_change_to_arm
                0x0040c9fc                __etimer_next_expiration_time_change_to_arm
                0x0040c5e4                __ctimer_init_change_to_arm
                0x0040c564                __rpl_set_prefix_change_to_arm
                0x0040ca9c                __uip_ds6_maddr_add_change_to_arm
                0x0040ca00                __etimer_request_poll_from_thumb
                0x0040c850                __packetbuf_reference_ptr_from_thumb
                0x0040c824                __memb_inmemb_change_to_arm
                0x0040c940                __memmove_from_thumb
                0x0040c5c0                __clock_init_from_thumb
                0x0040c998                __neighbor_info_packet_sent_from_thumb
                0x0040c938                __tcpip_ipv6_output_from_thumb
                0x0040c8c8                __process_post_synch_from_thumb
                0x0040c7d4                __timer_restart_change_to_arm
                0x0040c5ac                __set_channel_change_to_arm
                0x0040c548                __uip_ds6_addr_lookup_from_thumb
                0x0040c81c                __srand_change_to_arm
                0x0040c5a4                __maca_init_change_to_arm
                0x0040c720                __uip_ds6_nbr_lookup_from_thumb
                0x0040c770                __ctimer_set_from_thumb
                0x0040ca50                __clock_delay_from_thumb
                0x0040ca38                __free_packet_from_thumb
                0x0040c7dc                __timer_reset_change_to_arm
                0x0040c874                __uip_icmp6_error_output_change_to_arm
                0x0040c560                __rpl_set_prefix_from_thumb
                0x0040c610                __uart1_getc_from_thumb
                0x0040c974                __watchdog_periodic_change_to_arm
                0x0040c84c                __packetbuf_is_reference_change_to_arm
                0x0040ca0c                __sensors_changed_change_to_arm
                0x0040c748                __rpl_add_route_from_thumb
                0x0040c59c                __default_vreg_init_change_to_arm
                0x0040c9b0                __neighbor_attr_add_neighbor_from_thumb
                0x0040c6cc                __memb_alloc_change_to_arm
                0x0040c5d8                __process_start_from_thumb
                0x0040c8ec                __uip_init_change_to_arm
                0x0040ca70                ____aeabi_uldivmod_from_thumb
                0x0040c738                __rpl_process_dio_from_thumb
                0x0040ca80                __maca_tx_callback_from_thumb
                0x0040c830                __packetbuf_attr_copyfrom_from_thumb
                0x0040c6d0                __list_add_from_thumb
                0x0040c8dc                __uip_nd6_ns_output_change_to_arm
                0x0040c888                __uip_ds6_is_addr_onlink_from_thumb
                0x0040c99c                __neighbor_info_packet_sent_change_to_arm
                0x0040c764                __etimer_expired_change_to_arm
                0x0040c790                __rpl_recalculate_ranks_from_thumb
                0x0040c9c8                __rpl_ipv6_neighbor_callback_from_thumb
                0x0040c91c                __uip_connect_change_to_arm
                0x0040c864                __packetbuf_copyto_change_to_arm
                0x0040c76c                ____aeabi_uidivmod_change_to_arm
                0x0040c8d4                __uip_ds6_defrt_choose_change_to_arm
                0x0040c740                __uip_ds6_route_lookup_from_thumb
                0x0040c780                __dio_output_from_thumb
                0x0040c56c                __servreg_hack_register_change_to_arm
                0x0040c6ac                __uip_ds6_defrt_lookup_change_to_arm
                0x0040c78c                __rpl_purge_routes_change_to_arm
                0x0040c980                __queuebuf_new_from_packetbuf_from_thumb
                0x0040ca48                __leds_arch_get_from_thumb
                0x0040c97c                __packetbuf_set_datalen_change_to_arm
                0x0040c83c                __packetbuf_clear_change_to_arm
                0x0040c948                __uip_htonl_from_thumb
                0x0040c544                __uip_ds6_addr_add_change_to_arm
                0x0040c96c                __tcpip_set_outputfunc_change_to_arm
                0x0040c918                __uip_connect_from_thumb
                0x0040c728                __uip_ds6_nbr_add_from_thumb
                0x0040c958                __neighbor_info_packet_received_from_thumb
                0x0040c9a0                __neighbor_attr_get_data_from_thumb
                0x0040c554                __rpl_set_root_change_to_arm
                0x0040ca60                __format_str_v_from_thumb
                0x0040c73c                __rpl_process_dio_change_to_arm
                0x0040c7b8                __process_poll_from_thumb
                0x0040c93c                __tcpip_ipv6_output_change_to_arm
                0x0040c954                __uip_ds6_dad_failed_change_to_arm
                0x0040caa0                __uip_ds6_route_add_from_thumb
                0x0040c9e4                __uip_udp_packet_send_change_to_arm
                0x0040c6c4                __memb_free_change_to_arm
                0x0040c524                __printf_change_to_arm
                0x0040c788                __rpl_purge_routes_from_thumb
                0x0040c9c0                __neighbor_attr_set_data_from_thumb
                0x0040c7a0                __ctimer_reset_from_thumb
                0x0040ca5c                __leds_arch_init_change_to_arm
                0x0040c6f8                __list_length_from_thumb
                0x0040c624                __rimeaddr_cmp_change_to_arm
                0x0040ca98                __uip_ds6_maddr_add_from_thumb
                0x0040c6d4                __list_add_change_to_arm
                0x0040c72c                __uip_ds6_nbr_add_change_to_arm
                0x0040c858                __packetbuf_copyto_hdr_from_thumb
                0x0040c758                __etimer_expiration_time_from_thumb
                0x0040c650                __frame802154_parse_from_thumb
                0x0040c6dc                __list_init_change_to_arm
                0x0040c9d0                __stimer_expired_from_thumb
                0x0040ca78                __maca_rx_callback_from_thumb
                0x0040c578                __rimeaddr_copy_from_thumb
                0x0040c964                __tcpip_input_change_to_arm
                0x0040ca34                __rx_packet_change_to_arm
                0x0040ca10                __strlen_from_thumb
                0x0040c6c8                __memb_alloc_from_thumb
                0x0040c8e0                __process_alloc_event_from_thumb
                0x0040c970                __watchdog_periodic_from_thumb
                0x0040c7b0                __clock_time_from_thumb
                0x0040c810                __rand_from_thumb
                0x0040c89c                __uip_nd6_na_input_change_to_arm
                0x0040c634                __packetbuf_totlen_change_to_arm
                0x0040c534                __servreg_hack_init_change_to_arm
                0x0040c618                __process_run_from_thumb
                0x0040c698                __list_head_from_thumb
                0x0040c580                __memcmp_from_thumb
                0x0040c5d0                __process_init_from_thumb
                0x0040c7d0                __timer_restart_from_thumb
                0x0040c628                __packetbuf_hdrptr_from_thumb
                0x0040c70c                __rpl_remove_routes_change_to_arm
                0x0040caa4                __uip_ds6_route_add_change_to_arm
                0x0040c5a8                __set_channel_from_thumb
                0x0040c584                __memcmp_change_to_arm
                0x0040c85c                __packetbuf_copyto_hdr_change_to_arm
                0x0040c828                __packetbuf_copyfrom_from_thumb
                0x0040c630                __packetbuf_totlen_from_thumb
                0x0040ca40                __leds_arch_set_from_thumb
                0x0040c840                __packetbuf_attr_copyto_from_thumb
                0x0040ca8c                __rpl_reset_periodic_timer_change_to_arm
                0x0040c930                __uip_icmp6chksum_from_thumb
                0x0040ca74                ____aeabi_uldivmod_change_to_arm
                0x0040c570                __simple_udp_register_from_thumb
                0x0040c670                __frame802154_hdrlen_from_thumb
                0x0040c674                __frame802154_hdrlen_change_to_arm
                0x0040c7c0                __timer_expired_from_thumb
                0x0040c82c                __packetbuf_copyfrom_change_to_arm
                0x0040c71c                __uip_icmp6_send_change_to_arm
                0x0040ca54                __clock_delay_change_to_arm
                0x0040ca58                __leds_arch_init_from_thumb
                0x0040c8f0                __rpl_init_from_thumb
                0x0040cab0                __uart1_putc_from_thumb
                0x0040c77c                __uip_ds6_get_link_local_change_to_arm
                0x0040c9bc                __neighbor_attr_has_neighbor_change_to_arm
                0x0040c724                __uip_ds6_nbr_lookup_change_to_arm
                0x0040c5ec                __memcpy_change_to_arm
                0x0040c860                __packetbuf_copyto_from_thumb
                0x0040c760                __etimer_expired_from_thumb
                0x0040c9ac                __neighbor_attr_register_change_to_arm
                0x0040c6c0                __memb_free_from_thumb
                0x0040c808                __clock_seconds_from_thumb
                0x0040c910                __uip_listen_from_thumb
                0x0040ca18                __strncmp_from_thumb
                0x0040ca84                __maca_tx_callback_change_to_arm
                0x0040c774                __ctimer_set_change_to_arm
                0x0040c67c                __packetbuf_hdralloc_change_to_arm
                0x0040c8b0                __uip_ds6_select_src_from_thumb
                0x0040c798                __dis_output_from_thumb
                0x0040c6a0                __uip_ds6_route_rm_by_nexthop_from_thumb
                0x0040c538                __uip_ds6_set_addr_iid_from_thumb
                0x0040c5fc                ____aeabi_idiv_change_to_arm
                0x0040c904                __uip_ds6_periodic_change_to_arm
                0x0040c710                __ctimer_stop_from_thumb
                0x0040ca3c                __free_packet_change_to_arm
                0x0040c9e0                __uip_udp_packet_send_from_thumb
                0x0040c98c                __queuebuf_to_packetbuf_change_to_arm
                0x0040c90c                __uip_udp_new_change_to_arm
                0x0040c804                __etimer_reset_change_to_arm
                0x0040c730                __stimer_set_from_thumb
                0x0040ca90                __neighbor_info_subscribe_from_thumb
                0x0040ca6c                __dbg_send_bytes_change_to_arm
                0x0040caac                __uip_ds6_route_rm_change_to_arm
                0x0040c890                __uip_nd6_ns_input_from_thumb
                0x0040c800                __etimer_reset_from_thumb
                0x0040c5c4                __clock_init_change_to_arm
                0x0040c7fc                __etimer_restart_change_to_arm
                0x0040c55c                __rpl_get_dag_change_to_arm
                0x0040c6fc                __list_length_change_to_arm
                0x0040c648                __packetbuf_dataptr_from_thumb
                0x0040c950                __uip_ds6_dad_failed_from_thumb
                0x0040c7f8                __etimer_restart_from_thumb
                0x0040c8ac                __uip_icmp6_echo_request_input_change_to_arm
                0x0040c960                __tcpip_input_from_thumb
                0x0040c814                __rand_change_to_arm
                0x0040c908                __uip_udp_new_from_thumb
                0x0040c718                __uip_icmp6_send_from_thumb
                0x0040c684                __frame802154_create_change_to_arm
 *(.glue_7)
 .glue_7        0x0040cab8        0x0 unicast-receiver.co
 .glue_7        0x0040cab8        0x0 obj_redbee-econotag/contiki-mc1322x-main.o
 .glue_7        0x0040cab8        0x0 obj_redbee-econotag/start.o
 .glue_7        0x0040cab8        0x0 obj_redbee-econotag/symbols.o
 .glue_7        0x0040cab8        0x0 contiki-redbee-econotag.a(rimeaddr.o)
 .glue_7        0x0040cab8        0x0 contiki-redbee-econotag.a(nullmac.o)
 .glue_7        0x0040cab8        0x0 contiki-redbee-econotag.a(nullrdc.o)
 .glue_7        0x0040cab8        0x0 contiki-redbee-econotag.a(mac.o)
 .glue_7        0x0040cab8        0x0 contiki-redbee-econotag.a(framer-802154.o)
 .glue_7        0x0040cab8        0x0 contiki-redbee-econotag.a(rpl-dag.o)
 .glue_7        0x0040cab8        0x0 contiki-redbee-econotag.a(rpl-icmp6.o)
 .glue_7        0x0040cab8        0x0 contiki-redbee-econotag.a(rpl-timers.o)
 .glue_7        0x0040cab8        0x0 contiki-redbee-econotag.a(rpl-of-etx.o)
 .glue_7        0x0040cab8        0x0 contiki-redbee-econotag.a(process.o)
 .glue_7        0x0040cab8        0x0 contiki-redbee-econotag.a(autostart.o)
 .glue_7        0x0040cab8        0x0 contiki-redbee-econotag.a(memb.o)
 .glue_7        0x0040cab8        0x0 contiki-redbee-econotag.a(list.o)
 .glue_7        0x0040cab8        0x0 contiki-redbee-econotag.a(etimer.o)
 .glue_7        0x0040cab8        0x0 contiki-redbee-econotag.a(ctimer.o)
 .glue_7        0x0040cab8        0x0 contiki-redbee-econotag.a(stimer.o)
 .glue_7        0x0040cab8        0x0 contiki-redbee-econotag.a(random.o)
 .glue_7        0x0040cab8        0x0 contiki-redbee-econotag.a(uip-debug.o)
 .glue_7        0x0040cab8        0x0 contiki-redbee-econotag.a(packetbuf.o)
 .glue_7        0x0040cab8        0x0 contiki-redbee-econotag.a(queuebuf.o)
 .glue_7        0x0040cab8        0x0 contiki-redbee-econotag.a(uip6.o)
 .glue_7        0x0040cab8        0x0 contiki-redbee-econotag.a(tcpip.o)
 .glue_7        0x0040cab8        0x0 contiki-redbee-econotag.a(simple-udp.o)
 .glue_7        0x0040cab8        0x0 contiki-redbee-econotag.a(uip-icmp6.o)
 .glue_7        0x0040cab8        0x0 contiki-redbee-econotag.a(uip-nd6.o)
 .glue_7        0x0040cab8        0x0 contiki-redbee-econotag.a(sicslowpan.o)
 .glue_7        0x0040cab8        0x0 contiki-redbee-econotag.a(neighbor-info.o)
 .glue_7        0x0040cab8        0x0 contiki-redbee-econotag.a(uip-ds6.o)
 .glue_7        0x0040cab8        0x0 contiki-redbee-econotag.a(servreg-hack.o)
 .glue_7        0x0040cab8        0x0 contiki-redbee-econotag.a(clock.o)
 .glue_7        0x0040cab8        0x0 contiki-redbee-econotag.a(button-sensor.o)
 .glue_7        0x0040cab8        0x0 contiki-redbee-econotag.a(sensors.o)
 .glue_7        0x0040cab8        0x0 contiki-redbee-econotag.a(watchdog.o)
 .glue_7        0x0040cab8        0x0 contiki-redbee-econotag.a(contiki-crm.o)
 .glue_7        0x0040cab8        0x0 contiki-redbee-econotag.a(contiki-maca.o)
 .glue_7        0x0040cab8        0x0 contiki-redbee-econotag.a(contiki-misc.o)
 .glue_7        0x0040cab8        0x0 contiki-redbee-econotag.a(leds.o)
 .glue_7        0x0040cab8        0x0 contiki-redbee-econotag.a(contiki-uart.o)
 .glue_7        0x0040cab8        0x0 contiki-redbee-econotag.a(dbg-printf.o)
 .glue_7        0x0040cab8        0x0 contiki-redbee-econotag.a(strformat.o)
 .glue_7        0x0040cab8        0x0 contiki-redbee-econotag.a(maca.o)
 .glue_7        0x0040cab8        0x0 contiki-redbee-econotag.a(nvm.o)
 .glue_7        0x0040cab8        0x0 contiki-redbee-econotag.a(uart1.o)
 .glue_7        0x0040cab8        0x0 contiki-redbee-econotag.a(default_lowleve)
 .glue_7        0x0040cab8        0x0 contiki-redbee-econotag.a(isr.o)
 .glue_7        0x0040cab8        0x0 contiki-redbee-econotag.a(frame802154.o)
 .glue_7        0x0040cab8        0x0 contiki-redbee-econotag.a(rpl.o)
 .glue_7        0x0040cab8        0x0 contiki-redbee-econotag.a(timer.o)
 .glue_7        0x0040cab8        0x0 contiki-redbee-econotag.a(uip-udp-packet.)
 .glue_7        0x0040cab8        0x0 contiki-redbee-econotag.a(neighbor-attr.o)
 .glue_7        0x0040cab8        0x0 contiki-redbee-econotag.a(debug-uart.o)
 .glue_7        0x0040cab8        0x0 contiki-redbee-econotag.a(leds-arch.o)
 .glue_7        0x0040cab8        0x0 contiki-redbee-econotag.a(uart2.o)
 .glue_7        0x0040cab8        0x0 /usr/local/cs97/CodeSourcery/Sourcery_G++_Lite/bin/../lib/gcc/arm-none-eabi/4.3.2/libgcc.a(_udivsi3.o)
 .glue_7        0x0040cab8        0x0 /usr/local/cs97/CodeSourcery/Sourcery_G++_Lite/bin/../lib/gcc/arm-none-eabi/4.3.2/libgcc.a(_divsi3.o)
 .glue_7        0x0040cab8        0x0 /usr/local/cs97/CodeSourcery/Sourcery_G++_Lite/bin/../lib/gcc/arm-none-eabi/4.3.2/libgcc.a(_dvmd_tls.o)
 .glue_7        0x0040cab8        0x0 /usr/local/cs97/CodeSourcery/Sourcery_G++_Lite/bin/../lib/gcc/arm-none-eabi/4.3.2/libgcc.a(_aeabi_uldivmod.o)
 .glue_7        0x0040cab8        0x0 /usr/local/cs97/CodeSourcery/Sourcery_G++_Lite/bin/../lib/gcc/arm-none-eabi/4.3.2/libgcc.a(bpabi.o)
 .glue_7        0x0040cab8        0x0 /usr/local/cs97/CodeSourcery/Sourcery_G++_Lite/bin/../lib/gcc/arm-none-eabi/4.3.2/libgcc.a(_divdi3.o)
 .glue_7        0x0040cab8        0x0 /usr/local/cs97/CodeSourcery/Sourcery_G++_Lite/bin/../lib/gcc/arm-none-eabi/4.3.2/libgcc.a(_udivdi3.o)
 .glue_7        0x0040cab8        0x0 /usr/local/cs97/CodeSourcery/Sourcery_G++_Lite/bin/../lib/gcc/arm-none-eabi/4.3.2/libgcc.a(_clz.o)
 .glue_7        0x0040cab8        0x0 /usr/local/cs97/CodeSourcery/Sourcery_G++_Lite/bin/../lib/gcc/arm-none-eabi/4.3.2/../../../../arm-none-eabi/lib/libc.a(lib_a-memcmp.o)
 .glue_7        0x0040cab8        0x0 /usr/local/cs97/CodeSourcery/Sourcery_G++_Lite/bin/../lib/gcc/arm-none-eabi/4.3.2/../../../../arm-none-eabi/lib/libc.a(lib_a-memcpy.o)
 .glue_7        0x0040cab8        0x0 /usr/local/cs97/CodeSourcery/Sourcery_G++_Lite/bin/../lib/gcc/arm-none-eabi/4.3.2/../../../../arm-none-eabi/lib/libc.a(lib_a-memmove.o)
 .glue_7        0x0040cab8        0x0 /usr/local/cs97/CodeSourcery/Sourcery_G++_Lite/bin/../lib/gcc/arm-none-eabi/4.3.2/../../../../arm-none-eabi/lib/libc.a(lib_a-memset.o)
 .glue_7        0x0040cab8        0x0 /usr/local/cs97/CodeSourcery/Sourcery_G++_Lite/bin/../lib/gcc/arm-none-eabi/4.3.2/../../../../arm-none-eabi/lib/libc.a(lib_a-strlen.o)
 .glue_7        0x0040cab8        0x0 /usr/local/cs97/CodeSourcery/Sourcery_G++_Lite/bin/../lib/gcc/arm-none-eabi/4.3.2/../../../../arm-none-eabi/lib/libc.a(lib_a-strncmp.o)
 *(.vfp11_veneer)
 .vfp11_veneer  0x0040cab8        0x0 unicast-receiver.co
 .vfp11_veneer  0x0040cab8        0x0 obj_redbee-econotag/contiki-mc1322x-main.o
 .vfp11_veneer  0x0040cab8        0x0 obj_redbee-econotag/start.o
 .vfp11_veneer  0x0040cab8        0x0 obj_redbee-econotag/symbols.o
 .vfp11_veneer  0x0040cab8        0x0 contiki-redbee-econotag.a(rimeaddr.o)
 .vfp11_veneer  0x0040cab8        0x0 contiki-redbee-econotag.a(nullmac.o)
 .vfp11_veneer  0x0040cab8        0x0 contiki-redbee-econotag.a(nullrdc.o)
 .vfp11_veneer  0x0040cab8        0x0 contiki-redbee-econotag.a(mac.o)
 .vfp11_veneer  0x0040cab8        0x0 contiki-redbee-econotag.a(framer-802154.o)
 .vfp11_veneer  0x0040cab8        0x0 contiki-redbee-econotag.a(rpl-dag.o)
 .vfp11_veneer  0x0040cab8        0x0 contiki-redbee-econotag.a(rpl-icmp6.o)
 .vfp11_veneer  0x0040cab8        0x0 contiki-redbee-econotag.a(rpl-timers.o)
 .vfp11_veneer  0x0040cab8        0x0 contiki-redbee-econotag.a(rpl-of-etx.o)
 .vfp11_veneer  0x0040cab8        0x0 contiki-redbee-econotag.a(process.o)
 .vfp11_veneer  0x0040cab8        0x0 contiki-redbee-econotag.a(autostart.o)
 .vfp11_veneer  0x0040cab8        0x0 contiki-redbee-econotag.a(memb.o)
 .vfp11_veneer  0x0040cab8        0x0 contiki-redbee-econotag.a(list.o)
 .vfp11_veneer  0x0040cab8        0x0 contiki-redbee-econotag.a(etimer.o)
 .vfp11_veneer  0x0040cab8        0x0 contiki-redbee-econotag.a(ctimer.o)
 .vfp11_veneer  0x0040cab8        0x0 contiki-redbee-econotag.a(stimer.o)
 .vfp11_veneer  0x0040cab8        0x0 contiki-redbee-econotag.a(random.o)
 .vfp11_veneer  0x0040cab8        0x0 contiki-redbee-econotag.a(uip-debug.o)
 .vfp11_veneer  0x0040cab8        0x0 contiki-redbee-econotag.a(packetbuf.o)
 .vfp11_veneer  0x0040cab8        0x0 contiki-redbee-econotag.a(queuebuf.o)
 .vfp11_veneer  0x0040cab8        0x0 contiki-redbee-econotag.a(uip6.o)
 .vfp11_veneer  0x0040cab8        0x0 contiki-redbee-econotag.a(tcpip.o)
 .vfp11_veneer  0x0040cab8        0x0 contiki-redbee-econotag.a(simple-udp.o)
 .vfp11_veneer  0x0040cab8        0x0 contiki-redbee-econotag.a(uip-icmp6.o)
 .vfp11_veneer  0x0040cab8        0x0 contiki-redbee-econotag.a(uip-nd6.o)
 .vfp11_veneer  0x0040cab8        0x0 contiki-redbee-econotag.a(sicslowpan.o)
 .vfp11_veneer  0x0040cab8        0x0 contiki-redbee-econotag.a(neighbor-info.o)
 .vfp11_veneer  0x0040cab8        0x0 contiki-redbee-econotag.a(uip-ds6.o)
 .vfp11_veneer  0x0040cab8        0x0 contiki-redbee-econotag.a(servreg-hack.o)
 .vfp11_veneer  0x0040cab8        0x0 contiki-redbee-econotag.a(clock.o)
 .vfp11_veneer  0x0040cab8        0x0 contiki-redbee-econotag.a(button-sensor.o)
 .vfp11_veneer  0x0040cab8        0x0 contiki-redbee-econotag.a(sensors.o)
 .vfp11_veneer  0x0040cab8        0x0 contiki-redbee-econotag.a(watchdog.o)
 .vfp11_veneer  0x0040cab8        0x0 contiki-redbee-econotag.a(contiki-crm.o)
 .vfp11_veneer  0x0040cab8        0x0 contiki-redbee-econotag.a(contiki-maca.o)
 .vfp11_veneer  0x0040cab8        0x0 contiki-redbee-econotag.a(contiki-misc.o)
 .vfp11_veneer  0x0040cab8        0x0 contiki-redbee-econotag.a(leds.o)
 .vfp11_veneer  0x0040cab8        0x0 contiki-redbee-econotag.a(contiki-uart.o)
 .vfp11_veneer  0x0040cab8        0x0 contiki-redbee-econotag.a(dbg-printf.o)
 .vfp11_veneer  0x0040cab8        0x0 contiki-redbee-econotag.a(strformat.o)
 .vfp11_veneer  0x0040cab8        0x0 contiki-redbee-econotag.a(maca.o)
 .vfp11_veneer  0x0040cab8        0x0 contiki-redbee-econotag.a(nvm.o)
 .vfp11_veneer  0x0040cab8        0x0 contiki-redbee-econotag.a(uart1.o)
 .vfp11_veneer  0x0040cab8        0x0 contiki-redbee-econotag.a(default_lowleve)
 .vfp11_veneer  0x0040cab8        0x0 contiki-redbee-econotag.a(isr.o)
 .vfp11_veneer  0x0040cab8        0x0 contiki-redbee-econotag.a(frame802154.o)
 .vfp11_veneer  0x0040cab8        0x0 contiki-redbee-econotag.a(rpl.o)
 .vfp11_veneer  0x0040cab8        0x0 contiki-redbee-econotag.a(timer.o)
 .vfp11_veneer  0x0040cab8        0x0 contiki-redbee-econotag.a(uip-udp-packet.)
 .vfp11_veneer  0x0040cab8        0x0 contiki-redbee-econotag.a(neighbor-attr.o)
 .vfp11_veneer  0x0040cab8        0x0 contiki-redbee-econotag.a(debug-uart.o)
 .vfp11_veneer  0x0040cab8        0x0 contiki-redbee-econotag.a(leds-arch.o)
 .vfp11_veneer  0x0040cab8        0x0 contiki-redbee-econotag.a(uart2.o)
 .vfp11_veneer  0x0040cab8        0x0 /usr/local/cs97/CodeSourcery/Sourcery_G++_Lite/bin/../lib/gcc/arm-none-eabi/4.3.2/libgcc.a(_udivsi3.o)
 .vfp11_veneer  0x0040cab8        0x0 /usr/local/cs97/CodeSourcery/Sourcery_G++_Lite/bin/../lib/gcc/arm-none-eabi/4.3.2/libgcc.a(_divsi3.o)
 .vfp11_veneer  0x0040cab8        0x0 /usr/local/cs97/CodeSourcery/Sourcery_G++_Lite/bin/../lib/gcc/arm-none-eabi/4.3.2/libgcc.a(_dvmd_tls.o)
 .vfp11_veneer  0x0040cab8        0x0 /usr/local/cs97/CodeSourcery/Sourcery_G++_Lite/bin/../lib/gcc/arm-none-eabi/4.3.2/libgcc.a(_aeabi_uldivmod.o)
 .vfp11_veneer  0x0040cab8        0x0 /usr/local/cs97/CodeSourcery/Sourcery_G++_Lite/bin/../lib/gcc/arm-none-eabi/4.3.2/libgcc.a(bpabi.o)
 .vfp11_veneer  0x0040cab8        0x0 /usr/local/cs97/CodeSourcery/Sourcery_G++_Lite/bin/../lib/gcc/arm-none-eabi/4.3.2/libgcc.a(_divdi3.o)
 .vfp11_veneer  0x0040cab8        0x0 /usr/local/cs97/CodeSourcery/Sourcery_G++_Lite/bin/../lib/gcc/arm-none-eabi/4.3.2/libgcc.a(_udivdi3.o)
 .vfp11_veneer  0x0040cab8        0x0 /usr/local/cs97/CodeSourcery/Sourcery_G++_Lite/bin/../lib/gcc/arm-none-eabi/4.3.2/libgcc.a(_clz.o)
 .vfp11_veneer  0x0040cab8        0x0 /usr/local/cs97/CodeSourcery/Sourcery_G++_Lite/bin/../lib/gcc/arm-none-eabi/4.3.2/../../../../arm-none-eabi/lib/libc.a(lib_a-memcmp.o)